>sq1;size=9225;
CTCGTGTCGTGAGATGTTGGGTTAAGTCCCGCAACGAGCGCAACCCTTATCTTCAGTTGCCAGCACGTAGAGGTGGGAACTCTGGAGAGACTGCCGATGACAAATCGGAGGAAGGTGGGGATGACGTCAAATCATCATGCCCTTTATGTCTTGGGCTACACACGTGCTACAATGGTTGGTACAACGAGAAGCGAGATAGAGATGTTAAGCGAAACTCTAAAAACCAATCTCAGTTCGGATTGTAGGCTGCAACTCGCCTACATGAAGTCGGAGTTGCTAGTAATCGCGAATCAGAATGTCGCGGTGAATG
>sq2;size=8271;
CTCGTGTCGTGAGATGTTGGGTTAAGTCCCGCAACGAGCGCAACCCCTTTCGTATGTTACCATCATTAAGTTGGGGACTCATGCGATACTGCCTACGATGAGTAGGAGGAAGGTGGGGATGACGTCAAGTCATCATGCCCCTTATACGCTGGGCTACACACGTGCTACAATGGGTAGAACAGAGAGTTGCAAAGCTGTGAAGTGGAGCTAATCTCAGAAAACTATTCTTAGTTCGGATTGTACTCTGCAACTCGAGTACATGAAGTTGGAATCGCTAGTAATCGCGAATCAGCAATGTCGCGGTGAATA
>sq3;size=8102;
CTCGTGTCGTGAGATGTTGGGTTAAGTCCCGCAACGAGCGCAACCCTTGTTCACTGTTGCCAGCACGTTATGGTGGGGACTCAGTGGAGACCGCCGGGGTCAACTCGGAGGAAGGTGGGGATGACGTCAAGTCATCATGCCCCTTATGTCCAGGGCTTCACGCATGCTACAATGGCTGGTACAGAGAGTGGCGAGCCTGTGAGGGTGAGCGAATCTCGGAAAGCCGGTCTCAGTTCGGATTGGGGTCTGCAACTCGACCTCATGAAGTCGGAGTCGCTAGTAATCGCAGATCAGCAACGCTGCGGTGAATA
>sq4;size=7038;
CTCGTGTCGTGAGATGTTGGGTTAAGTCCCGCAACGAGCGCAACCCCTATTGTTAGTTGCCATCATTCAGTTGGGCACTCTAGCGAGACTGCCGGTAATAAACCGGAGGAAGGTGGGGATGACGTCAAATCATCATGCCCCTTATGACCTGGGCTACACACGTGCTACAATGGTTGGTACAACGAGTTGCGAGTCGGTGACGGCAAGCTAATCTCTTAAAGCCAATCTCAGTTCGGATTGTAGGCTGCAACTCGCCTACATGAAGTCGGAATCGCTAGTAATCGCGGATCAGCACGCTGCGGTGAATA
>sq5;size=5254;
CTCGTGTCGTGAGATGTTGGGTTAAGTCCCGCAACGAGCGCAACCCTTATTGTTAGTTGCCATCATTCAGTTGGGCACTCTAGCGAGACTGCCGGTAATAAACCGGAGGAAGGTGGGGATGACGTCAAATCATCATGCCCCTTATGACCTGGGCTACACACGTGCTACAATGGCTGGTACAACGAGTCGCAAGCCGGTGACGGCAAGCTAATCTCTGAAAGCCAGTCTCAGTTCGGATTGTAGGCTGCAACTCGCCTACATGAAGTCGGAATCGCTAGTAATCGCGGATCAGCACGCCGCGGTGAATA
>sq6;size=4765;
CTCGTGTCGTGAGATGTTGGGTTAAGTCCCGCAACGAGCGCAACCCTTATATCTAGTTGCCAGCAGTAAGATGGGGACTCTAGATAGACTGCCAGTGATAAACTGGAGGAAGGTGGGGATGACGTCAAATCATCATGCCCCTTATGACTTGGGCTACACACGTGCTACAATGGATAGGAACAAAGAGAAGCGAGCTCGCGAGAGTAAGCAAACCTCACAAAACTATTCTCAGTTCGGATTGTAGTCTGCAACTCGACTACATGAAGCTGGAATCGCTAGTAATCGCGAATCAGAATGTCGCGGTGAATA
>sq7;size=4474;
CTCGTGTCGTGAGATGTTGGGTTAAGTCCCGCAACGAGCGCAACCCTTGCCCTATGTTGCCAGCACGTGATGGTGGGGACTCGTGGGGGACTGCCGGGGTTAACTCGGAGGAAGGTGGGGATGACGTCAAATCATCATGCCCCTTATGTCTTGGGCTTCACGCATGCTACAATGGTTGGTACAGAGGGTTGCGATATCGTGAGGTGGAGCGAATCCCTTAAAGCCAGTCTCAGTTCGGATTGGGGTCTGCAACTCGACCCCATGAAGGTGGAGTCGCTAGTAATCGCAGATCAGCAACGCTGCGGTGAATA
>sq8;size=3840;
CTCGTGTCGTGAGATGTTGGGTTAAGTCCCGCAACGAGCGCAACCCTTATATCTAGTTGCCAGCAGTAAGATGGGGACTCTAGATAGACTGCCAGTGATAAACTGGAGGAAGGTGGGGATGACGTCAAATCATCATGCCCCTTATGACTTGGGCTACACACGTGCTACAATGGATAGGAACAAAGAGAAGCGAGCTCGCGAGAGTCAGCCAACCTCATAAAACTATTCTCAGTTCGGATTGTAGTCTGCAACTCGACTACATGAAGCTGGAATCGCTAGTAATCGCGAATCAGAATGTCGCGGTGAATA
>sq9;size=3376;
CTCGTGTCGTGAGATGTTGGGTTAAGTCCCGCAACGAGCGCAACCCCTATTGTTAGTTGCCATCATTCAGTTGGGCACTCTAGCGAGACTGCCGGTAATAAACCGGAGGAAGGTGGGGATGACGTCAAATCATCATGCCCCTTATGACCTGGGCTACACACGTGCTACAATGGCTGGTACAACGAGTCGCAAGCCGGTGACGGCAAGCTAATCTCTTAAAGCCAGTCTCAGTTCGGATTGTAGGCTGCAACTCGCCTACATGAAGTCGGAATCGCTAGTAATCGCGGATCAGCACGCCGCGGTGAATA
>sq10;size=3141;
CTCGTGTCGTGAGATGTTGGGTTAAGTCCCGCAACGAGCGCAACCCCTATTGTTAGTTGCCATCATTGAGTTGGGCACTCTAGCGAGACTGCCGGTAATAAACCGGAGGAAGGTGGGGATGACGTCAAATCATCATGCCCCTTATGACCTGGGCTACACACGTGCTACAATGGCTGGTACAACGAGTCGCGAGTCGGTGACGGCAAGCTAATCTCTTAAAGCCAGTCTCAGTTCGGATTGTAGGCTGCAACTCGCCTACATGAAGTCGGAATCGCTAGTAATCGCGGATCAGCACGCCGCGGTGAATA
>sq11;size=2946;
CTCGTGTCGTGAGATGTTGGGTTAAGTCCCGCAACGAGCGCAACCCTTGTCATTAGTTGCCATCATTAAGTTGGGCACTCTAGTGAGACTGCCGGGGACAACTCGGAGGAAGGTGGGGATGACGTCAAATCATCATGCCCCTTATGTTCTGGGCTACACACGTGCTACAATGGCTGGTACAAAGAGAAGCAAGACCGCAAGGTGGAGCAAAGCTCAAAAACCAGCCCCAGTTCGGATTGTAGGCTGAAACTCGCCTACATGAAGTCGGAGTTGCTAGTAATCGCAGATCAGAATGCTGCGGTGAATG
>sq12;size=2296;
CTCGTGTCGTGAGATGTTGGGTTAAGTCCCGCAACGAGCGCAACCCTTGTTCACTGTTGCCAGCACGTTATGGTGGGGACTCAGTGGAGACTGCCGGGGTCAACTCGGAGGAAGGTGGGGATGACGTCAAGTCATCATGCCCCTTATGTCCAGGGCTTCACGCATGCTACAATGGCTGGTACAAAGAGTTGCGAGCCTGTGAGGGTGAGCGAATCTCGGAAAGCCGGTCTCAGTTCGGATTGGGGTCTGCAACTCGACCTCATGAAGTCGGAGTCGCTAGTAATCGCAGATCAGCAACGCTGCGGTGAATA
>sq13;size=2265;
CTCGTGTCGTGAGATGTTGGGTTAAGTCCCGCAACGAGCGCAACCCTTGCCCTATGTTGCCAGCACGTGATGGTGGGGACTCGTGGGGGACTGCCGGGGTTAACTCGGAGGAAGGTGGGGATGACGTCAAATCATCATGCCCCTTATGTCTTGGGCTTCACGCATGCTACAATGGTTGGTACAGAGGGTTGCGATACTGTGAGGTGGAGCGAATCCCTTAAAGCCAGTCTCAGTTCGGATTGGGGTCTGCAACTCGACCCCATGAAGGTGGAGTCGCTAGTAATCGCAGATCAGCAACGCTGCGGTGAATA
>sq14;size=2005;
CTCGTGTCGTGAGATGTTGGGTTAAGTCCCGCAACGAGCGCAACCCTTGTCGCTAGTTACTAACATTCAGTTGAGGACTCTAGCGAGACTGCCGAGGTCAACTCGGAGGAAGGTGGGGATGACGTCAAATCATCATGCCCCTTATGTTCTGGGCTACACACGTGCTACAATGGTCGGTACAATGAGAGGCAATACTGTGAAGTGGAGCAAATCACCAAAACCGATCCCAGTTCGGATTGTAGGCTGCAACTCGCCTACATGAAGTTGGAGTTGCTAGTAATCGCAGATCAGAATGCTGCGGTGAATG
>sq15;size=1856;
CTCGTGTCGTGAGATGTTGGGTTAAGTCCCGCAACGAGCGCAACCCTTGTTCACTGTTGCCAGCACGTTATGGTGGGGACTCAGTGGAGACCGCCGGGGTCAACTCGGAGGAAGGTGGGGATGACGTCAAGTCATCATGCCCCTTATGTCCAGGGCTTCACGCATGCTACAATGGCTGGTACAGAGAGTGGCGAGCCTGTAAGGGTGAGCGAATCTCGGAAAGCCGGTCTCAGTTCGGATTGGGGTCTGCAACTCGACCTCATGAAGTCGGAGTCGCTAGTAATCGCAGATCAGCAACGCTGCGGTGAATA
>sq16;size=1851;
CTCGTGTCGTGAGATGTTGGGTTAAGTCCCGCAACGAGCGCAACCCCTATTGTTAGTTGCCATCATTCAGTTGGGCACTCTAGCGAGACTGCCGGTAATAAACCGGAGGAAGGTGGGGATGACGTCAAATCATCATGCCCCTTATGACCTGGGCTACACACGTGCTACAATGGTTGGTACAACGAGTTGCGAGTCGGTGACGGCAAGCTAATCTCTTAAAGCCAATCTCAGTTCGGATTGTAGGCTGCAACTCGCCTACATGAAGTCGGAATCGCTAGTAATCGCGGATCAGCACGCCGCGGTGAATA
>sq17;size=1797;
CTCGTGTCGTGAGATGTTGGGTTAAGTCCCGCAACGAGCGCAACCCCTATCTTATGTTGCCAGCACTTCGGGTGGGAACTCATGAGAGACTGCCGCAGACAATGCGGAGGAAGGCGGGGATGACGTCAAATCATCATGCCCCTTATGACCTGGGCTACACACGTACTACAATGGGAGTTAATAGACGGAAGCGAAACCGCGAGGTGGAGCAAACCCGAGAAACACTCTCTCAGTTCGGATCGTAGGCTGCAACTCGCCTACGTGAAGTCGGAATCGCTAGTAATCGCAGGTCAGCATACTGCGGTGAATA
>sq18;size=1723;
CTCGTGTCGTGAGATGTTGGGTTAAGTCCCGCAACGAGCGCAACCCCTATGTCTAGTTGCCAGCAGTAAGATGGGGACTCTAGACAGACTGCCAGTGATAAACTGGAGGAAGGCGGGGATGACGTCAAATCATCATGCCCCTTATGACTTGGGCTACACACGTGCTACAATGGATAGGAACAAAGAGAAGCTAACTCGCGAGAGCAAGCAAACCTCATAAAACTATTCTCAGTTCGGATTGTAGTCTGCAACTCGACTACATGAAGCTGGAATCGCTAGTAATCGCGAATCAGAATGTCGCGGTGAATA
>sq19;size=1403;
CTCGTGTCGTGAGATGTTGGGTTAAGTCCCGCAACGAGCGCAACCCCTATAGTTAGTAGCCAGCAGTAAGATGGGCACTCTAACTAGACTGCCAGGGATAACCTGGAGGAAGGCGGGGATGACGTCAAATCATCATGCCCCTTATGACTTGGGCTACACACGTGCTACAATGGCGTAAACAAAGGGAAGCAAGAGGGTGACCTTAAGCAAATCTCAAAAATAACGTCTCAGTTCGGACTGTAGTCTGCAACCCGACTACACGAAGCTGGAATCGCTAGTAATCGCAGATCAGCATGCTGCGGTGAATA
>sq20;size=1385;
CTCGTGTCGTGAGATGTTGGGTTAAGTCCCGCAACGAGCGCAACCCTTATTGTTAGTTGCCATCATTTAGTTGGGCACTCTAGCGAGACTGCCGGTAATAAACCGGAGGAAGGTGGGGATGACGTCAAATCATCATGCCCCTTATGACCTGGGCTACACACGTGCTACAATGGCTGGTACAACGAGTTGCAAGTCGGTGACGGCAAGCTAATCTCTTAAAGCCAGTCTCAGTTCGGATTGTAGGCTGCAACTCGCCTACATGAAGTCGGAATCGCTAGTAATCGCGGATCAGCACGCCGCGGTGAATA
>sq21;size=1319;
CTCGTGTCGTGAGATGTTGGGTTAAGTCCCGCAACGAGCGCAACCCTTATTACTAGTTGCCAGCATTGAGTTGGGCACTCTAGTGAGACTGCCGGTGACAAACCGGAGGAAGGTGGGGATGACGTCAAATCATCATGCCCCTTATGACTTGGGCTACACACGTGCTACAATGGATGGTACAACGAGCAGCGAACTCGCGAGGGTAAGCGAATCTCTTAAAGCCATTCTCAGTTCGGATTGTAGGCTGCAACTCGCCTACATGAAGCCGGAATCGCTAGTAATCGCGGATCAGCACGCCGCGGTGAATA
>sq22;size=1286;
CTCGTGTCGTGAGATGTTGGGTTAAGTCCCGCAACGAGCGCAACCCTTGTCTTATGTTGCCAGCATTTGGTTGGGGACTCATGAGAGACTGCCGGGGTCAACTCGGAGGAAGGTGGGGATGACGTCAAATCATCATGCCCCTTATGTCCAGGGCTTCACACATGCTACAATGGTCGGTACAACGCGCAGCGACACTGTGAGGTGGAGCGAATCGCTGAAAGCCGGCCTTAGTTCGGATTGGGGTCTGCAACTCGACCCCATGAAGTCGGAGTCGCTAGTAATCGCAGATCAGCAATGCTGCGGTGAATA
>sq23;size=1168;
CTCGTGTCGTGAGATGTTGGGTTAAGTCCCGCAACGAGCGCAACCCCTATTGTTAGTTGCCATCATTTAGTTGGGCACTCTAGCGAGACTGCCGGTAATAAACCGGAGGAAGGTGGGGATGACGTCAAATCATCATGCCCCTTATGACCTGGGCTACACACGTGCTACAATGGCTGGTACAACGAGTCGCAAGCCGGTGACGGCAAGCTAATCTCTTAAAGCCAGTCTCAGTTCGGATTGTAGGCTGCAACTCGCCTACATGAAGTCGGAATCGCTAGTAATCGCGGATCAGCACGCCGCGGTGAATA
>sq24;size=948;
CTCGTGTCGTGAGATGTTTGGTTAAGTCCATCAACGAGCGCAACCCTTGCAACCAGTTGTATTTTTCTGGTAGGACTGCCCCGGTAACGGGGAGGAAGGAGGGGATGATGTCAGGTCAGTATTTCCCTTACGCCTTGGGCTAGAATCGCGCTACAATGGCTGGTACAATGCGAAGCGAAGCAGTGATGTGAAGCAAATCGCACCAAAGCCAGTCCCAGTTCGGATAGAAGGCTGAAACTCGCCTTCTTGAAGTCGGAATCGCTAGTAATCGCAGATCAGCATGTTGCGGTGAATA
>sq25;size=879;
CTCGTGTCGTGAGATGTTGGGTTAAGTCCCGCAACGAGCGCAACCCCTATTGTTAGTTGCCATCATTCAGTTGGGCACTCTAGCGAGACTGCCGGTAATAAACCGGAGGAAGGTGGGGATGACGTCAAATCATCATGCCCCTTATGACCTGGGCTACACACGTGCTACAATGGCTGGTACAACGAGTCGCGAGTCGGTGACGGCAAGCTAATCTCTTAAAGCCAGTCTCAGTTCGGATTGTAGGCTGCAACTCGCCTACATGAAGTCGGAATCGCTAGTAATCGCGGATCAGCACGCCGCGGTGAATA
>sq26;size=763;
CTCGTGTCGTGAGATGTTGGGTTAAGTCCCGCAACGAGCGCAACCCCTATTGCCGGTAGCCAGCAGGTAAAGCTGGGCACTCCGGCGAGACTGCCCGGGATAACCGGGAGGAAGGCGGGGATGACGTCAAATCATCATGCCCCTTATGATTTGGGCAACACACGTGCTACAATGGCGTTAACAAAGAGAAGCGAGAACGCGAGTTTAAGCAAAGCTCAAAAATAACGTCTCAGTTCGGACTGCAGTCTGCAACTCGACTGCACGAAGCTGGAATTGCTAGTAATCGCGAATCAGCATGTCGCGGTGAATA
>sq27;size=606;
CTCGTGTCGTGAGATGTTGGGTTAAGTCCCGCAACGAGCGCAACCCCTTTCGTATGTTACCATCATTAAGTTGGGGACTCATGCGATACTGCCTACGATGAGTAGGAGGAAGGTGGGGATGACGTCAAGTCATCATGCCCCTTATACGCTGGGCTACACACGTGCTACAATGGGTAGAACAGAGAGTTGCAAAGCCGTGAGGTGAAGCTAATCTCAGAAAACTATTCTTAGTTCGGATTGTACTCTGCAACTCGAGTACATGAAGTTGGAATCGCTAGTAATCGCGAATCAGCAATGTCGCGGTGAATA
>sq28;size=508;
CTCGTGTCGTGAGATGTTGGGTTAAGTCCCGCAACGAGCGCAACCCTTGCCTTCAGTTACCAGCATTCAGTTGGGGACTCTGGAGGGACTGCCGGTGATAAACCGGAGGAAGGTGGGGATGACGTCAAATCATCATGCCCCTTATGGCCTGGGCTACACACGTACTACAATGGCTGTTACAACGTGCAGCGACCTAGCGATAGGAAGCGAATCACTAAAAGACAGTCTCAGTTCGGATTGAAGTCTGCAACTCGACTTCATGAAGCTGGAATCGCTAGTAATCGCGGATCAGAATGCCGCGGTGAATA
>sq29;size=492;
CTCGTGTCGTGAGATGTTGGGTTAAGTCCCGCAACGAGCGCAACCCCTATTTTTAGTAGCCAGCGGTTCGGCCGGGCACTCTAGAAAGACTGCCGAGGATAACTCGGAGGAAGGCGGGGATGACGTCAAATCATCATGCCCCTTATGACCGGGGCTACACACGTGCTACAATGGCAGTTACAGAGGGAAGCGAAGATGTGAATCGGAGCAAATCTCAGAAAGGCTGCCTCAGTTCGGATTGTAGTCTGCAACTCGACTACATGAAGCTGGAATCGCTAGTAATCGCAAATCAGAATGTTGCGGTGAATA
>sq30;size=452;
CTCGTGTCGTGAGATGTTGGGTTAAGTCCCGCAACGAGCGCAACCCTTGCCCTATGTTGCCAGCACGTTGTGGTGGGGACTCGTGGGGGACTGCCGGGGTTAACTCGGAGGAAGGTGGGGATGACGTCAAATCATCATGCCCCTTATGTCTTGGGCTTCACGCATGCTACAATGGTTGGTACAGAGGGTTGCGATATCGTGAGGTGGAGCGAATCCCTTAAAGCCAGTCTCAGTTCGGATTGGGGTCTGCAACTCGACCCCATGAAGGTGGAGTCGCTAGTAATCGCAGATCAGCAACGCTGCGGTGAATA
>sq31;size=412;
CTCGTGTCGTGAGATGTTGGGTTAAGTCCCGCAACGAGCGCAACCCTTATATCTAGTTGCCAGCAGTAAGATGGGGACTCTAGATAGACTGCCAGTGATAAACTGGAGGAAGGTGGGGATGACGTCAAATCATCATGCCCCTTATGACTTGGGCTATACACGTGCTACAATGGATAGGAACAAAGAGAAGCGAGCTCGCGAGAGTAAGCAAACCTCACAAAACTATTCTCAGTTCGGATTGTAGTCTGCAACTCGACTACATGAAGCTGGAATCGCTAGTAATCGCGAATCAGAATGTCGCGGTGAATA
>sq32;size=401;
CTCGTGTCGTGAGATGTTGGGTTAAGTCCCGCAACGAGCGCAACCCTTGTCTTCAGTTACCATCATTAAGTTGGGGACTCTGGAGAGACTGCCGGTGATAAACCGGAGGAAGGTGGGGATGACGTCAAATCATCATGCCCCTTATGGCCTGGGCTACACACGTACTACAATGGCTATTACAACGTGGAGCGACTGTGCGAACAGAAGCGAATCACTGAAAGATAGTCTCAGTTCGGATTGGAGTCTGCAACTCGACTCCATGAAGTTGGAATCGCTAGTAATCGCGGATCAGCATGCCGCGGTGAATA
>sq33;size=363;
CTCGTGTCGTGAGATGTTGGGTTAAGTCCCGCAACGAGCGCAACCCTTATTACTAGTTACCAGCATTTCGGATGGGGACTCTAGAAAGACTGCCGATGATAAATCGGAGGAAGGTGGGGATGACGTCAAATCATCATGCCCTATATGCCCTGGGCAACACACGTGCTACAATGGCCGTAACAAAGAGAAGCGAAATCGCAAGGTCAAGCAAACCTCAAAAAGACGGTCTCAGTTCGGATTGTTCTCTGCAACTCGAGAACATGAAGTCGGAGTTGCTAGTAATCGCAGATCAGAATGCTGCGGTGAATG
>sq34;size=347;
CTCGTGTCGTGAGATGTTGGGTTAAGTCCCGCAACGAGCGCAACCCCTTTCGTATGTTACCATCATTAAGTTGGGGACTCATGCGATACTGCCTACGATGAGTAGGAGGAAGGTGGGGATGACGTTAAGTCATCATGCCCCTTATACGCTGGGCTACACACGTGCTACAATGGGTAGAACAGAGAGTTGCAAAGCTGTGAAGTGGAGCTAATCTCAGAAAACTATTCTTAGTTCGGATTGTACTCTGCAACTCGAGTACATGAAGTTGGAATCGCTAGTAATCGCGAATCAGCAATGTCGCGGTGAATA
>sq35;size=338;
CTCGTGTCGTGAGATGTTGGGTTAAGTCCCGCAACGAGCGCAACCCTTATTGTTAGTTGCCATCATTCAGTTGGGCACTCTAGCGAGACTGCCGGTAATAAACCGGAGGAAGGTGGGGATGACGTCAAATCATCATGCCCCTTATGACCTGGGCTACACACGTGCTACAATGGCTGGTACAACGAGTCGCAAGTCGGTGACGGCAAGCTAATCTCTTAAAGCCAGTCTCAGTTCGGATTGTAGGCTGCAACTCGCCTACATGAAGTCGGAATCGCTAGTAATCGCGGATCAGCACGCCGCGGTGAATA
>sq36;size=328;
CTCGTGTCGTGAGATGTTGGGTTAAGTCCCGCAACGAGCGCAACCCTTATCTTCAGTTACCAGCATGTAATGATGGGGACTCTGGAGAGACTGCCGATGACAAATCGGAGGAAGGTGGGGATGACGTCAAATCATCATGCCCTTTATGTCTTGGGCTACACACGTGCTACAATGGTTGGTACAACGAGAAGCTAGACAGTGATGTTAAGCAAAACTCTAAAAACCAATCTCAGTTCGGATTGTAGGCTGCAACTCGCCTACATGAAGTCGGAGTTGCTAGTAATCGCGAATCAGAATGTCGCGGTGAATG
>sq37;size=277;
CTCGTGTCGTGAGATGTTGGGTTAAGTCCCGCAACGAGCGCAACCCTTTTCCTTATTTGCCAGCGGGTTAAGCCGGGAACTTTAAGGATACTGCCAGTGACAAACTGGAGGAAGGCGGGGACGACGTCAAGTCATCATGGCCCTTACGACCAGGGCTACACACGTGCTACAATGGTCGGTACAAAGGGTTGCTACCTAGCGATAGGATGCTAATCTCAAAAAGCCGATCGTAGTCCGGATTGGAGTCTGCAACTCGACTCCATGAAGTCGGAATCGCTAGTAATCGCGGATCAGAATGCCGCGGTGAATA
>sq38;size=239;
CTCGTGTCGTGAGATGTTAGGTTAAGTCCTTCAACGAGCGCAACCCTTGTGAATAGTTGTATTTTTCTATTCAGACTGCCCCGGTAACGGGGAGGAAGGAGGGGATGATGTCAGGTCAGTATTTCCCTTACGTCCTGGGCTAGAAACGTAATACAATGGCTAGTACAATGCGCAGCGAAGCCGCGAGGTGAAGCAAATCGCATCAAAGCTAGTCCCAGTTCGGATTGTAGGCTGAAACTCGCCTGCATGAAGTCGGAATCGCTAGTAATCGCAAATCAGCAAGTTGCGGTGAATA
>sq39;size=214;
CTCGTGCCGTGAGGTGTCGGCTTAAGTGCCATAACGAGCGCAACCCCTGTCTTTAGTTGCCATCAGGTTAAGCTGGGCACTCTGGAGATACTGCCACCGTAAGGTGTGAGGAAGGTGGGGATGACGTCAAATCAGCACGGCCCTTACGTCCGGGGCTACACACGTGTTACAATGGCCGGTACAGAGGGACGGTGTAATGTAAATTGCATCTAATCTTGAAAGCCGGTCCCAGTTCGGACTGGGGTCTGCAACCCGACCCCACGAAGCTGGATTCGCTAGTAATCGCGCATCAGCCATGGCGCGGTGAATA
>sq40;size=212;
CTCGTGCCGTGAGGTGTCGGCTTAAGTGCCATAACGAGCGCAACCCCTCTCTTCAGTTGCCATCAGGTAATGCTGGGCACTCTGGAGACACTGCCACCGTAAGGTGTGAGGAAGGTGGGGATGACGTCAAATCAGCACGGCCCTTACGTCCGGGGCTACACACGTGTTACAATGGCCGGTACAGAGGGATGGTGTAATGCAAATTGCATCAAATCTTGAAAGCCGGTCCCAGTTCGGACTGGGGTCTGCAACCCGACCCCACGAAGCTGGATTCGCTAGTAATCGCGCATCAGCCATGGCGCGGTGAATA
>sq41;size=201;
CTCGTGTCGTGAGATGTTGGGTTAAGTCCCGCAACGAGCGCAACCCCTATTGTTAGTTGCCATCATTCAGTTGGGCACTCTAGCGAGACTGCCGGTAATAAACCGGAGGAAGGTGGGGATGACGTCAAATCATCATGCCCCTTATGACCTGGGCTACACACGTGCTACAATGGCTGGTACAACGAGTCGCAAGTCGGTGACGGCAAGCTAATCTCTTAAAGCCAGTCTCAGTTCGGATTGTAGGCTGCAACTCGCCTACATGAAGTCGGAATCGCTAGTAATCGCGGATCAGCACGCCGCGGTGAATA
>sq42;size=191;
CTCGTGTCGTGAGATGTTGGGTTAAGTCCCGCAACGAGCGCAACCCTTGTCGCTAGTTACTAACATTCAGTTGAGGACTCTAGCGAGACTGCCGAGGTCAACTCGGAGGAAGGTGGGGATGACGTCAAATCATCATGCCCCTTATGTTCTGGGCTACACACGTGCTACAATGGTCGGTACAATGAGATGCAATACTGCGAAGTGGAGCGAAACACCAAAACCGATCCCAGTTCGGATTGTAGGCTGCAACTCGCCTACATGAAGTCGGAGTTGCTAGTAATCGCAGATCAGAATGCTGCGGTGAATG
>sq43;size=186;
CTCGTGCCGTGAGGTGTCGGCTTAAGTGCCATAACGAGCGCAACCCCTTTCTTCAGTTGCCATCAGGTAATGCTGGGCACTCTGGAGATACTGCCACCGCAAGGTGTGAGGAAGGTGGGGATGACGTCAAATCAGCACGGCCCTTACGTCCGGGGCTACACACGTGTTACAATGGCCGGTACAGAGAGTTGGTTGTGTGCAAACACGATCTAATCCTTAAATCCGGTCCCAGTTCGGACTGGGGTCTGCAACCCGACCCCACGAAGCTGGATTCGCTAGTAATCGCGCATCAGCCATGGCGCGGTGAATA
>sq44;size=179;
CTCGTGTCGTGAGATGTTGGGTTAAGTCCCGCAACGAGCGCAACCCTTGTCATTAGTTGCTACGCAAGAGCACTCTAATGAGACTGCCGGTGACAAACCGGAGGAAGGTGGGGATGACGTCAAGTCCTCATGGCCCTTATGGGTAGGGCTTCACACGTCATACAATGGTCGGGACAGAGGGTCGCCAACCCGCGAGGGGGAGCCAATCTCAGAAACCCGATCGTAGTCCGGATCGCAGTCTGCAACTCGACTGCGTGAAGTCGGAATCGCTAGTAATCGCGGATCAGAATGTCGCGGTGAATA
>sq45;size=169;
CTCGTGCCGTGAGGTGTCGGCTTAAGTGCCATAACGAGCGCAACCCTTTTCTACGTTTGCCATCGGGTAATGCCGGGAACTCCGTGGATACTGCCGCCGCAAGGCGGAGGAAGGTGGGGATGACGTCAAATCAGCACGGCCCTTACGTCCGGGGCTACACACGTGTTACAATGGTCGGAGCAGCAGGAAGCTACCTGGCGACAGGATGCTGATCCCGAAACCCGGCCTCAGTTCGGACTGGAGTCTGCAACCCGACTCCACGAAGCCGGATTCGCTAGTAATCGCGCATCAGCCATGGCGCGGTGAATA
>sq46;size=154;
CTCGTGCCGTGAGGTGTCGGCTTAAGTGCCATAACGAGCGCAACCCCTGTCTTCAGTTGCCATCAGGTGATGCTGGGCACTCTGTAGATACTGCCACCGTAAGGTGTGAGGAAGGTGGGGATGACGTCAAATCAGCACGGCCCTTACGTCCGGGGCTACACACGTGTTACAATGGGGGGTACAGCGAGCAGGATGCCCGCAAGGTCATTCAAATCATGAAAGCCTCCCTCAGTTCGGACTGGGGTCTGCAACCCGACCCCACGAAGCTGGATTCGCTAGTAATCGCGCATCAGCCATGGCGCGGTGAATA
>sq47;size=145;
CTCGTGTCGTGAGATGTTGGGTTAAGTCCCGCAACGAGCGCAACCCTTGCCCTATGTTGCCAGCACGTGATGGTGGGGACTCGTGGGGGACTGCCGGGGTTAACTCGGAGGAAGGTGGGGATGACGTCAAATCATCATGCCCCTTATGTCTTGGGCTTCACGCATGCTACAATGGTTGGTACAGAGGGTTGCGATATCGTGAGGTGGAGCGAATCCCTTAAAGCCAGTCTCAGTTCGGATTGGGGTCTGCAACTCGACCCCATGAAGGTGGAGTCGCTAGTAATCGCAAATCAGCAACGCTGCGGTGAATA
>sq48;size=141;
CTCGTGTCGTGAGATGTTGGGTTAAGTCCCGCAACGAGCGCAACCCCTATAGTTAGTAGCCAGCAGTAAGATGGGCACTCTAACTAGACTGCCAGGGATAACCTGGAGGAAGGCGGGGATGACGTCAAATCATCATGCCCCTTATGACTTGGGCTACACACGTGCTACAATGGCGTAAACAAAGGGAAGCGAGAGGGTGACCTTAAGCAAATCTCAAAAATAACGTCTCAGTTCGGACTGTAGTCTGCAACCCGACTACACGAAGCTGGAATCGCTAGTAATCGCAGATCAGCATGCTGCGGTGAATA
>sq49;size=129;
CTCGTGCCGTGAGGTGTCGGCTTAAGTGCCATAACGAGCGCAACCCCTTTCTTCAGTTGCCATCAGGTGATGCTGGGCACTCTGTAGATACTGCCACCGCAAGGTGTGAGGAAGGTGGGGATGACGTCAAATCAGCACGGCCCTTACGTCCGGGGCTACACACGTGTTACAATGGCCGGTACAGAGAGTTGATTTTGTGCAAACACGATCTAATCCTTAAATCCGGTCCCAGTTCGGACTGGGGTCTGCAACCCGACCCCACGAAGCTGGATTCGCTAGTAATCGCGCATCAGCCATGGCGCGGTGAATA
>sq50;size=128;
CTCGTGTCGTGAGATGTTGGGTTAAGTCCCGCAACGAGCGCAACCCCTATTGTTAGTTGCCATCATTTAGTTGGGCACTCTAGCGAGACTGCCGGTAATAAACCGGAGGAAGGTGGGGATGACGTCAAATCATCATGCCCCTTATGACCTGGGCTACACACGTGCTACAATGGCTGGTACAACGAGTCGCAAGTCGGTGACGACAAGCTAATCTCTTAAAGCCAGTCTCAGTTCGGATTGTAGGCTGCAACTCGCCTACATGAAGTCGGAATCGCTAGTAATCGCGGATCAGCACGCCGCGGTGAATA
>sq51;size=125;
CTCGTGCCGTGAGGTGTCGGCTTAAGTGCCATAACGAGCGCAACCCCTTTCTTCAGTTGCCATCAGGTAATGCTGGGCACTCTGGAGATACTGCCACCGCAAGGTGTGAGGAAGGTGGGGATGACGTCAAATCAGCACGGCCCTTACGTCCGGGGCTACACACGTGTTACAATGGCCGGTACAGAGAGTCGGTCGTGTGCAAACACGATCTAATCCTTAAATCCGGTCCCAGTTCGGACTGGGGTCTGCAACCCGACCCCACGAAGCTGGATTCGCTAGTAATCGCGCATCAGCCATGGCGCGGTGAATA
>sq52;size=101;
CTCGTGTCGTGAGATGTTGGGTTAAGTCCCGCAACGAGCGCAACCCTCGTTCTATGTTGCCAGCACGTGATGGTGGGGACTCATAGGAGACTGCCGGGGTTAACTCGGAGGAAGGTGGGGATGACGTCAAATCATCATGCCCCTTATGTCTTGGGCTTCACGCATGCTACAATGGCCGGTACAGAGGGTTGCGATACTGTGAGGTGGAGCTAATCCCTAAAAGCCGGTCTCAGTTCGGATTGGGGTCTGCAACTCGACCCCATGAAGTCGGAGTCGCTAGTAATCGCAGATCAGCAACGCTGCGGTGAATA
>sq53;size=99;
CTCGTGCCGTGAGGTGTCGGCTTAAGTGCCATAACGAGCGCAACCCTTCTCCTCGGTTGCCATCGGGTAATGCCGGGCACTCCGTGGACACTGCCATCGTAAGATGTGAGGAAGGTGGGGATGACGTCAAATCAGCACGGCCCTTACGTCCGGGGCTACACACGTGTTACAATGGGGGGTACAGAAGGCCGCTACCCGGCGACGGGATGCTAATCTTTAAAACCTCTCTCAGTTCGGATCGGAGTCTGCAACCCGACTCCGTGAAGCTGGATTCGCTAGTAATCGCGCATCAGCCATGGCGCGGTGAATA
>sq54;size=96;
CTCGTGTCGTGAGATGTTGGGTTAAGTCCCGCAACGAGCGCAACCCCTATCTTATGTTGCCAGCACTTCGGGTGGGAACTCATGAGAGACTGCCGCAGACAATGCGGAGGAAGGCGGGGATGACGTCAAATCATCATGCCCCTTATGACCTGGGCTACACACGTACTACAATGGGAGTTAATAGACGGAAGCAATACCGCGAGGTGGAGCAAACCCGAGAAACACTCTCTCAGTTCGGATCGTAGGCTGCAACTCGCCTACGTGAAGTCGGAATCGCTAGTAATCGCAGGTCAGCATACTGCGGTGAATA
>sq55;size=86;
CTCGTGCCGTGAGGTGTCGGCTTAAGTGCCATAACGAGCGCAACCCTTTTCTACGTTTGCCATCGGGTAATGCCGGGAACTCCGTGGATACTGCCGCCGCAAGGCGGAGGAAGGTGGGGATGACGTCAAATCAGCACGGCCCTTACGTCCGGGGCTACACACGTGTTACAATGGTCGGAGCAGCAGGAAGCTACCTGGCAACAGGATGCTGATCCCAAAACCCGGCCTCAGTTCGGACTGGAGTCTGCAACCCGACTCCACGAAGCCGGATTCGCTAGTAATCGCGCATCAGCCATGGCGCGGTGAATA
>sq56;size=84;
CTCGTGTCGTGAGATGTTGGGTTAAGTCCCGCAACGAGCGCAACCCTTATTGTTAGTTGCCATTATTTAGTTGGGCACTCTAGCGAGACTGCCGGTAATAAACCGGAGGAAGGTGGGGATGACGTCAAATCATCATGCCCCTTATGACCTGGGCTACACACGTGCTACAATGGCTGGTACAACGAGTTGCAAGTCGGTGACGGCAAGCTAATCTCTTAAAGCCAGTCTCAGTTCGGATTGTAGGCTGCAACTCGCCTACATGAAGTCGGAATCGCTAGTAATCGCGGATCAGCACGCCGCGGTGAATA
>sq57;size=84;
CTCGTGTCGTGAGATGTTGGGTTAAGTCCCGCAACGAGCGCAACCCCTATGTCTAGTTGCCAGCAGTAAGATGGGGACTCTAGACAGACTGCCGGTGATAAACTGGAGGAAGGCGGGGATGACGTCAAATCATCATGCCCCTTATGACTTGGGCTACACACGTGCTACAATGGATAGGAACAAAGAGAAGCTAACTCGCGAGAGCAAGCAAACCTCATAAAACTATTCTCAGTTCGGATTGTAGTCTGCAACTCGACTACATGAAGCTGGAATCGCTAGTAATCGCGAATCAGAATGTCGCGGTGAATA
>sq58;size=80;
CTCGTGTCGTGAGATGTTGGGTTAAGTCCCGCAACGAGCGCAACCCTTGCCCTATGTTGCCAGCACGTTATGGTGGGGACTCGTGGGGGACTGCCGGGGTTAACTCGGAGGAAGGTGGGGATGACGTCAAATCATCATGCCCCTTATGTCTTGGGCTTCACGCATGCTACAATGGCTGGTACAGAGGGTTGCGATACTGTGAGGTGGAGCGAATCCCTTAAAGCCGGTCTCAGTTCGGATTGGGGTCTGCAACTCGACCCCATGAAGGTGGAGTCGCTAGTAATCGCAGATCAGCAACGCTGCGGTGAATA
>sq59;size=71;
CTCGTGTCGTGAGATGTTGGGTTAAGTCCCGCAACGAGCGCAACCCTTGTCCCGTGTTGCCAGCACGTTGTGGTGGGGACTCGCGGGAGACTGCCGGGGTCAACTCGGAGGAAGGTGGGGATGACGTCAAATCATCATGCCCCTTATGTCTTGGGCTTCACGCATGCTACAATGGCCGGTACAGAGGGCTGCGATACCGTGAGGTGGAGCGAATCCCTTAAAGCCGGTCTCAGTTCGGATCGGTGTCTGCAACTCGACACCGTGAAGTTGGAGTCGCTAGTAATCGCAGATCAGCAACGCTGCGGTGAATA
>sq60;size=70;
CTCGTGTCGTGAGATGTTGGGTTAAGTCCCGCAACGAGCGCAACCCTTGTCCTTAGTTGCTACGCAAGAGCACTCTAAGGAGACTGCCGGTGACAAACCGGAGGAAGGTGGGGATGACGTCAAGTCCTCATGGCCCTTATGGGTAGGGCTTCACACGTCATACAATGGTCGGAACAGAGGGTTGCCAACCCGCGAGGGGGAGCTAATCCCAGAAAACCGATCGTAGTCCGGATTGCACTCTGCAACTCGAGTGCATGAAGCTGGAATCGCTAGTAATCGCGGATCAGCATGCCGCGGTGAATA
>sq61;size=64;
CTCGTGCCGTGAGGTGTCGGCTTAAGTGCCATAACGAGCGCAACCCTTTTCCTTGGTTGCCATCAGGTCATGCTGGGCACTCCAGGGATACTGCCATCGTAAGATGTGAGGAAGGTGGGGATGACGTCAAATCAGCACGGCCCTTACGTCCGGGGCTACACACGTGTTACAATGGGGGGTACAGAAGGTCGCTACCTGGTGACAGGATGCTAATCTTTAAAACCTCTCTCAGTTCGGATCGGAGTCTGCAACCCGACTCCGTGAAGCTGGATTCGCTAGTAATCGCGCATCAGCCATGGCGCGGTGAATA
>sq62;size=59;
CTCGTGTCGTGAGATGTTGGGTTAAGTCCCGCAACGAGCGCAACCCTTGTCTTATGTTGCCAGCACGTTATGGTGGGGACTCGTGAGAGACTGCCGGGGTCAACTCGGAGGAAGGTGGGGATGACGTCAAATCATCATGCCCCTTATGTCCAGGGCTTCACACATGCTACAATGGCCGGTACAGAGGGCTGCGATGCCGTGAGGCGGAGCGAATCTCTTAAAGCCGGTCTCAGTTCGGATTGGGGTCTGCAACTCGACCCCATGAAGTCGGAGTCGCTAGTAATCGCAGATCAGCAACGCTGCGGTGAATA
>sq63;size=59;
CTCGTGTCGTGAGATGTTGGGTTAAGTCCCGCAACGAGCGCAACCCTTGTCATTAGTTGCTACGAAAGGGCACTCTAATGAGACTGCCGGTGACAAACCGGAGGAAGGTGGGGATGACGTCAGGTCATCATGGCCCTTATGGGTAGGGCTACACACGTCATACAATGGCCGGGACAGAGGGCTGCCAACCCGCGAGGGGGAGCTAATCCCAGAAACCCGGTCGTAGTCCGGATCGTAGTCTGCAACTCGACTGCGTGAAGTCGGAATCGCTAGTAATCGCGGATCAGCTTGCCGCGGTGAATA
>sq64;size=54;
CTCGTGTCGTGAGATGTTGGGTTAAGTCCCGCAACGAGCGCAACCCTTATCTTCAGTTGCCAGCACGTAGAGGTGGGAACTCTGGAGAGACTGCCGATGACAAATCGGAGGAAGGTGGGGATGACGTCAAATCATCATGCCCTTTATGTCTTGGGCTACACACGTGCTACAATGGTTGGTACAACGAGAAGCTAGACAGTGATGTTAAGCAAAACTCTAAAAACCAATCTCAGTTCGGATTGTAGGCTGCAACTCGCCTACATGAAGTCGGAGTTGCTAGTAATCGCGAATCAGAATGTCGCGGTGAATG
>sq65;size=52;
CTCGTGTCGTGAGATGTTGGGTTAAGTCCCGCAACGAGCGCAACCCCTATCTTTTGTTGCCAGCACGTAGAGGTGGGAACTCAGAAGAGACCGCCGCAGACAATGCGGAGGAAGGTGGGGATGACGTCAAGTCATCATGCCCCTTATGACTTGGGCTACACACGTACTACAATGGGCTTTAACAAAGAGCAGCGAAACCGCGAGGTGGAGCGAAACTCAAAAACAAGCCCCCAGTTCAGATCGCAGGCTGCAACTCGCCTGCGTGAAGCAGGAATCGCTAGTAATCGCGGGTCAGCATACCGCGATGAATA
>sq66;size=51;
CTCGTGCCGTGAGGTGTCGGCTTAAGTGCCATAACGAGCGCAACCCCTCTCTTCAGTTGCCATCAGGTGATGCTGGGCACTCTGGAGACACTGCCACCGTAAGGTGTGAGGAAGGTGGGGATGACGTCAAATCAGCACGGCCCTTACGTCCGGGGCTACACACGTGTTACAATGGCCGGTACAGAGGGATGGTGTAATGCAAATTGCATCAAATCTTGAAAGCCGGTCCCAGTTCGGACTGGGGTCTGCAACCCGACCCCACGAAGCTGGATTCGCTAGTAATCGCGCATCAGCCATGGCGCGGTGAATA
>sq67;size=51;
CTCGTGTCGTGAGATGTTGGGTTAAGTCCCGCAACGAGCGCAACCCCTTTCGTATGTTACCATCATTAAGTTGGGGACTCATGCGATACTGCCTACGATGAGTAGGAGGAAGGTGGGGATGACGTTAAGTCATCATGCCCCTTATACGCTGGGCTACACACGTGCTACAATGGGTAGAACAGAGAGTTGCAAAGCTGTGAAGTGGAGCTAGTCTCAGAAAACTATTCTTAGTTCGGATTGTACTCTGCAACTCGAGTACATGAAGTTGGAATCGCTAGTAATCGCGAATCAGCAATGTCGCGGTGAATA
>sq68;size=50;
CTCGTGCCGTGAGGTGTCGGCTTAAGTGCCATAACGAGCGCAACCCCTTTCTTCAGTTGCCATCAGGTGATGCTGGGCACTCTGTAGATACTGCCACCGCAAGGTGTGAGGAAGGTGGGGATGACGTCAAATCAGCACGGCCCTTACGTCCGGGGCTACACACGTGTTACAATGGCCGGTACAGAGAGTCGGTCGTGTGCAAACACGATCTAATCCTTAAATCCGGTCCCAGTTCGGACTGGGGTCTGCAACCCGACCCCACGAAGCTGGATTCGCTAGTAATCGCGCATCAGCCATGGCGCGGTGAATA
>sq69;size=49;
CTCGTGTCGTGAGATGTTGGGTTAAGTCCCGCAACGAGCGCAACCCTTTTCCTTATTTGCCAGCACTTCGGGTGGGAACTTTAAGGATACTGCCAGTGACAAACTGGAGGAAGGCGGGGACGACGTCAAGTCATCATGGCCCTTACGACCAGGGCTACACACGTGCTACAATGGTCGGTACAAAGGGTTGCTACCTAGCGATAGGATGCTAATCTCAAAAAGCCGATCGTAGTCCGGATTGGAGTCTGCAACTCGACTCCATGAAGTCGGAATCGCTAGTAATCGCGGATCAGAATGCCGCGGTGAATA
>sq70;size=42;
CTCGTGCCGTGAGGTGTCGGCTTAAGTGCCATAACGAGCGCAACCCCTCTCTTCAGTTGCCATCAGGTTAAGCTGGGCACTCTGGAGACACTGCCACCGTAAGGTGTGAGGAAGGTGGGGATGACGTCAAATCAGCACGGCCCTTACGTCCGGGGCTACACACGTGTTACAATGGCCGGTACAGAGGGATGGTGTAATGCAAATTGCATCAAATCTTGAAAGCCGGTCCCAGTTCGGACTGGGGTCTGCAACCCGACCCCACGAAGCTGGATTCGCTAGTAATCGCGCATCAGCCATGGCGCGGTGAATA
>sq71;size=41;
CTCGTGCCGTGAGGTGTCGGCTTAAGTGCCATAACGAGCGCAACCCCTCTCTTCAGTTGCCATCAGGTAGTGCTGGGCACTCTGGAGACACTGCCACCGTAAGGTGTGAGGAAGGTGGGGATGACGTCAAATCAGCACGGCCCTTACGTCCGGGGCTACACACGTGTTACAATGGCCGGTACAGAGGGATGGTGTAATGCAAATTGCATCAAATCTTGAAAGCCGGTCCCAGTTCGGACTGGGGTCTGCAACCCGACCCCACGAAGCTGGATTCGCTAGTAATCGCGCATCAGCCATGGCGCGGTGAATA
>sq72;size=41;
CTCGTGTCGTGAGATGTTGGGTTAAGTCCCGCAACGAGCGCAACCCTCGTTCTATGTTGCCAGCACGTAATGGTGGGAACTCATGGAATACTGCCGGGGTCAACTCGGAGGAAGGTGAGGATGACGTCAAATCATCATGCCCCTTATGTCTTGGGCTTCACGCATGCTACAATGGCCGGTACAATGGGCTGCAATACCGCAAGGTGGAGCGAATCCCAAAAAGCCGGTCCCAGTTCGGATTGAGGTCTGCAACTCGACCTCATGAAGTCGGAGTCGCTAGTAATCGCAGATCAGCAACGCTGCGGTGAATA
>sq73;size=33;
CTCGTGTCGTGAGATGTTGGGTTAAGTCCCGCAACGAGCGCAACCCTTGCCGTTAGTTGCCATCATTAAGTTGGGCACTCTAATGGGACTGCCGGGGAGAACCCGGAGGAAGGCGGGGATGACGTCAAATCATCATGCCCCTTATGTTCTGGGCTACACACGTGCTACAATGGCCGTCACAGAGGGAAGCGAGAGAGCGATCTTAAGCGAAACCAAAAAGGCGGTCCCAGTTCGGACTGCAGGCTGCAACTCGCCTGCACGAAGCCGGAGTTGCTAGTAATCGCGGATCAGAATGTCGCGGTGAATG
>sq74;size=16;
CTCGTGTCGTGAGATGTTGGGTTAAGTCCCGCAACGAGCGCAACCCTTGTCCCGTGTTGCCAGCACGTTGTGGTGGGGACTCGCGGGAGACTGCCGGGGTCAACTCGGAGGAAGGTGGGGATGACGTCAAATCATCATGCCCCTTATGTCTTGGGCTTCACGCATGCTACAATGGCCGGTACAGAGGGTTGCGATACTGTGAGGTGGAGCTAATCCCTTAAAGCTGGTCTCAGTTCGGATTGGTGTCTGCAACTCGACACCATGAAGGTGGAGTCGCTAGTAATCGCAGATCAGCAACGCTGCGGTGAATA
>sq75;size=16;
CTCGTGTCGTGAGATGTTGGGTTAAGTCCCGTAACGAGCGCAACCCTTGTCCTTAGTTACCAGCACGTTATGGTGGGCACTCTAAGGAGACTGCCGGTGACAAACCGGAGGAAGGTGGGGATGACGTCAAGTCATCATGGCCCTTACGGCCTGGGCTACACACGTGCTACAATGGTCGGTACAGAGGGTTGCCAAGCCGCGAGGTGGAGCTAATCTCACAAAACCGATCGTAGTCCGGATCGCAGTCTGCAACTCGACTGCGTGAAGTCGGAATCGCTAGTAATCGCGAATCAGAATGTCGCGGTGAATA
>sq76;size=14;
CTCGTGTCGTGAGATGTTGGGTTAAGTCCCGCAACGAGCGCAACCCCTGTTCTTTGTTGCCAGCATGTAAGGATGGGCACTCAAAGGAGACTGCCGCGGAGAACGCGGAGGAAGGCGGGGATGACGTCAAGTCATCATGCCCCTTATGGTCTGGGCTACACACGTACTACAATGGGACGGACAGAGGGCAGCGAGAGAGTGATCTTAAGCGAATCTCAAAAACCGTTTCTCAGTTCGGATTGCAGGCTGCAACTCGCCTGCATGAAGTCGGAATCGCTAGTAATCGCAGGTCAGCATACTGCGGTGAATA
>sq77;size=14;
CTCGTGCCGTGAGGTGTCGGCTCAAGTGCCATAACGAGCGCAACCCCTCTCCGTAGTTGCCATCGGGTCATGCCGGGCACTCTTCGGACACTGCCGCCGCAAGGTGTGAGGAAGGTGGGGATGACGTCAAATCAGCACGGCCCTTACGTCCGGGGCTACACACGTGTTACAATGGCCGGTACAGAGAGTCGTCCGGGCGCGAGCCCGGCCCAATCCCTAAATCCGGCCTCAGTTCGGACTGGGGTCTGCAACCCGACCCCACGAAGCTGGATTCGCTAGTAATCGCGCATCAGCCATGGCGCGGTGAATA
>sq78;size=13;
CTCGTGCCGTGAGGTGTTAGGTTAAGTCCTGCAACGAGCGCAACCCCTGTCACTAGTTGCCATCATTAAGTTGGGGACTCTAGTGAGACTGCCTGCGCAAGCAGAGAGGAAGGTGGGGATGACGTCAAATCATCACGGCCCTTACGTCTTGGGCCACACACGTAATACAATGGCCGGTACAGAGGGCAGCTACTATGTGAATAGATGCGAATCTCGAAAGCCGGTCTCAGTTCGGATTGGAGTCTGCAACTCGACTCTATGAAGCTGGAATCGCTAGTAATCGCGCATCAGCCATGGCGCGGTGAATA
>sq79;size=10;
CTCGTGTCGTGAGATGTTGGGTTAAGTCCCGCAACGAGCGCAACCCCTATTGTTAGTTGCCATCATTCAGTTGGGCACTCTAGCGAGACTGCCGGTAATAAACCGGAGGAAGGTGGGGATGACGTCAAATCATCATGCCCTTTATGTCTTGGGCTACACACGTGCTACAATGGTTGGTACAACGAGAAGCGAGATAGAGATGTTAAGCGAAACTCTAAAAACCAATCTCAGTTCGGATTGTAGGCTGCAACTCGCCTACATGAAGTCGGAGTTGCTAGTAATCGCGAATCAGAATGTCGCGGTGAATG
>sq80;size=9;
CTCGTGTCGTGAGATGTTGGGTTAAGTCCCGCAACGAGCGCAACCCTCGCTGTTAGTTGCCACCATTTAGTTGGGCACTCTAACAGGACTGCCGGAGTTAATCCGGAGGAAGGCGGGGATGACGTCAAGTCCTCATGGCCCTTACAAGGTGGGCTACACACGTGCTACAATGGCGACTACAGAGGGCTGCAAGTCAGCGATGATGAGCCAATCCCTAAAAGTCGTCTCAGTTCGGATTGTTCTCTGCAACTCGAGAGCATGAAGTCGGAATCGCTAGTAATCGCGGATCAGCATGCCGCGGTGAATA
>sq81;size=7;
CTCGTGTCGTGAGATGTTGGGTTAAGTCCCGCAACGAGCGCAACCCCTATCTTCTGTTACCAGCACGTAAGGGTGGGGACTCAGGAGAGACTGCCGCAGACAATGCGGAGGAAGGCGGGGATGACGTCAAGTCATCATGCCCCTTATGGCTTGGGCTACACACGTACTACAATGGCTCTTAATAGAGGGAAGCGAAGGAGCGATCCGGAGCAAACCCCAAAAACAGAGTCTCAGTTCGGATTGTAGGCTGCAACTCGCCTACATGAAGCAGGAATCGCTAGTAATCGCAGGTCAGCATACTGCGGTGAATA
>sq82;size=5;
CTCGTGCCGTAAGATGTTGGGTTAAGTCCCGCAACGAGCGCAACCCTCGTGTTTAGTTGCCAGCATTTAGTTTGGAACCCTGAACAGACTGCCGGTGATAAGCCGGAGGAAGGTGAGGATGACGTCAAGTCATCATGCCCCTTACGCCCTGGGCGACACACGTGCTACAATGACCGGGACAAAGGGTCGCGACCCCGCGAGGGCAAGCTAACCTCAAAAACCCGGCCTCAGTTCGGATTGCAGGCTGCAACTCGCCTGCATGAAGCCGGAATCGCTAGTAATCGCCGGTCAGCCATACGGCGGTGAATC
>sq83;size=5;
CTCGTGTCGTGAGATGTTGGGTTAAGTCCCGCAACGAGCGCAACCCTTTTCCTTATTTGCCAGCGGGTTAAGCCGGGAACTTTAAGGATACTGCCAGTGACAAACTGGAGGAAGGCGGGGACGACGTCAAGTCATCATGGCCCTTACGACCAGGGCTACACACGTGCTACAATGGTAGGTACAGAGGGTTGCTACACAGCGATGTGATGCTAATCTCAAAAAGCCTATCGTAGTCCGGATTGGAGTCTGCAACTCGACTCCATGAAGTCGGAATCGCTAGTAATCGCGGATCAGAATGCCGCGGTGAATA
>sq84;size=4;
CTCGTGTCGTGAGATGTTGGGTTAAGTCCCGCAACGAGCGCAACCCTTATATCTAGTTGCCAGCAGTAAGATGGGGACTCTAGATAGACTGCCAGTGATAAACTGGAGGAAGGTGGGGATGACGTCAAATCATCATGCCCTTTATGTCTTGGGCTACACACGTGCTACAATGGTTGGTACAACGAGAAGCGAGATAGAGATGTTAAGCGAAACTCTAAAAACCAATCTCAGTTCGGATTGTAGGCTGCAACTCGCCTACATGAAGTCGGAGTTGCTAGTAATCGCGAATCAGAATGTCGCGGTGAATG
>sq85;size=4;
CTCGTGTTGTGAAATGTTGGGTTAAGTCCCGCAACGAGCGCAACCCTTATCCTTTGTTGCCAGCGATTCGGTCGGGAACTCAAAGGAGACTGCCGGTGATAAACCGGAGGAAGGTGGGGATGACGTCAAGTCATCATGGCCCTTACGAGTAGGGCTACACACGTGCTACAATGGCGTATACAGAGGGAAGCGAGAGTGCGAGCTGGAGCGAATCTCACAAAGTACGTCTAAGTCCGGATTGGAGTCTGCAACTCGACTCCATGAAGTCGGAATCGCTAGTAATCGCAAATCAGAATGTTGCGGTGAATA
>sq86;size=3;
CTCGTGTCGTGAGATGTTGGGTTAAGTCCCGCAACGAGCGCAACCCTTGTCGCTAGTTACTAACATTCAGTTGAGGACTCTAGCGAGACTGCCGAGGTCAACTCGGAGGAAGGTGGGGATGACGTCAAATCATCATGCCCTTTATGTCTTGGGCTACACACGTGCTACAATGGTTGGTACAACGAGAAGCGAGATAGAGATGTTAAGCGAAACTCTAAAAACCAATCTCAGTTCGGATTGTAGGCTGCAACTCGCCTACATGAAGTCGGAGTTGCTAGTAATCGCGAATCAGAATGTCGCGGTGAATG
>sq87;size=3;
CTCGTGTCGTGAGATGTTGGGTTAAGTCCCGCAACGAGCGCAACCCTTGTTCACTGTTGCCAGCACGTTATGGTGGGGACTCAGTGGAGACCGCCGGGGTCAACTCGGAGGAAGGTGGGGATGACGTCAAGTCATCATGCCCCTTATACGCTGGGCTACACACGTGCTACAATGGGTAGAACAGAGAGTTGCAAAGCTGTGAAGTGGAGCTAATCTCAGAAAACTATTCTTAGTTCGGATTGTACTCTGCAACTCGAGTACATGAAGTTGGAATCGCTAGTAATCGCGAATCAGCAATGTCGCGGTGAATA
>sq88;size=1;
CTCGTGTCGTGAGATGTTGGGTTAAGTCCCGCAACGAGCGCAACCCTTGCCCTATGTTGCCAGCACGTTGTGGTGGGGACTCGTGGGGGACTGCCGGGGTTAACTCGGAGGAAGGTGGGGATGACGTCAAATCATCATGCCCCTTATGTCTTGGGCTTCACGCATGCTACAATGGTTGGTACAGAGGGTTGCGATATCGTGAGGTGGAGCGAATCCCTTAAAGCCAGTCTCAGTTCGGATTGGGGTCTGCAACTCGACCCCATGAAGGTGGAGTCGCTAGTAATCGCAAATCAGCAACGCTGCGGTGAATA
