>sq1;size=35845;
CTCGTGTCGTGAGATGTTGGGTTAAGTCCCGCAACGAGCGCAACCCTTGTTCACTGTTGCCAGCACGTTATGGTGGGGACTCAGTGGAGACCGCCGGGGTCAACTCGGAGGAAGGTGGGGATGACGTCAAGTCATCATGCCCCTTATGTCCAGGGCTTCACGCATGCTACAATGGCTGGTACAGAGAGTGGCGAGCCTGTGAGGGTGAGCGAATCTCGGAAAGCCGGTCTCAGTTCGGATTGGGGTCTGCAACTCGACCTCATGAAGTCGGAGTCGCTAGTAATCGCAGATCAGCAACGCTGCGGTGAATA
>sq2;size=8352;
CTCGTGTCGTGAGATGTTGGGTTAAGTCCCGCAACGAGCGCAACCCTTGCCCTATGTTGCCAGCACGTGATGGTGGGGACTCGTGGGGGACTGCCGGGGTTAACTCGGAGGAAGGTGGGGATGACGTCAAATCATCATGCCCCTTATGTCTTGGGCTTCACGCATGCTACAATGGTTGGTACAGAGGGTTGCGATACTGTGAGGTGGAGCGAATCCCTTAAAGCCAGTCTCAGTTCGGATTGGGGTCTGCAACTCGACCCCATGAAGGTGGAGTCGCTAGTAATCGCAGATCAGCAACGCTGCGGTGAATA
>sq3;size=2647;
CTCGTGTCGTGAGATGTTGGGTTAAGTCCCGCAACGAGCGCAACCCCTATTGTTAGTTGCCATCATTCAGTTGGGCACTCTAGCGAGACTGCCGGTAATAAACCGGAGGAAGGTGGGGATGACGTCAAATCATCATGCCCCTTATGACCTGGGCTACACACGTGCTACAATGGCTGGTACAACGAGTCGCAAGCCGGTGACGGCAAGCTAATCTCTTAAAGCCAGTCTCAGTTCGGATTGTAGGCTGCAACTCGCCTACATGAAGTCGGAATCGCTAGTAATCGCGGATCAGCACGCCGCGGTGAATA
>sq4;size=2532;
CTCGTGTCGTGAGATGTTGGGTTAAGTCCCGCAACGAGCGCAACCCTTATCTTCAGTTGCCAGCACGTAGAGGTGGGAACTCTGGAGAGACTGCCGATGACAAATCGGAGGAAGGTGGGGATGACGTCAAATCATCATGCCCTTTATGTCTTGGGCTACACACGTGCTACAATGGTTGGTACAACGAGAAGCGAGATAGAGATGTTAAGCGAAACTCTAAAAACCAATCTCAGTTCGGATTGTAGGCTGCAACTCGCCTACATGAAGTCGGAGTTGCTAGTAATCGCGAATCAGAATGTCGCGGTGAATG
>sq5;size=2374;
CTCGTGTCGTGAGATGTTGGGTTAAGTCCCGCAACGAGCGCAACCCCTATTGTTAGTTGCCATCATTCAGTTGGGCACTCTAGCGAGACTGCCGGTAATAAACCGGAGGAAGGTGGGGATGACGTCAAATCATCATGCCCCTTATGACCTGGGCTACACACGTGCTACAATGGCTGGTACAACGAGTCGCGAGTCGGTGACGGCAAGCTAATCTCTTAAAGCCAGTCTCAGTTCGGATTGTAGGCTGCAACTCGCCTACATGAAGTCGGAATCGCTAGTAATCGCGGATCAGCACGCCGCGGTGAATA
>sq6;size=2209;
CTCGTGTCGTGAGATGTTGGGTTAAGTCCCGCAACGAGCGCAACCCTTGCCTTCAGTTACCAGCATTCAGTTGGGGACTCTGGAGGGACTGCCGGTGATAAACCGGAGGAAGGTGGGGATGACGTCAAATCATCATGCCCCTTATGGCCTGGGCTACACACGTACTACAATGGCTGTTACAACGTGCAGCGACCTAGCGATAGGAAGCGAATCACTAAAAGACAGTCTCAGTTCGGATTGAAGTCTGCAACTCGACTTCATGAAGCTGGAATCGCTAGTAATCGCGGATCAGAATGCCGCGGTGAATA
>sq7;size=2207;
CTCGTGTCGTGAGATGTTAGGTTAAGTCCTTCAACGAGCGCAACCCTTGTGAATAGTTGTATTTTTCTATTCAGACTGCCCCGGTAACGGGGAGGAAGGAGGGGATGATGTCAGGTCAGTATTTCCCTTACGTCCTGGGCTAGAAACGTAATACAATGGCTAGTACAATGCGCAGCGAAGCCGCGAGGTGAAGCAAATCGCATCAAAGCTAGTCCCAGTTCGGATTGTAGGCTGAAACTCGCCTGCATGAAGTCGGAATCGCTAGTAATCGCAAATCAGCAAGTTGCGGTGAATA
>sq8;size=2055;
CTCGTGTCGTGAGATGTTGGGTTAAGTCCCGCAACGAGCGCAACCCTCGTTCTATGTTGCCAGCACGTGATGGTGGGGACTCATAGGAGACTGCCGGGGTTAACTCGGAGGAAGGTGGGGATGACGTCAAATCATCATGCCCCTTATGTCTTGGGCTTCACGCATGCTACAATGGCCGGTACAGAGGGTTGCGATACTGTGAGGTGGAGCTAATCCCTAAAAGCCGGTCTCAGTTCGGATTGGGGTCTGCAACTCGACCCCATGAAGTCGGAGTCGCTAGTAATCGCAGATCAGCAACGCTGCGGTGAATA
>sq9;size=1980;
CTCGTGTCGTGAGATGTTGGGTTAAGTCCCGCAACGAGCGCAACCCCTATAGTTAGTAGCCAGCAGTAAGATGGGCACTCTAACTAGACTGCCAGGGATAACCTGGAGGAAGGCGGGGATGACGTCAAATCATCATGCCCCTTATGACTTGGGCTACACACGTGCTACAATGGCGTAAACAAAGGGAAGCGAGAGGGTGACCTTAAGCAAATCTCAAAAATAACGTCTCAGTTCGGACTGTAGTCTGCAACCCGACTACACGAAGCTGGAATCGCTAGTAATCGCAGATCAGCATGCTGCGGTGAATA
>sq10;size=1815;
CTCGTGTCGTGAGATGTTGGGTTAAGTCCCGCAACGAGCGCAACCCTTGTTCACTGTTGCCAGCACGTTATGGTGGGGACTCAGTGGAGACCGCCGGGGTCAACTCGGAGGAAGGTGGGGATGACGTCAAGTCATCATGCCCCTTATGTCCAGGGCTTTACGCATGCTACAATGGCTGGTACAGAGAGTGGCGAGCCTGTGAGGGTGAGCGAATCTCGGAAAGCCGGTCTCAGTTCGGATTGGGGTCTGCAACTCGACCTCATGAAGTCGGAGTCGCTAGTAATCGCAGATCAGCAACGCTGCGGTGAATA
>sq11;size=1588;
CTCGTGTCGTGAGATGTTGGGTTAAGTCCCGCAACGAGCGCAACCCCTATAGTTAGTAGCCAGCAGTAAGATGGGCACTCTAACTAGACTGCCAGGGATAACCTGGAGGAAGGCGGGGATGACGTCAAATCATCATGCCCCTTATGACTTGGGCTACACACGTGCTACAATGGCGTAAACAAAGGGAAGCAAGAGGGTGACCTTAAGCAAATCTCAAAAATAACGTCTCAGTTCGGACTGTAGTCTGCAACCCGACTACACGAAGCTGGAATCGCTAGTAATCGCAGATCAGCATGCTGCGGTGAATA
>sq12;size=1406;
CTCGTGCCGTGAGGTGTCGGCTTAAGTGCCATAACGAGCGCAACCCCTTTTTTCAGTTGCCATCAGGTGATGCTGGGCACTCTGGAGATACTGCCACCGTAAGGTGTGAGGAAGGTGGGGATGACGTCAAATCAGCACGGCCCTTACGTCCGGGGCTACACACGTGTTACAATGGCCGGTACAGAGAGTTGGTTGTGTGCAAATACGATCTAATCCTTAAAGCCGGTCCCAGTTCGGACTGGGGTCTGCAACCCGACCCCACGAAGCTGGATTCGCTAGTAATCGCGCATCAGCCATGGCGCGGTGAATA
>sq13;size=1363;
CTCGTGTCGTGAGATGTTAGGTTAAGTCCTGCAACGAGCGCAACCCTTATAACTAGTTGCCAATATTAAGTTAGGAACTCTAGTTAGACTGCCGTGGTCAACACGGAGGAAGGTGGGGATGACGTCAAATCATCATGCCCCTTACGTCTTGGGCTACACACGTGCTACAATGGCTATTACAAAGAGTTGCAAGTTGGTAACAGCAAGCTAATCTCAAAAAAATAGTCTCAGTTCGGATTGTGGGCTGCAACCCGCCCACATGAAGTCGGAGTTGCTAGTAATCCCGAATCAGCATGTCGGGGTGAATG
>sq14;size=1318;
CTCGTGTCGTGAGATGTTGGGTTAAGTCCCATAACGAGCGCAACCCCTTTTGCTAGTTACCATCATTAAGTTGGGGACTCTAGCAATACTGCCGGTGACAAACCGGAGGAAGGTGGGGATGACGTCAAATCATCATGCCCTTTATGACTTGGGCTACACACGTGCTACAATGGCAGGTACACAGGGCAGCAAGACAGTGATGTTAAGCGAAACTCAAAAAGCCTGTCCCAGTTCGGATTGCACTCTGCAACTCGAGTGCATGAAGTTGGAGTTGCTAGTAATCGTGGATCAGAATGCCGCGGTGAATG
>sq15;size=1230;
CTCGTGTCGTGAGATGTTGGGTTAAGTCCCGCAACGAGCGCAACCCTCGTTCTATGTTGCCAGCACGTCATGGTGGGAACTCATGGAATACTGCCGGGGTCAACTCGGAGGAAGGTGAGGATGACGTCAAATCATCATGCCCCTTATGTCTTGGGCTTCACGCATGCTACAATGGCCGGTACAAAGGGCTGCAATACCGCAAGGTGGAGCGAATCCCAAAAAGCCGGTCCCAGTTCGGATTGAGGTCTGCAACTCGACCTCATGAAGTCGGAGTCGCTAGTAATCGCAGATCAGCAACGCTGCGGTGAATA
>sq16;size=1107;
CTCGTGCCGTGAGGTGTCGGCTTAAGTGCCATAACGAGCGCAACCCCTTTCTTCAGTTGCCATCAGGTGATGCTGGGCACTCTGTAGATACTGCCACCGCAAGGTGTGAGGAAGGTGGGGATGACGTCAAATCAGCACGGCCCTTACGTCCGGGGCTACACACGTGTTACAATGGCCGGTACAGAGAGTTGATTTTGTGCAAACACGATCCAATCCTTAAATCCGGTCCCAGTTCGGACTGGGGTCTGCAACCCGACCCCACGAAGCTGGATTCGCTAGTAATCGCGCATCAGCCATGGCGCGGTGAATA
>sq17;size=1082;
CTCGTGTCGTGAGATGTTGGGTTAAGTCCCGCAACGAGCGCAACCCCTTTCGTATGTTACCATCATTAAGTTGGGGACTCATGCGATACTGCCTACGATGAGTAGGAGGAAGGTGGGGATGACGTCAAGTCATCATGCCCCTTATACGCTGGGCTACACACGTGCTACAATGGGTAGAACAGAGAGTTGCAAAGCTGTGAAGTGGAGCTAATCTCAGAAAACTATTCTTAGTTCGGATTGTACTCTGCAACTCGAGTACATGAAGTTGGAATCGCTAGTAATCGCGAATCAGCAATGTCGCGGTGAATA
>sq18;size=1046;
CTCGTGTCGTGAGATGTTAGGTTAAGTCCTGCAACGAGCGCAACCCTCGTCGTATATTGCCAGCGGTTCGGCCGGGCACCTATACGAGACCGCCGGCGTCAAGCCGGAGGAAGGTGGGGACGACGTCAAGTCATCATGCCCCTTATGTCCTGGGCTACACACGTGCTACAATGGCCGGCACAATGAGCTGCCAACCCGCAAGGGCGAGCGAATCTCTAAAGCCGGTCCCAGTTCGGATTGGAGGCTGCAACCCGCCTCCATGAAGTCGGAGTTGCTAGTAATCGCGGATCAGCACGCCGCGGTGAATG
>sq19;size=1034;
CTCGTGTCGTGAGATGTTGGGTTAAGTCCCGCAACGAGCGCAACCCTCGTTCTATGTTGCCAGCACGTGATGGTGGGGACTCATAGGAGACTGCCGGGGTCAACTCGGAGGAAGGTGGGGATGACGTCAAATCATCATGCCCCTTATGTCTTGGGCTTCACGCATGCTACAATGGCCGGTACAGAGGGTTGCGATACTGTGAGGTGGAGCTAATCCCTAAAAGCCGGTCTCAGTTCGGATTGGGGTCTGCAACTCGACCCCATGAAGTCGGAGTCGCTAGTAATCGCAGATCAGCAACGCTGCGGTGAATA
>sq20;size=984;
CTCGTGTCGTGAGATGTTGGGTTAAGTCCCATAACGAGCGCAACCCCTATGGCTAGTTACCATCATTAAGTTGGGGACTCTAGCAATACTGCCGGTGACAAACCGGAGGAAGGTGGGGATGACGTCAAATCATCATGCCCTTTATGACTTGGGCTACACACGTGCTACAATGGCAGGTACAGAGGGCAGCAAGACAGCGATGTTAAGCGAAACTCAAAAAGCCTGTCCCAGTTCGGATTGCACTCTGCAACTCGAGTGCATGAAGTTGGAGTTGCTAGTAATCGTGGATCAGAATGCCACGGTGAATG
>sq21;size=966;
CTCGTGTCGTGAGATGTTGGGTTAAGTCCCGCAACGAGCGCAACCCTTGCGTATAGTAGCCAGCAAGTAAAGTTGGGAACTCTATACGGACTGCCGGGGATAACCCGGAGGAAGGTGGGGATGACGTCAAATCATCATGCCCCTTATGGTCTGGGCTACACACGTGCTACAATGTCGTAACAGAGGGAAGCGAAAGGGTGACCTGAAGCGAATCTCAAAAACAACGACCCAGTTCGGACTGCAGGCTGCAACCCGCCTGCACGAAGCTGGAATCGCTAGTAATCGCGAATCAGCATGTCGCGGTGAATA
>sq22;size=932;
CTCGTGTCGTGAGATGTTGGGTTAAGTCCCGCAACGAGCGCAACCCCTATTGTTAGTTGCCATCATTTAGTTGGGCACTCTAGCGAGACTGCCGGTAATAAACCGGAGGAAGGTGGGGATGACGTCAAATCATCATGCCCCTTATGACCTGGGCTACACACGTGCTACAATGGCTGGTACAACGAGTCGCAAGCCGGTGACGGCAAGCTAATCTCTTAAAGCCAGTCTCAGTTCGGATTGTAGGCTGCAACTCGCCTACATGAAGTCGGAATCGCTAGTAATCGCGGATCAGCACGCCGCGGTGAATA
>sq23;size=924;
CTCGTGTCGTGAGATGTTGGGTTAAGTCCCGCAACGAGCGCAACCCTTGCCATTAGTTGCCATCATTTAGTTGGGCACTCTAGTGGGACTGCCGGGGAAAACTCGGAGGAAGGTGGGGATGACGTCAAATCATCATGCCCCTTATGTTCTGGGCTACACACGTGCTACAATGGCCGGTACAACAGGCAGCGAACCCGTGAGGGGGAGCGAATCCCAAAAGCCGGTCCCAGTTCGGACTGTAGGCTGCAACTCGCCTACACGAAGTTGGAGTTGCTAGTAATCGCGGATCAGAATGCCGCGGTGAATG
>sq24;size=863;
CTCGTGTCGTGAGATGTTGGGTTAAGTCCCGCAACGAGCGCAACCCCTATCTTATGTTGCCAGCACTTCGGGTGGGAACTCATGAGAGACTGCCGCAGACAATGCGGAGGAAGGCGGGGATGACGTCAAATCATCATGCCCCTTATGACCTGGGCTACACACGTACTACAATGGGAGTTAATAGACGGAAGCGAAACCGCGAGGTGGAGCAAACCCGAGAAACACTCTCTCAGTTCGGATCGTAGGCTGCAACTCGCCTACGTGAAGTCGGAATCGCTAGTAATCGCAGGTCAGCATACTGCGGTGAATA
>sq25;size=840;
CTCGTGTCGTGAGATGTTGGGTTAAGTCCCGCAACGAGCGCAACCCTTGCCCTATGTTGCCAGCACGTGATGGTGGGGACTCGTGGGGGACTGCCGGGGTTAACTCGGAGGAAGGTGGGGATGACGTCAAATCATCATGCCCCTTATGTCTTGGGCTTCACGCATGCTACAATGGTTGGTACAGAGGGTTGCGATATCGTGAGGTGGAGCGAATCCCTTAAAGCCAGTCTCAGTTCGGATTGGGGTCTGCAACTCGACCCCATGAAGGTGGAGTCGCTAGTAATCGCAGATCAGCAACGCTGCGGTGAATA
>sq26;size=829;
CTCGTGTCGTGAGATGTTGGGTTAAGTCCCGCAACGAGCGCAACCCCTATTGTTAGTTGCCATCATTGAGTTGGGCACTCTAGCGAGACTGCCGGTAATAAACCGGAGGAAGGTGGGGATGACGTCAAATCATCATGCCCCTTATGACCTGGGCTACACACGTGCTACAATGGCTGGTACAACGAGTCGCGAGTCGGTGACGGCAAGCTAATCTCTTAAAGCCAGTCTCAGTTCGGATTGTAGGCTGCAACTCGCCTACATGAAGTCGGAATCGCTAGTAATCGCGGATCAGCACGCCGCGGTGAATA
>sq27;size=800;
CTCGTGTCGTGAGATGTTGGGTTAAGTCCCGCAACGAGCGCAACCCTTGTCTTTAGTTGCCAGCATTCAGTTGGGCACTCTAGAGAGACTGCCAGGGATAACCTGGAGGAAGGTGGGGATGACGTCAAATCATCATGCCCCTTATGCTTAGGGCTACACACGTGCTACAATGGGTGGTACAGAGGGTTGCCAAACCGTGAGGTGGAGCCAATCCCTTAAAGCCATTCTCAGTTCGGATTGTAGGCTGAAACTCGCCTACATGAAGCTGGAGTTACTAGTAATCGCAGATCAGAATGCTGCGGTGAATG
>sq28;size=794;
CTCGTGTCGTGAGATGTTGGGTTAAGTCCCGCAACGAGCGCAACCCTTGTCTTCAGTTACCATCATTAAGTTGGGGACTCTGGAGAGACTGCCGGTGATAAACCGGAGGAAGGTGGGGATGACGTCAAATCATCATGCCCCTTATGGCCTGGGCTACACACGTACTACAATGGCTATTACAACGTGGAGCGACTGTGCGAACAGAAGCGAATCACTGAAAGATAGTCTCAGTTCGGATTGGAGTCTGCAACTCGACTCCATGAAGTTGGAATCGCTAGTAATCGCGGATCAGCATGCCGCGGTGAATA
>sq29;size=751;
CTCGTGTCGTGAGATGTTGGGTTAAGTCCCGCAACGAGCGCAACCCTTGTCATTAGTTGCCATCATTAAGTTGGGCACTCTAGTGAGACTGCCGGGGACAACTCGGAGGAAGGTGGGGATGACGTCAAATCATCATGCCCCTTATGTTCTGGGCTACACACGTGCTACAATGGCTGGTACAAAGAGAAGCAAGACCGCAAGGTGGAGCAAAGCTCAAAAACCAGCCCCAGTTCGGATTGTAGGCTGAAACTCGCCTACATGAAGTCGGAGTTGCTAGTAATCGCAGATCAGAATGCTGCGGTGAATG
>sq30;size=741;
CTCGTGTCGTGAGATGTTGGGTTAAGTCCCGCAACGAGCGCAACCCTTGTCATTAGTTGCTACGAAAGGGCACTCTAATGAGACTGCCGGTGACAAACCGGAGGAAGGTGGGGATGACGTCAGGTCATCATGGCCCTTATGGGTAGGGCTACACACGTCATACAATGGCCGGGACAGAGGGCTGCCAACCCGCGAGGGGGAGCTAATCCCAGAAACCCGGTCGTAGTCCGGATCGTAGTCTGCAACTCGACTGCGTGAAGTCGGAATCGCTAGTAATCGCGGATCAGCTTGCCGCGGTGAATA
>sq31;size=694;
CTCGTGTCGTGAGATGTTGGGTTAAGTCCCGCAACGAGCGCAACCCTTATTGTTAGTTGCCATCATTCAGTTGGGCACTCTAGCGAGACTGCCGGTAATAAACCGGAGGAAGGTGGGGATGACGTCAAATCATCATGCCCCTTATGACCTGGGCTACACACGTGCTACAATGGCTGGTACAACGAGTCGCAAGCCGGTGACGGCAAGCTAATCTCTGAAAGCCAGTCTCAGTTCGGATTGTAGGCTGCAACTCGCCTACATGAAGTCGGAATCGCTAGTAATCGCGGATCAGCACGCCGCGGTGAATA
>sq32;size=667;
CTCGTGTCGTGAGATGTTGGGTTAAGTCCCGCAACGAGCGCAACCCTCGTTCTATGTTGCCAGCACGTTATGGTGGGGACTCATAGGAGACTGCCGGGGTCAACTCGGAGGAAGGTGGGGATGACGTCAAATCATCATGCCCCTTATGTCTTGGGCTTCACGCATGCTACAATGGCCGGTACAGAGGGTTGCGATACTGTGAGGTGGAGCTAATCCCTAAAAGCCGGTCTCAGTTCGGATTGGGGTCTGCAACTCGACCCCATGAAGTCGGAGTCGCTAGTAATCGCAGATCAGCAACGCTGCGGTGAATA
>sq33;size=657;
CTCGTGCCGTGAGGTGTCGGCTTAAGTGCCATAACGAGCGCAACCCTTTTCTACGTTTGCCATCGGGTAATGCCGGGAACTCCGTGGATACTGCCGCCGCAAGGCGGAGGAAGGTGGGGATGACGTCAAATCAGCACGGCCCTTACGTCCGGGGCTACACACGTGTTACAATGGTCGGAGCAGCAGGAAGCTACCTGGCGACAGGATGCTGATCCCGAAACCCGGCCTCAGTTCGGACTGGAGTCTGCAACCCGACTCCACGAAGCCGGATTCGCTAGTAATCGCGCATCAGCCATGGCGCGGTGAATA
>sq34;size=605;
CTCGTGTCGTGAGATGTTGGGTTAAGTCCCGCAACGAGCGCAACCCTTGCCGTTAGTTGCCATCATTAAGTTGGGCACTCTAATGGGACTGCCGGGGAGAACCCGGAGGAAGGCGGGGATGACGTCAAATCATCATGCCCCTTATGTTCTGGGCTACACACGTGCTACAATGGCCGTCACAGAGGGAAGCGAGAGAGCGATCTTAAGCGAAACCAAAAAGGCGGTCCCAGTTCGGACTGCAGGCTGCAACTCGCCTGCACGAAGCCGGAGTTGCTAGTAATCGCGGATCAGAATGTCGCGGTGAATG
>sq35;size=549;
CTCGTGTCGTGAGATGTTGGGTTAAGTCCCGCAACGAGCGCAACCCTTGTCTCTAGTTGCTACGAAAGGGCACTCTAGAGAGACTGCCGGTGACAAACCGGAGGAAGGTGGGGATGACGTCAAGTCCTCATGGCCCTTATGGGTAGGGCTTCACACGTCATACAATGGTGCATACAGAGGGTTGCCAAGCCGCGAGGTGGAGCTAATCCCAGAAAATGCATCGTAGTCCGGATCGTAGTCTGCAACTCGACTACGTGAAGCTGGAATCGCTAGTAATCGCGGATCAGCATGCCGCGGTGAATA
>sq36;size=530;
CTCGTGCCGTGAGGTGTCGGCTTAAGTGCCATAACGAGCGCAACCCCTCTCTTCAGTTGCCATCAGGTAAAGCTGGGCACTCTGGAGACACTGCCACCGTAAGGTGTGAGGAAGGTGGGGATGACGTCAAATCAGCACGGCCCTTACGTCCGGGGCTACACACGTGTTACAATGGCCGGTACAGAGGGATGGTGTAATGCAAATTGCATCAAATCTTGAAAGCCGGTCCCAGTTCGGACTGGGGTCTGCAACCCGACCCCACGAAGCTGGATTCGCTAGTAATCGCGCATCAGCCATGGCGCGGTGAATA
>sq37;size=504;
CTCGTGTCGTGAGATGTTGGGTTAAGTCCCGCAACGAGCGCAACCCTTATTACTAGTTACCAGCATTTCGGATGGGGACTCTAGAAAGACTGCCGATGATAAATCGGAGGAAGGTGGGGATGACGTCAAATCATCATGCCCTATATGCCCTGGGCAACACACGTGCTACAATGGCCGTAACAAAGAGAAGCGAAATCGCAAGGTCAAGCAAACCTCAAAAAGACGGTCTCAGTTCGGATTGTTCTCTGCAACTCGAGAACATGAAGTCGGAGTTGCTAGTAATCGCAGATCAGAATGCTGCGGTGAATG
>sq38;size=475;
CTCGTGTCGTGAGATGTTGGGTTAAGTCCCGCAACGAGCGCAACCCTTAAGCTTAGTTGCCATCATTAAGTTGGGCACTCTAAGTTGACTGCCGGTGACAAACCGGAGGAAGGTGGGGATGACGTCAAATCATCATGCCCCTTATGATTTGGGCTACACACGTGCTACAATGGACAATACAAAGGGCAGCGAAACCGCGAGGTCAAGCAAATCCCATAAAGCTGTTCTCAGTTCGGATTGTAGTCTGCAACTCGACTACATGAAGCTGGAATCGCTAGTAATCGTAGATCAGCATGCTACGGTGAATA
>sq39;size=418;
CTCGTGTCGTGAGATGTTGGGTTAAGTCCCGCAACGAGCGCAACCCCTATTTTTAGTAGCCAGCGGTTAGGCCGGGCACTCTAAAGAGACTGCCGAGGATAACTCGGAGGAAGGCGGGGATGACGTCAAATCATCATGCCCCTTATGACCGGGGCTACACACGTGCTACAATGGCAGTTACAGAGGGAAGCGAAGACGTGAGTCGGAGCAAATCTCAGAAAGGCTGCCTCAGTTCGGATTGTAGTCTGCAACTCGACTACATGAAGCTGGAATCGCTAGTAATCGCGAATCAGAATGTCGCGGTGAATA
>sq40;size=386;
CTCGTGTCGTGAGATGTTTGGTTAAGTCCATCAACGAGCGCAACCCTTGCAACCAGTTGTATTTTTCTGGTAGGACTGCCCCGGTAACGGGGAGGAAGGAGGGGATGATGTCAGGTCAGTATTTCCCTTACGCCTTGGGCTAGAATCGCGCTACAATGGCCGGTACAATGCGAAGCGAAGCAGTGATGTGAAGCAAATCGCACCAAAGCCGGTCCCAGTTCGGATAAAAGGCTGAAACTCGCCTTTTTGAAGTCGGAATCGCTAGTAATCGCAGATCAGCATGTTGCGGTGAATA
>sq41;size=362;
CTCGTGTCGTGAGATGTTGGGTTAAGTCCCGCAACGAGCGCAACCCCTTTCGTATGTTACCATCATTAAGTTGGGGACTCATGCGATACTGCCTACGATGAGTAGGAGGAAGGTGGGGATGACGTCAAGTCATCATGCCCCTTATACGCTGGGCTACACACGTGCTACAATGGGTAGAACAGAGAGTTGCAAAGCCGTGAGGTGAAGCTAATCTCAGAAAACTATTCTTAGTTCGGATTGTACTCTGCAACTCGAGTACATGAAGTTGGAATCGCTAGTAATCGCGAATCAGCAATGTCGCGGTGAATA
>sq42;size=359;
CTCGTGTCGTGAGATGTTGGGTTAAGTCCCATAACGAGCGCAACCCCTTTTTCTAGTTACCATCATTAAGTTGGGGACTCTAGCAAAACTGCCGGTGACAAACCGGAGGAAGGTGGGGATGACGTCAAATCATCATGCCCTTTATGACTTGGGCTACACACGTGCTACAATGGCAGGTACACAGGGCAGCGAAACTGCGAAGTCAAGCGAAACCCAAAAAGCCTGTCCCAGTTCGGATTGCACTCTGCAACTCGAGTGCATGAAGTTGGAGTTGCTAGTAATCGTGAATCAGAATGTCGCGGTGAATG
>sq43;size=348;
CTCGTGTCGTGAGATGTTGGGTTAAGTCCCGCAACGAGCGCAACCCTTATTGTTAGTTGCCATCATTTAGTTGGGCACTCTAGCGAGACTGCCGGTAATAAACCGGAGGAAGGTGGGGATGACGTCAAATCATCATGCCCCTTATGACCTGGGCTACACACGTGCTACAATGGCTGGTACAACGAGTTGCAAGTCGGTGACGGCAAGCTAATCTCTTAAAGCCAGTCTCAGTTCGGATTGTAGGCTGCAACTCGCCTACATGAAGTCGGAATCGCTAGTAATCGCGGATCAGCACGCCGCGGTGAATA
>sq44;size=312;
CTCGTGTCGTGAGATGTTGGGTTAAGTCCCGCAACGAGCGCAACCCCTATTGCCGGTAGCCAGCAGGTAAAGCTGGGCACTCCGGCGAGACTGCCCGGGATAACCGGGAGGAAGGCGGGGATGACGTCAAATCATCATGCCCCTTATGATTTGGGCAACACACGTGCTACAATGGCGTTAACAAAGAGAAGCGAGAACGCGAGTTTAAGCAAAGCTCAAAAATAACGTCTCAGTTCGGACTGCAGTCTGCAACTCGACTGCACGAAGCTGGAATTGCTAGTAATCGCGAATCAGCATGTCGCGGTGAATA
>sq45;size=309;
CTCGTGCCGTGAGGTGTCGGCTTAAGTGCCATAACGAGCGCAACCCCCTTTCCCAGTTGCCATCGGGTGATGCCGGGCACTCTGGGGACACTGCCACCGCAAGGTGCGAGGAAGGTGGGGATGACGTCAAATCAGCACGGCCCTTACGTCCGGGGCTACACACGTGTTACAATGGCCGGTACAGAGGGACGGTGCAATGCAAGTTGCATCCAATCTTGAAATCCGGTCCCAGTTCGGACTGGGGTCTGCAACCCGACCCCACGAAGCTGGATTCGCTAGTAATCGCGCATCAGCCATGGCGCGGTGAATA
>sq46;size=278;
CTCGTGTCGTGAGATGTTGGGTTAAGTCCCGCAACGAGCGCAACCCTTATCTTCAGTTGCCAGCACGTAGAGGTGGGAACTCTGGAGAGACTGCCGATGACAAATCGGAGGAAGGTGGGGATGACGTCAAATCATCATGCCCTTTATGTCTTGGGCTACACACGTGCTACAATGGTTGGTACAACGAGAAGCTAGACAGTGATGTTAAGCAAAACTCTAAAAACCAATCTCAGTTCGGATTGTAGGCTGCAACTCGCCTACATGAAGTCGGAGTTGCTAGTAATCGCGAATCAGAATGTCGCGGTGAATG
>sq47;size=259;
CTCGTGTCGTGAGATGTTGGGTTAAGTCCCGCAACGAGCGCAACCCTTATTGTTAGTTGCCATCATTCAGTTGGGCACTCTAGCGAGACTGCCGGTAATAAACCGGAGGAAGGTGGGGATGACGTCAAATCATCATGCCCCTTATGACCTGGGCTACACACGTGCTACAATGGCTGGTACAACGAGTCGCAAGCCGGTGACGGCAAGCTAATCTCTTAAAGCCAGTCTCAGTTCGGATTGTAGGCTGCAACTCGCCTACATGAAGTCGGAATCGCTAGTAATCGCGGATCAGCACGCCGCGGTGAATA
>sq48;size=255;
CTCGTGTCGTGAGATGTTGGGTTAAGTCCCGCAACGAGCGCAACCCCTATTGTTAGTTGCCATCATTCAGTTGGGCACTCTAGCGAGACTGCCGGTAATAAACCGGAGGAAGGTGGGGATGACGTCAAATCATCATGCCCCTTATGACCTGGGCTACACACGTGCTACAATGGTTGGTACAACGAGTTGCGAGTCGGTGACGGCAAGCTAATCTCTTAAAGCCAATCTCAGTTCGGATTGTAGGCTGCAACTCGCCTACATGAAGTCGGAATCGCTAGTAATCGCGGATCAGCACGCCGCGGTGAATA
>sq49;size=254;
CTCGTGTCGTGAGATGTTGGGTTAAGTCCCGCAACGAGCGCAACCCTTGTCGCTAGTTACTAACATTCAGTTGAGGACTCTAGCGAGACTGCCGAGGTCAACTCGGAGGAAGGTGGGGATGACGTCAAATCATCATGCCCCTTATGTTCTGGGCTACACACGTGCTACAATGGTCGGTACAATGAGATGCAATACTGCGAAGTGGAGCGAAACACCAAAACCGATCCCAGTTCGGATTGTAGGCTGCAACTCGCCTACATGAAGTCGGAGTTGCTAGTAATCGCAGATCAGAATGCTGCGGTGAATG
>sq50;size=248;
CTCGTGTCGTGAGATGTTGGGTTAAGTCCCGCAACGAGCGCAACCCCTATTGTTAGTTGCCATCATTTAGTTGGGCACTCTAGCGAGACTGCCGGTAATAAACCGGAGGAAGGTGGGGATGACGTCAAATCATCATGCCCCTTATGACCTGGGCTACACACGTGCTACAATGGCTGGTACAACGAGTCGCGAGTCGGTGACGGCAAGCTAATCTCTTAAAGCCAGTCTCAGTTCGGATTGTAGGCTGCAACTCGCCTACATGAAGTCGGAATCGCTAGTAATCGCGGATCAGCACGCCGCGGTGAATA
>sq51;size=236;
CTCGTGTCGTGAGATGTTGGGTTAAGTCCCGCAACGAGCGCAACCCTTGTCCTTAGTTGCTACGCAAGAGCACTCTAAGGAGACTGCCGGTGACAAACCGGAGGAAGGTGGGGATGACGTCAAGTCCTCATGGCCCTTATGGGTAGGGCTTCACACGTCATACAATGGTCGGAACAGAGGGTTGCCAACCCGCGAGGGGGAGCTAATCCCAGAAAACCGATCGTAGTCCGGATTGCACTCTGCAACTCGAGTGCATGAAGCTGGAATCGCTAGTAATCGCGGATCAGCATGCCGCGGTGAATA
>sq52;size=219;
CTCGTGCCGTGAGGTGTCGGCTTAAGTGCCATAACGAGCGCAACCCTTTTCTACGTTTGCCATCGGGTAATGCCGGGAACTCCGTGGATACTGCCGCCGCAAGGCGGAGGAAGGTGGGGATGACGTCAAATCAGCACGGCCCTTACGTCCGGGGCTACACACGTGTTACAATGGTCGGAGCAGCAGGAAGCTACCTGGCAACAGGATGCTGATCCCAAAACCCGGCCTCAGTTCGGACTGGAGTCTGCAACCCGACTCCACGAAGCCGGATTCGCTAGTAATCGCGCATCAGCCATGGCGCGGTGAATA
>sq53;size=219;
CTCGTGTCGTGAGATGTTGGGTTAAGTCCCGCAACGAGCGCAACCCTTTTCCTTACTTGCCAGCATTTCGGATGGGAACTTTAAGGATACTGCCAGTGACAAACTGGAGGAAGGCGGGGACGACGTCAAGTCATCATGGCCCTTACGGCCAGGGCTACACACGTGCTACAATGGTCGGTACAAAGGGTTGCTACACAGCGATGTGATGCTAATCTCAAAAAGCCGATCGTAGTCCGGATTGGAGTCTGCAACTCGACTCCATGAAGTCGGAATCGCTAGTAATCGCGGATCAGAATGCCGCGGTGAATA
>sq54;size=199;
CTCGTGTCGTGAGATGTTGGGTTAAGTCCCGCAACGAGCGCAACCCTCGTTCTATGTTGCCAGCACGTAATGGTGGGAACTCATGGAATACTGCCGGGGTCAACTCGGAGGAAGGTGAGGATGACGTCAAATCATCATGCCCCTTATGTCTTGGGCTTCACGCATGCTACAATGGCCGGTACAATGGGCTGCAATACCGCAAGGTGGAGCGAATCCCAAAAAGCCGGTCCCAGTTCGGATTGAGGTCTGCAACTCGACCTCATGAAGTCGGAGTCGCTAGTAATCGCAGATCAGCAACGCTGCGGTGAATA
>sq55;size=191;
CTCGTGTCGTGAGATGTTTGGTTAAGTCCATCAACGAGCGCAACCCTTGTGTCTAGTTGTATTTTTCTAGACAGACTGCTTCGGTAACGGAGAGGAAGGAGGGGATGATGTCAGGTCAGTATTTCCCTTACGTCCTGGGCTAGAAACACGATACAATGGCTAGTACAATGCGCAGCGAAGCCGCGAGGTGAAGCAAATCGCACCAAAGCTAGTCCCAGTTCGGATTGGAGGCTGAAACTCGCCTCCATGAAGTCGGAATCGCTAGTAATCGCAAATCAGCAAGTTGCGGTGAATA
>sq56;size=188;
CTCGTGTTGTGAAATGTTGGGTTAAGTCCCGCAACGAGCGCAACCCTTATCCTTTGTTGCCAGCGATTTGGTCGGGAACTCAAAGGAGACTGCCGGTGATAAACCGGAGGAAGGTGGGGATGACGTCAAGTCATCATGGCCCTTACGAGTAGGGCTACACACGTGCTACAATGGCGTATACAGAGGGAAGCGATAGTGCGAGCTGGAGCGAATCTCACAAAGTACGTCTAAGTCCGGATTGGAGTCTGCAACTCGACTCCATGAAGTCGGAATCGCTAGTAATCGCAAATCAGAATGTTGCGGTGAATA
>sq57;size=182;
CTCGTGCCGTGAGGTGTCGGCTTAAGTGCCATAACGAGCGCAACCCTTGCCGTCAGTTGCCATCAGGAAAAGCTGGGGACTCTGTCGGGACTGCCACCGCAAGGTGTGAGGAAGGGGGGGATGACGTCAAATCAGCACGGCCCTTACGTCCGGGGCTACACACGTGTTACAATGGCGACTACAGAGGGGAGCCACCCGGTGACGGGGCGCCGATCTCCAAAAGTCGTCTCAGTTCGGACTGGAGTCTGCAACCCGACTCCACGAAGCTGGATTCGCTAGTAATCGCACATCAGCCATGGTGCGGTGAATA
>sq58;size=176;
CTCGTATCGTGAGATGTTGGGTTAAGTCCCGCAACGAGCGCAACCCCTATCTTATGTTGCCAGCACTTCGGGTGGGAACTCATGAGAGACTGCCGCAGACAATGCGGAGGAAGGCGGGGATGACGTCAAATCATCATGCCCCTTATGACCTGGGCTACACACGTACTACAATGGGAGTTAATAGACGGAAGCGAAACCGCGAGGTGGAGCAAACCCGAGAAACACTCTCTCAGTTCGGATCGTAGGCTGCAACTCGCCTACGTGAAGTCGGAATCGCTAGTAATCGCAGGTCAGCATACTGCGGTGAATA
>sq59;size=168;
CTCGTGCCGTGAGGTGTCGGCTTAAGTGCCATAACGAGCGCAACCCCTGTCTTTAGTTGCCATCAGGTGATGCTGGGCACTCTGGAGATACTGCCACCGTAAGGTGTGAGGAAGGTGGGGATGACGTCAAATCAGCACGGCCCTTACGTCCGGGGCTACACACGTGTTACAATGGCCGGTACAGAGGGACGGTGTAATGTAAATTGCATCCAATCTTGAAAGCCGGTCCCAGTTCGGACTGGGGTCTGCAACCCGACCCCACGAAGCTGGATTCGCTAGTAATCGCGCATCAGCCATGGCGCGGTGAATA
>sq60;size=168;
CTCGTGTCGTGAGATGTTGGGTTAAGTCCCGCAACGAGCGCAACCCCTATCTTATGTTGCCAGCACGTAATGGTGGGAACTCATGAGAGACTGCCGCAGACAATGCGGAGGAAGGCGGGGATGACGTCAAATCATCATGCCCCTTATGACCTGGGCTACACACGTACTACAATGGGAGTTAATAGACGGAAGCGAGATCGCGAGATGGAGCAAACCCGAGAAACACTCTCTCAGTTCGGATCGTAGGCTGCAACTCGCCTACGTGAAGTCGGAATCGCTAGTAATCGCAGGTCAGCATACTGCGGTGAATA
>sq61;size=165;
CTCGTGTCGTGAGATGTTGGGTTAAGTCCCGCAACGAGCGCAACCCCTATAGTTAGTAGCCAGCAGTAAGATGGGCACTCTAACTAGACTGCCAGGGATAACCTGGAGGAAGGCGGGGATGACGTCAAATCATCATGCCCCTTATGACTTGGGCTACACACGTGCTACAATGGCGTAAACAAAGGGAAGCAAGAGGGCGACCTTAAGCAAATCTCAAAAATAACGTCTCAGTTCGGACTGTAGTCTGCAACCCGACTACACGAAGCTGGAATCGCTAGTAATCGCAGATCAGCATGCTGCGGTGAATA
>sq62;size=159;
CTCGTGCCGTGAGGTGTCGGCTTAAGTGCCATAACGAGCGCAACCCCTCTCCGCAGTTGCCATCGGTTGATGCCGGGCACTCTGCGGACACTGCCTCCGCAAGGAGTGAGGAAGGTGGGGATGACGTCAAATCAGCACGGCCCTTACGTCCGGGGCTACACACGTGTTACAATGGCGCGTACAGAGTGTCGGTGCTGTGCAAACAGTATCTAATCAATAAAACGCGTCCCAGTTCGGACCGGGGTCTGCAACCCGACCCCGCGAAGCTGGATTCGCTAGTAATCGCGCATCAGCCATGGCGCGGTGAATA
>sq63;size=158;
CTCGTGCCGTGAGGTGTCGGCTCAAGTGCCATAACGAGCGCAACCCCCCTCCCCAGTTGCCATCGGGTGATGCCGGGCACTCCGGGGACACTGCCGCCGCAAGGTGCGAGGAAGGTGGGGACGACGTCAAATCAGCACGGCCCTTACGTCCGGGGCTACACACGTGTTACAATGGCCGGTACAGAGCGTCGGCCGCGCGCAAGTGCGGTCCAATCCTCAAAGCCGGTCCCAGTTCGGACTGGGGTCTGCAACCCGACCCCACGAAGCTGGATTCGCTAGTAATCGCGCATCAGCCATGGCGCGGTGAATA
>sq64;size=139;
CTCGTGCCGTGAGGTGTCGGCTTAAGTGCCATAACGAGCGCAACCCCTTTCTTCAGTTGCCATCAGGTAATGCTGGGCACTCTGGAGATACTGCCACCGCAAGGTGTGAGGAAGGTGGGGATGACGTCAAATCAGCACGGCCCTTACGTCCGGGGCTACACACGTGTTACAATGGCCGGTACAGAGAGTTGGTTGTGTGCAAACACGATCTAATCCTTAAATCCGGTCCCAGTTCGGACTGGGGTCTGCAACCCGACCCCACGAAGCTGGATTCGCTAGTAATCGCGCATCAGCCATGGCGCGGTGAATA
>sq65;size=136;
CTCGTGCCGTGAGGTGTCGGCTTAAGTGCCATAACGAGCGCAACCCCTCTCTTCAGTTGCCATCAGGTTAAGCTGGGCACTCTGGAGACACTGCCACCGTAAGGTGTGAGGAAGGTGGGGATGACGTCAAATCAGCACGGCCCTTACGTCCGGGGCTACACACGTGTTACAATGGCCGGTACAGAGGGATGGTGTAATGTAAATTGCATCAAATCTTGAAAGCCGGTCCCAGTTCGGACTGGGGTCTGCAACCCGACCCCACGAAGCTGGATTCGCTAGTAATCGCGCATCAGCCATGGCGCGGTGAATA
>sq66;size=133;
CTCGTGTCGTGAGATGTTGGGTTAAGTCCCGCAACGAGCGCAACCCCTATCTTATGTTGCCAGCACTTCGGGTGGGAACTCATGAGAGACTGCCGCAGACAATGCGGAGGAAGGCGGGGATGACGTCAAATCATCATGCCCCTTATGACCTGGGCTACACACGTACTACAATGGGAGTTAATAGACGGAAGCAATACTGCGAGGTGGAGCAAACCCGAGAAACACTCTCTCAGTTCGGATCGTAGGCTGCAACTCGCCTACGTGAAGTCGGAATCGCTAGTAATCGCAGGTCAGCATACTGCGGTGAATA
>sq67;size=120;
CTCGTGCCGTGAGGTGTCGGCTTAAGTGCCATAACGAGCGCAACCCTTCTCCTCGGTTGCCATCGGGTAATGCCGGGCACTCCGTGGACACTGCCATCGTAAGATGTGAGGAAGGTGGGGATGACGTCAAATCAGCACGGCCCTTACGTCCGGGGCTACACACGTGTTACAATGGGGGGTACAGAAGGCCGCTACCCGGCGACGGGATGCTAATCTTTAAAACCTCTCTCAGTTCGGATCGGAGTCTGCAACCCGACTCCGTGAAGCTGGATTCGCTAGTAATCGCGCATCAGCCATGGCGCGGTGAATA
>sq68;size=116;
CTCGTGTCGTGAGATGTTGGGTTAAGTCCCGCAACGAGCGCAACCCTTAAGCTTAGTTGCCATCATTAAGTTGGGCACTCTAAGTTGACTGCCGGTGACAAACCGGAGGAAGGTGGGGATGACGTCAAATCATCATGCCCCTTATGATTTGGGCTACACACGTGCTACAATGGACAATACAAAGGGTAGCGAAACCGCGAGGTCAAGCAAATCCCATAAAGTTGTTCTCAGTTCGGATTGTAGTCTGCAACTCGACTACATGAAGCTGGAATCGCTAGTAATCGTAGATCAGCATGCTACGGTGAATA
>sq69;size=116;
CTCGTGTCGTGAGATGTTGGGTTAAGTCCCGCAACGAGCGCAACCCTTTTCCTTATTTGCCAGCGGGTTAAGCCGGGAACTTTAAGGATACTGCCAGTGACAAACTGGAGGAAGGCGGGGACGACGTCAAGTCATCATGGCCCTTACGACCAGGGCTACACACGTGCTACAATGGTCGGTACAAAGGGTTGCTACCTAGCGATAGGATGCTAATCTCAAAAAGCCGATCGTAGTCCGGATTGGAGTCTGCAACTCGACTCCATGAAGTCGGAATCGCTAGTAATCGCGGATCAGAATGCCGCGGTGAATA
>sq70;size=115;
CTCGTGTCGTGAGATGTTGGGTTAAGTCCCGCAACGAGCGCAACCCCTATTGTTAGTTGCCATCATTCAGTTGGGCACTCTAGCGAGACTGCCGGTAATAAACCGGAGGAAGGTGGGGATGACGTCAAATCATCATGCCCCTTATGACCTGGGCTACACACGTGCTACAATGGCTGGTACAACGAGTCGCAAGTCGGTGACGGCAAGCTAATCTCTTAAAGCCAGTCTCAGTTCGGATTGTAGGCTGCAACTCGCCTACATGAAGTCGGAATCGCTAGTAATCGCGGATCAGCACGCCGCGGTGAATA
>sq71;size=111;
CTCGTGTTGTGAAATGTTGGGTTAAGTCCCGCAACGAGCGCAACCCTTATCCTTTGTTGCCAGCGATTCGGTCGGGAACTCAAAGGAGACTGCCGGTGATAAACCGGAGGAAGGTGGGGATGACGTCAAGTCATCATGGCCCTTACGAGTAGGGCTACACACGTGCTACAATGGCGTATACAGAGGGAAGCGAGAGTGCGAGCTGGAGCGAATCTCACAAAGTACGTCTAAGTCCGGATTGGAGTCTGCAACTCGACTCCATGAAGTCGGAATCGCTAGTAATCGCAAATCAGAATGTTGCGGTGAATA
>sq72;size=109;
CTCGTGCCGTGAGGTGTCGGCTTAAGTGCCATAACGAGCGCAACCCCTCTCTTCAGTTGCCATCAGGTAATGCTGGGCACTCTGGAGACACTGCCACCGTAAGGTGTGAGGAAGGTGGGGATGACGTCAAATCAGCACGGCCCTTACGTCCGGGGCTACACACGTGTTACAATGGCCGGTACAGAGGGATGGTGTAATGCAAATTGCATCAAATCTTGAAAGCCGGTCCCAGTTCGGACTGGGGTCTGCAACCCGACCCCACGAAGCTGGATTCGCTAGTAATCGCGCATCAGCCATGGCGCGGTGAATA
>sq73;size=105;
CTCGTGTCGTGAGATGTTGGGTTAAGTCCCGTAACGAGCGCAACCCCTATGGCTAGTTGCTAACATTAAGTTGAGGACTCTAGCAAGACTGCCGTTGTTAAAACGGAGGAAGGTGGGGACGACGTCAAATCATCATGCCCTTTATGTCCTGGGCTACACACGTACTACAATGGGTAAGACAGAGGGAAGCGAAAGTGCGAACTGGAGCAAAACCCTAAACTTATTCTCAGTTCGGATTGGAGTCTGAAATTCGGCTCCATGAAGCTGGAATTGCTAGTAATGGCAGGTCAGCATACTGCCGTGAATA
>sq74;size=102;
CTCGTGTCGTGAGATGTTGGGTTAAGTCCCGCAACGAGCGCAACCCCTATAACTAGTTGCCAGCATTCAGATGGGGACTCTAGTTAGACTGCCGGTGACAAACCGGAGGAAGGTGGGGATGACGTCAAATCATCATGCCCCTTATGACCTGGGCTACACACGTGCTACAATGGATGGTACAACGAGCAGCGAACTCGCGAGGGTAAGCGAATCTCTAAAAGCCATTCTCAGTTCGGATTGTAGTCTGCAACTCGACTACATGAAGCCGGAATCGCTAGTAATCGCGGATCAGCACGCCGCGGTGAATA
>sq75;size=101;
CTCGTGTCGTGAGATGTTGGGTTAAGTCCCGCAACGAGCGCAACCCCTATTGTTAGTTGCCATCATTCAGTTGGGCACTCTAGCGGGACTGCCGGTAATAAACCGGAGGAAGGTGGGGATGACGTCAAATCATCATGCCCCTTATGACCTGGGCTACACACGTGCTACAATGGTTGGTACAACGAGTTGCGAGTCGGTGACGGCAAGCTAATCTCTTAAAGCCAATCTCAGTTCGGATTGTAGGCTGCAACTCGCCTACATGAAGTCGGAATCGCTAGTAATCGCGGATCAGCACGCCGCGGTGAATA
>sq76;size=100;
CTCGTGTCGTGAGATGTTGGGTTAAGTCCCGCAACGAGCGCAACCCCTATTGTTAGTTGCCATCATTCAGTTGGGCACTCTAGCGAGACTGCCGGTAATAAACCGGAGGAAGGTGGGGATGACGTCAAATCATCATGCCCCTTATGACCTGGGCTACACACGTGCTACAATGGTTGGTACAACGAGTTGCGAGTCGGTGACGGCAAGCTAATCTCTTAAAGCCAATCTCAGTTCGGATTGTAGGCTGCAACTCGCCTACATGAAGTCGGAATCGCTAGTAATCGCGGATCAGCACGCTGCGGTGAATA
>sq77;size=99;
CTCGTGTCGTGAGATGTTGGGTTAAGTCCCGCAACGAGCGCAACCCTCGTCCTATGTTGCCAGCACGTCATGGTGGGAACTCATGGGAGACTGCCGGGGTCAACTCGGAGGAAGGTGGGGATGACGTCAAATCATCATGCCCCTTATGTCTTGGGCTTCACGCATGCTACAATGGCCGGTACAAAGGGCTGCGATACCGTAAGGTGGAGCGAATCCCAAAAAGCCGGTCTCAGTTCGGATTGAGGTCTGCAACTCGACCTCATGAAGTTGGAGTCGCTAGTAATCGTGGATCAGCAACGCCACGGTGAATA
>sq78;size=99;
CTCGTGTCGTGAGATGTTGGGTTAAGTCCCGCAACGAGCGCAACCCCTATTGTTAGTTGCCATCATTTAGTTGGGCACTCTAGCGAGACTGCCGGTAATAAACCGGAGGAAGGTGGGGATGACGTCAAATCATCATGCCCCTTATGACCTGGGCTACACACGTGCTACAATGGCTGGTACAACGAGTCGCAAGTCGGTGACGACAAGCTAATCTCTTAAAGCCAGTCTCAGTTCGGATTGTAGGCTGCAACTCGCCTACATGAAGTCGGAATCGCTAGTAATCGCGGATCAGCACGCCGCGGTGAATA
>sq79;size=96;
CTCGTGCCGTGAGGTGTCGGCTTAAGTGCCATAACGAGCGCAACCCCTGTCTTCAGTTGCCATCAGGTAATGCTGGGCACTCTGCAGATACTGCCACCGTAAGGTGTGAGGAAGGTGGGGATGACGTCAAATCAGCACGGCCCTTACGTCCGGGGCTACACACGTGTTACAATGGGGGGTACAGCGAGCGGGATGCCCGCAAGGTCATTCAAATCATGAAAGCCTCCCTCAGTTCGGACTGGGGTCTGCAACCCGACCCCACGAAGCTGGATTCGCTAGTAATCGCGCATCAGCCATGGCGCGGTGAATA
>sq80;size=89;
CTCGTGTCGTGAGATGTTGGGTTAAGTCCCGCAACGAGCGCAACCCTCGCCATTAGTTGCCATCATTTAGTTGGGAACTCTAATGGGACTGCCGGTGCTAAGCCGGAGGAAGGTGGGGATGACGTCAAGTCCTCATGGCCCTTACAGGGTGGGCTACACACGTGCTACAATGGCGACTACAGAGGGTTAATCCTTAAAAGTCGTCTCAGTTCGGATTGTCCTCTGCAACTCGAGGGCATGAAGTTGGAATCGCTAGTAATCGCGGATCAGCATGCCGCGGTGAATA
>sq81;size=82;
CTCGTGTCGTGAGATGTTAGGTTAAGTCCTTCAACGAGCGCAACCCTTGTGAATAGTTGTATTTTTCTATTCAGACTGCCCCGGTAACGGGGAGGAAGGAGGGGATGATGTCAGGTCAGTATTTCCCTTACGTCCTGGGCTAGAAACGTAATACAATGGCTAGTACAATGCGCAGCGAAGCCGCGAGGTGAAGCAAATCGCATCAAAGCTAGTCCCAGTTCGGATTGTAGGCTGAAACTCGCCTACATGAAGTCGGAATCGCTAGTAATCGCAAATCAGCAAGTTGCGGTGAATA
>sq82;size=80;
CTCGTGCCGTGAGGTGTCGGGTTAAGTCCCATAACGAGCGCAACCCTTATCGTCAGTTACCATCAAGTAAAGTTGGGGACTCTGGCGAGACTGCCGGTGCAAACCGTGAGGAAGGTGGGGATGACGTCAAATCAGCACGGCCCTTACGTCCAGGGCGACACACGTGTTACAATGGGTAGTACAGAGAGTTGCCAGCCAGCGATGGTGAGCTAATCTATTAAATCTACCCTCAGTTCGGATTGGAGTCTGCAACTCGACTCCATGAAGCTGGATTCGCTAGTAATCGCGCATCAGCCATGGCGCGGTGAATA
>sq83;size=71;
CTCGTGTCGTGAGATGTTGGGTTAAGTCCCGCAACGAGCGCAACCCTTATCATTAGTTGCTACGCAAGGGCACTCTAATGAGACTGCCGGTGACAAACCGGAGGAAGGTGGGGATGACGTCAAGTCCTCATGGCCCTTATGTGTAGGGCTTCACACGTCATACAATGGTCGGTACAGAGGGTTGCGAAGCCGCGAGGTGGAGCCAATCCCAAAAAACCGATCGTAGTCCGGATTGCAGTCTGCAACTCGACTGCATGAAGTCGGAATCGCTAGTAATCGCGGATCAGCATGCCGCGGTGAATA
>sq84;size=70;
CTCGTGTCGTGAGATGTTGGGTTAAGTCCCGCAACGAGCGCAACCCTTATCATTAGTTGCTACGCAAGGGCACTCTAATGAGACTGCCGGTGACAAACCGGAGGAAGGTGGGGATGACGTCAAGTCCTCATGGCCCTTATATGTAGGGCTTCACACGTCATACAATGGTCGGTACAGAGGGTTGCGAAGCCGCGAGGTGGAGCCAATCCCAAAAAACCGATCGTAGTCCGGATTGCAGTCTGCAACTCGACTGCATGAAGTCGGAATCGCTAGTAATCGCGGATCAGCATGCCGCGGTGAATA
>sq85;size=70;
CTCGTGCCGTGAGGTGTTGGGTTAAGTCCCGCAACGAGCGCAACCCCTATCTTTAGTTGCCAGCGGTTCGGCCGGGGACTCTAAAGAGACTGCCTACGTAAGTAGTGAGGAAGGCGAGGACGACGTCAAGTCATCATGGCCCTTACGTCCAGGGCTACACACGTGCTACAATGGATGGTACAGAGAGTTGCGACACAGCGATGTGAAGCTAATCTCAAAAAGCCATTCTCAGTTCGGATCGAAGTCTGCAACTCGACTTCGTGAAGTTGGATTCGCTAGTAATCGCATATCAGCAATGATGCGGTGAATA
>sq86;size=59;
CTCGTGTCGTGAGATGTTGGGTTAAGTCCCGCAACGAGCGCAACCCCTATCTTATGTTGCCAGCACTTCGGGTGGGAACTCATGAGAGACTGCCGCAGACAATGCGGAGGAAGGCGGGGATGACGTCAAATCATCATGCCCCTTATGACCTGGGCTACACACGTACTACAATGGGAGTTAATAGACGGAAGCGAAACCACGAGGTGGAGCAAACCCGAGAAACACTCTCTCAGTTCGGATCGTAGGCTGCAACTCGCCTACGTGAAGTCGGAATCGCTAGTAATCGCAGGTCAGCATACTGCGGTGAATA
>sq87;size=58;
CTCGTGCCGTGAGGTGTCGGCTTAAGTGCCATAACGAGCGCAACCCCTGTCTTCAGTTGCCATCAGGTAATGCTGGGCACTCTGTAGATACTGCCACCGTAAGGTGTGAGGAAGGTGGGGATGACGTCAAATCAGCACGGCCCTTACGTCCGGGGCTACACACGTGTTACAATGGGGGGTACAGCGAGTTGGATGCCCGCAAGGTCATTCTAATCAATAAAGCCTCCCTCAGTTCGGACTGGGGTCTGCAACCCGACCCCACGAAGCTGGATTCGCTAGTAATCGCGCATCAGCCATGGCGCGGTGAATA
>sq88;size=56;
CTCGTGTCGTGAGATGTTGGGTTAAGTCCCGCAACGAGCGCAACCCCTATCTTATGTTGCCAGCACTTCGGGTGGGAACTCATGAGAGACTGCCGCAGACAATGCGGAGGAAGGCGGGGATGACGTCAAATCATCATGCCCCTTATGACCTGGGCTACACACGTACTACAATGGGAGTTAATAGACGGAAGCAATACCGCGAGGTGGAGCAAACCCGAGAAACACTCTCTCAGTTCGGATCGTAGGCTGCAACTCGCCTACGTGAAGTCGGAATCGCTAGTAATCGCAGGTCAGCATACTGCGGTGAATA
>sq89;size=54;
CTCGTGTCGTGAGATGTTGGGTTAAGTCCCGCAACGAGCGCAACCCCTATGTCTAGTTGCCAGCAGTAAGATGGGGACTCTAGACAGACTGCCAGTGATAAACTGGAGGAAGGCGGGGATGACGTCAAATCATCATGCCCCTTATGACTTGGGCTACACACGTGCTACAATGGATAGGAACAAAGAGAAGCTAACTCGCGAGAGCAAGCAAACCTCATAAAACTATTCTCAGTTCGGATTGTAGTCTGCAACTCGACTACATGAAGCTGGAATCGCTAGTAATCGCGAATCAGAATGTCGCGGTGAATA
>sq90;size=53;
CTCGTGTCGTGAGATGTTGGGTTAAGTCCCGCAACGAGCGCAACCCCTATCTTCTGTTACCAGCACGTAAGGGTGGGGACTCAGGAGAGACTGCCGCAGACAATGCGGAGGAAGGCGGGGATGACGTCAAGTCATCATGCCCCTTATGGCTTGGGCTACACACGTACTACAATGGCTCTTAATAGAGGGAAGCGAAGGAGCGATCCGGAGCAAACCCCAAAAACAGAGTCTCAGTTCGGATTGTAGGCTGCAACTCGCCTACATGAAGCAGGAATCGCTAGTAATCGCAGGTCAGCATACTGCGGTGAATA
>sq91;size=51;
CTCGTGTTGTGAAATGTTGGGTTAAGTCCCGCAACGAGCGCAACCCTTATCCTTTGTTGCCAGCGATTAGGTCGGGAACTCAAAGGAGACTGCCGGTGATAAACCGGAGGAAGGTGGGGATGACGTCAAGTCATCATGGCCCTTACGAGTAGGGCTACACACGTGCTACAATGGCGTATACAGAGGGAAGCGAGAGTGCGAGCTGGAGCGAATCTCACAAAGTACGTCTAAGTCCGGATTGGAGTCTGCAACTCGACTCCATGAAGTCGGAATCGCTAGTAATCGCAAATCAGAATGTTGCGGTGAATA
>sq92;size=50;
CTCGTGCCGTGAGGTGTCGGCTTAAGTGCCATAACGAGCGCAACCCTTCTCCACGTTTGCCATCAGGTTAAGCTGGGCACTCCGTGGATACTGCCATCGTAAGATGTGAGGAAGGTGGGGATGACGTCAAATCAGCACGGCCCTTACGTCCGGGGCTACACACGTGTTACAATGGCCGGTACAGAGGGAAGCCACCAGGCGACTGGGCGCTGATCCATGAAAACCGGTCTCAGTTCGGACTGGAGTCTGCAACCCGACTCCACGAAGCTGGATTCGCTAGTAATCGCGCATCAGCCATGGCGCGGTGAATA
>sq93;size=49;
CTCGTGTCGTGAGATGTTGGGTTAAGTCCCGCAACGAGCGCAACCCTTGCCCTATGTTGCCAGCACGTTGTGGTGGGGACTCGTGGGGGACTGCCGGGGTTAACTCGGAGGAAGGTGGGGATGACGTCAAATCATCATGCCCCTTATGTCTTGGGCTTCACGCATGCTACAATGGTTGGTACAGAGGGTTGCGATATCGTGAGGTGGAGCGAATCCCTTAAAGCCAGTCTCAGTTCGGATTGGGGTCTGCAACTCGACCCCATGAAGGTGGAGTCGCTAGTAATCGCAGATCAGCAACGCTGCGGTGAATA
>sq94;size=39;
CTCGTGCCGTGAGGTGTCGGCTTAAGTGCCATAACGAGCGCAACCCCTTTCTTCAGTTGCCATCAGGTAATGCTGGGCACTCTGGAGATACTGCCACCGCAAGGTGTGAGGAAGGTGGGGATGACGTCAAATCAGCACGGCCCTTACGTCCGGGGCTACACACGTGTTACAATGGCCGGTACAGAGAGTTGATTTTGTGCAAACACGATCCAATCCTTAAATCCGGTCCCAGTTCGGACTGGGGTCTGCAACCCGACCCCACGAAGCTGGATTCGCTAGTAATCGCGCATCAGCCATGGCGCGGTGAATA
>sq95;size=38;
CTCGTGCCGTGAGGTGTCAGGTTAAGTCCTATAACGAGCGCAACCCCTATTGTTAGTTACCAGCACGTCATGGTGGGGACTCTAGCAAGACTGCCGGTGTAAACCGTGAGGAAGGTGGGGATGACGTCAAATCATCACGGCCCTTACATCTTGGGCTACACACGTGCTACAATGGTCGTTACAGAGAGCAGCCACTGCGTGAGCAGGAGCGAATCTATAAAGACGGTCACAGTTCGGATCGGAGTCTGCAACTCGACTCCGTGAAGCTGGAATCGCTAGTAATCGGATATCAGCCATGATCCGGTGAATA
>sq96;size=38;
CTCGTGTCGTGAGATGTTGGGTTAAGTCCCGCAACGAGCGCAACCCTTGTCCTTAGTTACCAGCGGTTTGGCCGGGAACTCTAAGGATACTGCCAGTGACAAACTGGAGGAAGGCGGGGACGACGTCAAGTCATCATGGCCCTTACGACCAGGGCTACACACGTGCTACAATGGTAGGTACAGAGGGCAGCTACACAGCGATGTGATGCGAATCTCAAAAAGCCTATCGTAGTCCAGATTGGAGTCTGCAACTCGACTCCATGAAGTAGGAATCGCTAGTAATCGCGGATCAGAATGCCGCGGTGAATA
>sq97;size=36;
CTCGTGCCGTGAGGTGTCAGGTTAAGTCCTATAACGAGCGCAACCCCTATTGTTAGTTACCAGCACGTCATGGTGGGGACTCTAGCAGGACTGCCGGTGTAAACCGTGAGGAAGGTGGGGATGACGTCAAATCATCACGGCCCTTACATCTTGGGCTACACACGTGCTACAATGGTCGTTACAGAGAGCAGCCACTGCGTGAGCAGGAGCGAATCTATAAAGACGGTCACAGTTCGGATCGGAGTCTGCAACTCGACTCCGTGAAGCTGGAATCGCTAGTAATCGGATATCAGCCATGATCCGGTGAATA
>sq98;size=34;
CTCGTGTCGTGAGATGTTGGGTTAAGTCCCGCAACGAGCGCAACCCTTGTCCTATGTTGCCAGCACGTAAAGGTGGGGACTCATGGGAGACTGCCGGGGTCAACTCGGAGGAAGGTGGGGATGACGTCAAATCATCATGCCCCTTATGTCTTGGGCTTCACGCATGCTACAATGGCCGGTACAGTGGGTTGCGATACTGTGAGGTGGAGCTAATCCCTAAAAGCCGGTCTCAGTTCGGATCGAAGTCTGCAACTCGACTTCGTGAAGTTGGAGTCGCTAGTAATCGCAGATCAGCAACGCTGCGGTGAATA
>sq99;size=34;
CTCGTGCCGTGAGGTGTCGGCTTAAGTGCCATAACGAGCGCAACCCCTGTCTTTAGTTGCCATCAGGTTAAGCTGGGCACTCTGGAGATACTGCCACCGTAAGGTGTGAGGAAGGTGGGGATGACGTCAAATCAGCACGGCCCTTACGTCCGGGGCTACACACGTGTTACAATGGCCGGTACAGAGGGACGGTGTAATGTAAATTGCATCCAATCTTGAAAGCCGGTCCCAGTTCGGACTGGGGTCTGCAACCCGACCCCACGAAGCTGGATTCGCTAGTAATCGCGCATCAGCCATGGCGCGGTGAATA
>sq100;size=32;
CTCGTGCCGTGAGGTGTCGGCTTAAGTGCCATAACGAGCGCAACCCCTTTTCTTAGTTGCCATCAGGTAATGCTGGGCACTCTGGGAACACTGCCACCGCAAGGTGTGAGGAAGGTGGGGATGACGTCAAATCAGCACGGCCCTTACGTCCGGGGCTACACACGTGTTACAATGGCCGGTACAGAGGGAGGGTGTAATGTAAATTGCATCAAATCTTAAAAGCCGGTCCCAGTTCGGACTGAGGTCTGCAACCCGACCTCACGAAGCTGGATTCGCTAGTAATCGCGCATCAGCCATGGCGCGGTGAATA
>sq101;size=21;
CTCGTGTCGTGAGATGTTGGGTTAAGTCCCGCAACGAGCGCAACCCTCGTCCTATGTTGCCAGCGGGTTATGCCGGGAACTCATGGGAGACTGCCGGGGTCAACTCGGAGGAAGGTGGGGATGACGTCAAGTCATCATGCCCCTTATGTCCAGGGCTTCACGCATGCTACAATGGCTGGTACAAAGTGTTGCGATCCCGTGAGGGTGAGCGAATCACGTAAAGCCAGTCTCAGTTCGGATTGGGGTCTGCAACTCGACCCCATGAAGTCGGAGTCGCTAGTAATCGCAGATCAGCATTGCTGCGGTGAATA
>sq102;size=20;
CTCGTGCCGTGAGGTGTCGGCTCAAGTGCCATAACGAGCGCAACCCCTCTCCGTAGTTGCCATCGGGTCATGCCGGGCACTCTTCGGACACTGCCGCCGCAAGGTGTGAGGAAGGTGGGGATGACGTCAAATCAGCACGGCCCTTACGTCCGGGGCTACACACGTGTTACAATGGCCGGTACAGAGAGTCGTCCGGGCGCGAGCCCGGCCCAATCCCTAAATCCGGCCTCAGTTCGGACTGGGGTCTGCAACCCGACCCCACGAAGCTGGATTCGCTAGTAATCGCGCATCAGCCATGGCGCGGTGAATA
>sq103;size=16;
CTCGTGCCGTGAGGTGTCGGCTTAAGTGCCATAACGAGCGCAACCCCTTTTCTTAGTTGCCATCAGGTCATGCTGGGCACTCTGGGAATACTGCCACCGTAAGGTGTGAGGAAGGTGGGGATGACGTCAAATCAGCACGGCCCTTACGTCCGGGGCTACACACGTGTTACAATGGCCGGTACAGAGGGCAGGTTGCATGTAAATGCGATCGAATCTTAAAAGCCGGTCCCAGTTCGGACTGAGGTCTGCAACCCGACCTCACGAAGCTGGATTCGCTAGTAATCGCGCATCAGCCATGGCGCGGTGAATA
>sq104;size=12;
CTCGTGCCGTGAGGTGTTGGGTTAAGTCCCGCAACGAGCGCAACCCCTACTGCCAGTTACTAACAGGTAAAGCTTGAGGACTCTGGCGGAACTGCCGATGACAAATCGGAGGAAGGTGGGGATGACGTCAAGTCATCATGGCCCTTATGTCCAGGGCTACACACGTGCTACAATGGTTGCTACAAAGCGAAGCGAGACCGTAAGGTGGAGCAAACCGCAAAAAAGCAATCGTAGTTCGGATTGAAGTCTGAAACTCGACTTCATGAAGTTGGAATCGCTAGTAATCGCGCATCAGCACGGCGCGGTGAATA
>sq105;size=4;
CTCGTGTCGTGAGATGTTGGGTTAAGTCCCGCAACGAGCGCAACCCCTGTTCTTTGTTGCCATCACGTAAAGGTGGGCACTCAAAGGAGACTGCCGCGGAGAACGCGGAGGAAGGCGGGGATGACGTCAAGTCATCATGCCCCTTATGGTCTGGGCTACACACGTACTACAATGGAACGGACAGAGAGCAGCGAACCCGCGAGGGCAAGCGAACCTCAAAAACCGTTTCCCAGTTCGGATTGCAGGCTGCAACTCGCCTGCATGAAGTCGGAATCGCTAGTAATCGCAGGTCAGCATACTGCGGTGAATA
>sq106;size=4;
CTCGTGCCGTGAGGTGTTGGGTTAAGTCCCGCAACGAGCGCAACCCCTACTGCCAGTTACCAGCGCGTAAAGGCGGGGACTCTGGCGGAACTGCCTGCGACAAGCAGGAGGAAGGTGGGGATGACGTCAAGTCATCATGGCCCTTATGTCCAGGGCTACACACGTGCTACAATGGTTGGGACAGAGCGAAGCGAGTGCGAGAGTACAAGCAGAACGCAGAAATCCGATCGTAGTCCGGATTGGAGTCTGAAACTCGACTCCATGAAGTTGGAATCGCTAGTAATCGCACATCAGCACGGTGCGGTGAATA
