>sq1;size=16291;
CTCGTGTCGTGAGATGTTGGGTTAAGTCCCGCAACGAGCGCAACCCTTGTTCACTGTTGCCAGCACGTTATGGTGGGGACTCAGTGGAGACCGCCGGGGTCAACTCGGAGGAAGGTGGGGATGACGTCAAGTCATCATGCCCCTTATGTCCAGGGCTTCACGCATGCTACAATGGCTGGTACAGAGAGTGGCGAGCCTGTGAGGGTGAGCGAATCTCGGAAAGCCGGTCTCAGTTCGGATTGGGGTCTGCAACTCGACCTCATGAAGTCGGAGTCGCTAGTAATCGCAGATCAGCAACGCTGCGGTGAATA
>sq2;size=5899;
CTCGTGTCGTGAGATGTTGGGTTAAGTCCCGCAACGAGCGCAACCCTTGTCCTTAGTAGCCAGCAGTCAGATGGGCACTCTAGGGAGACTGCCAGGGATAACCTGGAGGAAGGTGGGGATGACGTCAAATCATCATGCCCCTTATGATTTGGGCTACACACGTGCTACAATGGCGTAAACAAAGTGAAGCGAAACCGCGAGGTCAAGCCAATCACAAAAATAACGTCTCAGTTCGGATTGTAGGCTGCAACTCGCCTACATGAAGCTGGAATCGCTAGTAATCGCAGATCAGCATGCTGCGGTGAATA
>sq3;size=4791;
CTCGTGTCGTGAGATGTTGGGTTAAGTCCCGCAACGAGCGCAACCCTCGTCCAATGTTGCCAGCGGGTTATGCCGGGGACTCATTGGAGACCGCCGGGGTCAACTCGGAGGAAGGTGGGGATGACGTCAAGTCATCATGCCCCTTATGTCCAGGGCTTCACGCATGCTACAATGGCCGGTACAGTGAGCTGCGAGCCTGTGAGGGTGAGCGAATCTCTAAAAGCCGGTCTCAGTTCGGATTGGGGTCTGCAACTCGACCCCATGAAGTCGGAGTCGCTAGTAATCGCAGATCAGCAACGCTGCGGTGAATA
>sq4;size=3456;
CTCGTGTCGTGAGATGTTGGGTTAAGTCCCGCAACGAGCGCAACCCTCGTCCAATGTTGCCAGCGGGTTATGCCGGGGACTCATTGGAGACCGCCGGGGTCAACTCGGAGGAAGGTGGGGATGACGTCAAGTCATCATGCCCCTTATGTCCAGGGCTTCACGCATGCTACAATGGCCGGTACAAAGAGCTGCGAGCCTGTGAGGGTGAGCGAATCTCGGAAAGCCGGTCTCAGTTCGGATTGGGGTCTGCAACTCGACCCCATGAAGTCGGAGTCGCTAGTAATCGCAGATCAGCAACGCTGCGGTGAATA
>sq5;size=3054;
CTCGTGTCGTGAGATGTTGGGTTAAGTCCCGCAACGAGCGCAACCCTTGTCTTATGTTGCCAGCACTTTGGGTGGGGACTCATGAGAGACTGCCGGGGTTAACTCGGAGGAAGGTGGGGATGACGTCAAATCATCATGCCCTTTATGCCCAGGGCTTCACACATGCTACAATGGTTAGTACAACGCGCTGCGAACCTGTGAGGGTGAGCGAATCGCTGAAAGCTAATCTCAGTTCGGATTGGGGTCTGCAACTCGACCCCATGAAGTCGGAGTCGCTAGTAATCGCAGATCAGCAATGCTGCGGTGAATA
>sq6;size=3035;
CTCGTGTCGTGAGATGTTGGGTTAAGTCCCGCAACGAGCGCAACCCCTGTCCCGTGTTGCCAGCGCGTGGTGGCGGGGACTCTCGGGAGACTGCCGGGGTCAACTCGGAGGAGGGTGGGGACGACGTCAAATCATCATGCCCCTGACGTCCTGGGCTTCACGCATGCTACAATGGCCGGTACAGAGGGTTGCGATGCCGTGAGGCGGGGCGAATCCCTTAAAGCCGGTCTCAGTTCGGATCGGTGTCTGCAACTCGACACCGTGAAGTCGGAGTCGCTAGTAATCGCAGATCAGCATTGCTGCGGTGAATA
>sq7;size=2860;
CTCGTGTCGTGAGATGTTGGGTTAAGTCCCGCAACGAGCGCAACCCTTGTCTTATGTTGCCAGCACGTTTTCAGGTGGGGACTCATGAGAGACTGCCGGGGTTAACTCGGAGGAAGGTGGGGATGACGTCAAATCATCATGCCCTTTATGCCCAGGGCTTCACACATGCTACAATGGTTAGTACAACGCGCTGCAAGCCTGTGAGGGTGAGCGAATCGCTGAAAGCTAATCTCAGTTCGGATTGGGGTCTGCAACTCGACCCCATGAAGTCGGAGTCGCTAGTAATCGCAGATCAGCAATGCTGCGGTGAATA
>sq8;size=2665;
CTCGTGTCGTGAGATGTTGGGTTAAGTCCCGCAACGAGCGCAACCCCTGTCCCGTGTTGCCAGCGCGTCGTGGCGAGGACTCTCGGGAGACTGCCGGGGTCAACTCGGAGGAGGGTGGGGACGACGTCAAATCATCATGCCCCTGACGTCCTGGGCTTCACGCATGCTACAATGGCCGGTACAGAGGGTTGCGATGCCGCGAGGCGGGGCGAATCCCTTAAAGCCGGTCTCAGTTCGGATCGGTGTCTGCAACTCGACACCGTGAAGTCGGAGTCGCTAGTAATCGCAGATCAGCATTGCTGCGGTGAATA
>sq9;size=2480;
CTCGTGTCGTGAGATGTTGGGTTAAGTCCCGCAACGAGCGCAACCCTTATCCTTACTTGCCAGCACTTTGGGTGGGAACTGTAAGGAGACTGCCGGTGACAAACCGGAGGAAGGTGGGGATGACGTCAAGTCATCATGGCCCTTACGGCCTGGGCTACACACGTGCTACAATGGTCGGTACAGACGGTAGCGAAGCCGCGAGGTGGAGCCAATCTGAGAAAGCCGATCGTAGTCCGGATTGCAGTCTGCAACTCGACTGCATGAAGTCGGAATCGCTAGTAATCGCGAATCAGCATGTCGCGGTGAATA
>sq10;size=2447;
CTCGTGTCGTGAGATGTTGGGTTAAGTCCCGCAACGAGCGCAACCCCTTTCGTATGTTACCATCATTAAGTTGGGGACTCATGCGATACTGCCTGCGATGAGCAGGAGGAAGGTGGGGATGACGTCAAGTCATCATGCCCCTTATACGCTGGGCTACACACGTGCTACAATGGGTAGTACAGAGAGTCGCAAAGCCGTGAGGTGGAGCTAATCTCAGAAAACTATTCTTAGTTCGGATTGTACTCTGCAACTCGAGTACATGAAGTTGGAATCGCTAGTAATCGCGAATCAGCAATGTCGCGGTGAATA
>sq11;size=2322;
CTCGTGTCGTGAGATGTTGGGTTAAGTCCCGCAACGAGCGCAACCCTTGTCCTTAGTAGCCAGCAGTAAGATGGGGACTCTAAGGAGACAGACGGAGATAATCCGGAGGAAGATGGGGATGACGTCAAATCATCATGCCCCTTATGATTTGGGCTACACACGTGCTACAATGGCGTAAACAAAGAGAAGCAAGAGTGCGAGCTTAAGCAAATCTCAAAAATAACGTCTCAGTTCGGATTGCAGGCTGCAACTCGCCTGCATGAAGCCGGAATCGCTAGTAATCGCAGATCAGCATGCTGCGGTGAATA
>sq12;size=1847;
CTCGTGTCGTGAGATGTTGGGTTAAGTCCCGCAACGAGCGCAACCCTTGTCCTTAGTAGCCAGCAGTTAGATGGGCACTCTAGGGAGACTGCCAGGGATAACCTGGAGGAAGGTGGGGATGACGTCAAATCATCATGCCCCTTATGATTTGGGCTACACACGTGCTACAATGGCGTAAACAAAGTGAAGCGAAACCGCGAGGTCAAGCGAATCACAAAAATAACGTCTCAGTTCGGATTGTAGGCTGCAACTCGCCTACATGAAGCTGGAATCGCTAGTAATCGCAGATCAGCATGTTGCGGTGAATA
>sq13;size=1443;
CTCGTGCCGTGAGGTGTCAGGTTAAGTCCTATAACGAGCGCAACCCCTGCCATTAGTTGCTAGCGAGTCGAGTCGAGCACTCTAGTGGGACTGCCGGTGCAAACCGTGAGGAAGGTGGGGATGACGTCAAATCATCACGGCCCTTACATCTTGGGCTACACACGTGCTACAATGGTCGTTACAGAGAGCAGCCACTGCGTGAGCAGGCGCGAATCTATAAAGACGATCACAGTTCGGATCGGAGTCTGCAACTCGACTCCGTGAAGCTGGAATCGCTAGTAATCGGATATCAGCCATGATCCGGTGAATA
>sq14;size=1163;
CTCGTGTCGTGAGATGTTGGGTTAAGTCCCGCAACGAGCGCAACCCTTGTCTTATGTTGCCAGCACGTTTGGGTGGGGACTCATGAGAGACTGCCGGGGTTAACTCGGAGGAAGGTGGGGATGACGTCAAATCATCATGCCCTTTATGCCCAGGGCTTCACACATGCTACAATGGTTAGTACAACGCGCGGCAAACCTGTGAGGGTGAGCGAATCGCTGAAAGCTAATCTCAGTTCGGATTGGGGTCTGCAACTCGACCCCATGAAGTCGGAGTCGCTAGTAATCGCAGATCAGCAATGCTGCGGTGAATA
>sq15;size=1127;
CTCGTGTCGTGAGATGTTTGGTTAAGTCCATCAACGAGCGCAACCCTTGCAACTAGTTGGATTTTTCTAGTTGGACTGCTTCGGTAACGGAGAGGAAGGAGGGGATGATGTCAGGTCAGTATTTCCCTTACGTCCTGGGCTAGAAACACGATACAATGGCTAGTACAATGCGCAGCAAAGCCGCGAGGTGGAGCAAATCGCATCAAAGCTAGTCCCAGTTCGGATTGGAGGCTGAAACTCGCCTCCATGAAGTCGGAATCGCTAGTAATCGCAGATCAGCAAGCTGCGGTGAATA
>sq16;size=1063;
CTCGTGCCGTGAGGTGTCGGCTTAAGTGCCATAACGAGCGCAACCCTTGCCAATAGTTACCAGCATTTAGATGGGGACTCTATTGGGACTGCCACCGTAAGGTGTGAGGAAGGTGGGGATGACGTCAAATCAGCACGGCCCTTACGTCCGGGGCGACACACGTGTTACAATGGGGAGTACAGAGGGTTGCTACACCGCGAGGTGATGCTAATCCCTTAAAACTTTTCTCAGTTCGGATCGGAGTCTGCAACTCGACTCCGTGAAGCTGGATTCGCTAGTAATCGCGCATCAGCCATGGCGCGGTGAATA
>sq17;size=1031;
CTCGTGTCGTGAGATGTTGGGTTAAGTCCCGCAACGAGCGCAACCCCTGTTCTTTGTTGCCATCACGTAAAGGTGGGCACTCAAAGGAGACTGCCGCGGAGAACGCGGAGGAAGGCGGGGATGACGTCAAGTCATCATGCCCCTTATGGTCTGGGCTACACACGTACTACAATGGAACGGACAGAGAGCAGCGAACCCGCGAGGGCAAGCGAACCTCAAAAACCGTTTCCCAGTTCGGATTGCAGGCTGCAACTCGCCTGCATGAAGTCGGAATCGCTAGTAATCGCAGGTCAGCATACTGCGGTGAATA
>sq18;size=1017;
CTCGTGTCGTGAGATGTTGGGTTAAGTCCCGCAACGAGCGCAACCCCTGTCCCGTGTTGCCAGCACGTCGTGGTGGGGACTCGCGGGAGACTGCCGGGGTCAACTCGGAGGAGGGTGGGGACGACGTCAAATCATCATGCCCCTTATGTCCTGGGCTTCACGCATGCTACAATGGCCGGTACAGAGGGTTGCGATGCCGTGAGGCGGGGCGAATCCCTTAAAGCCGGTCTCAGTTCGGATCGGTGTCTGCAACTCGACACCGTGAAGCTGGAGTCGCTAGTAATCGCGGATCAGCAACGCCGCGGTGAATA
>sq19;size=857;
CTCGTGTCGTGAGATGTTGGGTTAAGTCCCGCAACGAGCGCAACCCTTGCCCTATGTTGCCAGCACGTGATGGTGGGGACTCGTGGGGGACTGCCGGGGTTAACTCGGAGGAAGGTGGGGATGACGTCAAATCATCATGCCCCTTATGTCTTGGGCTTCACGCATGCTACAATGGTTGGTACAGAGGGTTGCGATATCGTGAGGTGGAGCGAATCCCTTAAAGCCAGTCTCAGTTCGGATTGGGGTCTGCAACTCGACCCCATGAAGGTGGAGTCGCTAGTAATCGCAGATCAGCAACGCTGCGGTGAATA
>sq20;size=800;
CTCGTGTCGTGAGATGTTTGGTTAAGTCCATCAACGAGCGCAACCCTTGTGAATAGTTGAATTTTTCTATTCAGACTGCCCCGGCAACGGGGAGGAAGGAGGGGATGATGTCAGGTCAGTATTTCTCTTACATCCTGGGCTAGAAACGTGATACAATGGCAAGTACAATGCGCAGCGAAGCCGCGAGGTGAAGCAAATCGCACCAAAGCTTGTCCCAGTTCGGATTGGAGGCTGAAACTCGCCTCCATGAAGTCGGAATCGCTAGTAATCGCAGGTCAGCAAACTGCGGTGAATA
>sq21;size=795;
CTCGTGCCGTGAGGTGTCGGCTTAAGTGCCATAACGAGCGCAACCCTGACTGTCAGTTGCTAACAGGTTAAGCTGAGGACTCTGGCGGGACTGCCGGCGTAAGCTGTGAGGAAGGTTGGGATGACGTCAAATCAGCACGGCCCTTACATCCGGGGCGACACACGTGTTACAATGGCAGGGACAAAGGGCAGCTACCGAGCGATCGGATGCAAATCTCTAAACCCTGTCTCAGTTCGGATCGGAGTCTGCAACTCGACTCCGTGAAGCTGGATTCGCTAGTAATCGCGCATCAGCCATGGCGCGGTGAATA
>sq22;size=698;
CTCGTGTCGTGAGATGTTGGGTTAAGTCCCGCAACGAGCGCAACCCCTTTCGTATGTTACCATCATTAAGTTGGGGACTCATGCGATACTGCCTGCGATGAGCAGGAGGAAGGTGGGGATGACGTCAAGTCATCATGCCCCTTATACGCTGGGCTACACACGTGCTACAATGGGTAGAACAGAGAGTTGCAAAGCCGTGAGGTGGAGCTAATCTCAGAAAACTATTCTTAGTTCGGATTGTACTCTGCAACTCGAGTACATGAAGTTGGAATCGCTAGTAATCGCGAATCAGCAATGTCGCGGTGAATA
>sq23;size=684;
CTCGTGCCGTGAGGTGTCGGCTTAAGTGCCATAACGAGCGCAACCCCCGTCTTCAGTTGCCATCGGGTAATGCCGGGCACTCTGGAGATACTGCCACCGCAAGGTGTGAGGAAGGTGGGGATGACGTCAAATCAGCACGGCCCTTACGTCCGGGGCTACACACGTGTTACAATGGCGCATACAGAGAGTAGGTGGCATGCGAATGCCATCCAATCCTTAAAGTGCGTCTCAGTTCGGACTGGGGTCTGCAACCCGACCCCACGAAGCTGGATTCGCTAGTAATCGCGCATCAGCCATGGCGCGGTGAATA
>sq24;size=679;
CTCGTGTCGTGAGATGTTGGGTTAAGTCCCGCAACGAGCGCAACCCTTGTCCCGTGTTGCCAGCGCGTGGTGGCGGGGACTCGCGGGAGACTGCCGGGGTTAACTCGGAGGAGGGTGGGGACGACGTCAAATCATCATGCCCCTTATGTCTTGGGCTTCACGCATGCTACAATGGCCGGTACAGTGGGTTGCGATGTCGTGAGGCGGAGCGGATCCCTTAAAGCCGGTCTCAGTTCGGATCGGTGTCTGCAACTCGACACCGTGAAGCTGGAGTCGCTAGTAATCGCAGATCAGCACTGCTGCGGTGAATA
>sq25;size=645;
CTCGTGTCGTGAGATGTTGGGTTAAGTCCCGCAACGAGCGCAACCCCTATCTTATGTTGCCAGCACTTTGGGTGGGAACTCATGAGAGACTGCTGCAGACAATGCGGAGGAAGGCGGGGATGACGTCAAATCATCATGCCCCTTATGACCTGGGCTACACACGTACTACAATGGGAGTTAATAGACGGAAGCGAGATCGCGAGATGGAGCAAACCCGAGAAACACTCTCTCAGTTCGGATCGTAGGCTGCAACTCGCCTACGTGAAGTCGGAATCGCTAGTAATCGCAGGTCAGCATACTGCGGTGAATA
>sq26;size=617;
CTCGTGTCGTGAGATGTTGGGTTAAGTCCCGCAACGAGCGCAACCCTTATCCTTACTTGCCAGCACTTAGGGTGGGAACTGTAAGGAGACTGCCGGTGACAAGCCGGAGGAAGGTGGGGATGACGTCAAGTCATCATGGCCCTTACGGCCTGGGCTACACACGTGCTACAATGGTCGGTACAGACGGTAGCGAAGCCGCGAGGTGGAGCCAATCTGAGAAAGCCGGTCGTAGTCCGGATTGCAGTCTGCAACTCGACTGCATGAAGTCGGAATCGCTAGTAATCGCGAATCAGCATGTCGCGGTGAATA
>sq27;size=608;
CTCGTGTCGTGAGATGTTGGGTTAAGTCCCGCAACGAGCGCAACCCTTGTCGTCAGTAGCCAGCAGTAAGATGGGCACTCTGACGAGACAGCCGGAGATAATCCGGAGGAAGGTGGGGATGACGTCAAATCATCATGCCCCTTATGATTTGGGCTACACACGTGCTACAATGGCGTAAACAAAGTGAAGCAAAGCTGCGAAGCCAAGCAAATCACAAAAATAACGTCTCAGTTCGGATTGTAGTCTGCAACTCGACTATATGAAGCTGGAATCGCTAGTAATCGCAGATCAGAATGCTGCGGTGAATA
>sq28;size=591;
CTCGTGTCGTGAGATGTTGGGTTAAGTCCCGCAACGAGCGCAACCCTTGTCCTTAGTAGCCAGCAGTCAGATGGGCACTCTAGGGAGACTGCCAGGGATAACCTGGAGGAAGGTGGGGATGACGTCAAATCATCATGCCCCTTATGATTTGGGCTACACACGTGCTACAATGGCGTAAACAAAGTGAAGCGAAACCGCGAGGTCAAGCCAATCACAAAAATAACGTCTCAGTTCGGATTGTAGGCTGCAACTCGCCTACATGAAGCTGGAATCGCTAGTAATCGCAGATAAGCATGCTGCGGTGAATA
>sq29;size=582;
CTCGTGTCGTGAGATGTTGGGTTAAGTCCCGCAACGAGCGCAACCCTTGTCATTAGTTGCCATCATTAAGTTGGGCACTCTAGTGAGACTGCCGGGGACAACTCGGAGGAAGGTGGGGATGACGTCAAATCATCATGCCCCTTATGTTCTGGGCTACACACGTGCTACAATGGCTGGTACAAAGAGAAGCAAGACCGCAAGGTGGAGCAAAGCTCAAAAACCAGCCCCAGTTCGGATTGTAGGCTGAAACTCGCCTACATGAAGTCGGAGTTGCTAGTAATCGCAGATCAGAATGCTGCGGTGAATG
>sq30;size=566;
CTCGTGTCGTGAGATGTTGGGTTAAGTCCCGCAACGAGCGCAACCCTTGTCTTATGTTGCCAGCACGTTGAGGGTGGGGACTCATGAGAGACTGCCGGGGTTAACTCGGAGGAAGGTGGGGATGACGTCAAATCATCATGCCCTTTATGCCCAGGGCTTCACACATGCTACAATGGTTAGTACAACGCGCTGCAAGCCTGTGAGGGTGAGCGAATCGCTGAAAGCTAATCTCAGTTCGGATTGGGGTCTGCAACTCGACCCCATGAAGTCGGAGTCGCTAGTAATCGCAGATCAGCAATGCTGCGGTGAATA
>sq31;size=565;
CTCGTGTCGTGAGATGTTGGGTTAAGTCCCGCAACGAGCGCAACCCTTGTCTCGTGTTGCCAGCACGTTGTGGTGGGGACTCGCGGGAGACTGCCGGGGTCAACTCGGAGGAAGGTGGGGATGACGTCAAATCATCATGCCCCTTATGTCTTGGGCTTCACGCATGCTACAATGGCCGGTACAGAGGGCTGCGATACCGTGAGGTGGAGCGAATCCCTTAAAGCCGGTCTCAGTTCGGATCGGTGTCTGCAACTCGACACCGTGAAGTTGGAGTCGCTAGTAATCGCAGATCAGCAACGCTGCGGTGAATA
>sq32;size=553;
CTCGTGTCGTGAGATGTTGGGTTAAGTCCCGCAACGAGCGCAACCCCTATCTTATGTTGCCAGCACATAATGGTGGGAACTCATGAGAGACTGCCGCAGACAATGCGGAGGAAGGCGGGGATGACGTCAAATCATCATGCCCCTTATGACCTGGGCTACACACGTACTACAATGGGAGTTAATAGACGGAAGCGAGATCGCGAGATGGAGCAAACCCGAGAAACACTCTCTCAGTTCGGATCGTAGGCTGCAACTCGCCTACGTGAAGTCGGAATCGCTAGTAATCGCAGGTCAGCATACTGCGGTGAATA
>sq33;size=546;
CTCGTGTCGTGAGATGTTGGGTTAAGTCCCGCAACGAGCGCAACCCCTGTTCTTTGTTGCCAGCATGTAAGGATGGGCACTCAAAGGAGACTGCCGCGGAGAACGCGGAGGAAGGCGGGGATGACGTCAAGTCATCATGCCCCTTATGGTCTGGGCTACACACGTACTACAATGGGACGGACAGAGGGCAGCGAGAGAGTGATCTTAAGCGAATCTCAAAAACCGTTTCTCAGTTCGGATTGCAGGCTGCAACTCGCCTGCATGAAGTCGGAATCGCTAGTAATCGCAGGTCAGCATACTGCGGTGAATA
>sq34;size=512;
CTCGTGTCGTGAGATGTTGGGTTAAGTCCCGCAACGAGCGCAACCCCTGTTCTTTGTTGCCAGCATGTAAAGATGGGCACTCAAAGGAGACTGCCGCGGAGAACGCGGAGGAAGGCGGGGATGACGTCAAGTCATCATGCCCCTTATGGTCTGGGCTACACACGTACTACAATGGGACGGACAGAGGGCAGCGAGAGAGTGATCTTAAGCGAATCTCAAAAACCGTTTCTCAGTTCGGATTGCAGGCTGCAACTCGCCTGCATGAAGTCGGAATCGCTAGTAATCGCAGGTCAGCATACTGCGGTGAATA
>sq35;size=505;
CTCGTGTCGTGAGATGTTGGGTTAAGTCCCGCAACGAGCGCAACCCTTGTCTTATGTTGCCAGCACGTTGAGGGTGGGGACTCATGAGAGACTGCCGGGGTTAACTCGGAGGAAGGTGGGGATGACGTCAAATCATCATGCCCTTTATGCCCAGGGCTTCACACATGCTACAATGGTTAGTACAACGCGCTGCGAGCCTGTGAGGGTGAGCGAATCGCTGAAAGCTAATCTCAGTTCGGATTGGGGTCTGCAACTCGACCCCATGAAGTCGGAGTCGCTAGTAATCGCAGATCAGCAATGCTGCGGTGAATA
>sq36;size=504;
CTCGTGCCGTGAGGTGTCGGCTTAAGTGCCATAACGAGCGCAACCCCCGTCTTCAGTTGCCATCGGATGATGCCGGGCACTCTGGAGATACTGCCACCGCAAGGTGTGAGGAAGGTGGGGATGACGTCAAATCAGCACGGCCCTTACGTCCGGGGCTACACACGTGTTACAATGGCGCATACAGAGAGTCGGTGGCATGCGAGTGCCATCCAATCCTTAAAGTGCGTCTCAGTTCGGACTGGGGTCTGCAACCCGACCCCACGAAGCTGGATTCGCTAGTAATCGCGCATCAGCCATGGCGCGGTGAATA
>sq37;size=504;
CTCGTGTCGTGAGATGTTGGGTTAAGTCCCGCAACGAGCGCAACCCCTTTCGTATGTTACCATCATTAAGTTGGGGACTCATGCGATACTGCCTACGATGAGTAGGAGGAAGGTGGGGATGACGTCAAGTCATCATGCCCCTTATACGCTGGGCTACACACGTGCTACAATGGGTAGAACAGAGAGTTGCAAAGCCGTGAGGTGAAGCTAATCTCAGAAAACTATTCTTAGTTCGGATTGTACTCTGCAACTCGAGTACATGAAGTTGGAATCGCTAGTAATCGCGAATCAGCAATGTCGCGGTGAATA
>sq38;size=466;
CTCGTGTCGTGAGATGTTGGGTTAAGTCCCGCAACGAGCGCAACCCTTATTGTTAGTTGCCATCATTCAGTTGGGCACTCTAGCGAGACTGCCGGTAATAAACCGGAGGAAGGTGGGGATGACGTCAAATCATCATGCCCCTTATGACCTGGGCTACACACGTGCTACAATGGCTGGTACAACGAGTCGCAAGTCGGTGACGGCAAGCTAATCTCTTAAAGCCAGTCTCAGTTCGGATTGTAGGCTGCAACTCGCCTACATGAAGTCGGAATCGCTAGTAATCGCGGATCAGCACGCCGCGGTGAATA
>sq39;size=456;
CTCGTGTCGTGAGATGTTGGGTTAAGTCCCGCAACGAGCGCAACCCTTGCCCTATGTTGCCAGCACGTGATGGTGGGGACTCGTGGGGGACTGCCGGGGTTAACTCGGAGGAAGGTGGGGATGACGTCAAATCATCATGCCCCTTATGTCTTGGGCTTCACGCATGCTACAATGGTTGGTACAGAGGGTTGCGATACTGTGAGGTGGAGCGAATCCCTTAAAGCCAGTCTCAGTTCGGATTGGGGTCTGCAACTCGACCCCATGAAGGTGGAGTCGCTAGTAATCGCAGATCAGCAACGCTGCGGTGAATA
>sq40;size=442;
CTCGTGTCGTGAGATGTTGGGTTAAGTCCCGCAACGAGCGCAACCCCTGTTCTTTGTTGCCATCAGGTAGAGCTGGGCACTCAAAGGAGACTGCCGCGGAGAACGCGGAGGAAGGCGGGGATGACGTCAAGTCATCATGCCCCTTATGGTCTGGGCTACACACGTACTACAATGGAACGGACAGAGAGCAGCGAACCCGCGAGGGCAAGCGAACCTCAAAAACCGTTTCCCAGTTCGGATTGCAGGCTGCAACTCGCCTGCATGAAGTCGGAATCGCTAGTAATCGCAGGTCAGCATACTGCGGTGAATA
>sq41;size=436;
CTCGTGTCGTGAGATGTTGGGTTAAGTCCCGCAACGAGCGCAACCCTTGTCATTAGTTGCTACGAAAGGGCACTCTAATGAGACTGCCGGTGACAAACCGGAGGAAGGTGGGGATGACGTCAGGTCATCATGGCCCTTATGGGTAGGGCTACACACGTCATACAATGGCCGGGACAGAGGGCTGCCAACCCGCGAGGGGGAGCTAATCCCAGAAACCCGGTCGTAGTCCGGATCGTAGTCTGCAACTCGACTGCGTGAAGTCGGAATCGCTAGTAATCGCGGATCAGCTTGCCGCGGTGAATA
>sq42;size=426;
CTCGTGTCGTGAGATGTTGGGTTAAGTCCCGCAACGAGCGCAACCCTTGTCTTATGTTGCCAGCACGTTTTGGTGGGGACTCATGAGAGACTGCCGGGGTTAACTCGGAGGAAGGTGGGGATGACGTCAAATCATCATGCCCTTTATGCCCAGGGCTTCACACATGCTACAATGGTTAGTACAACGCGCTGCGAGCCTGTGAGGGTGAGCGAATCGCTGAAAGCTAATCTCAGTTCGGATTGGGGTCTGCAACTCGACCCCATGAAGTCGGAGTCGCTAGTAATCGCAGATCAGCAATGCTGCGGTGAATA
>sq43;size=417;
CTCGTGTCGTGAGATGTTGGGTTAAGTCCCGCAACGAGCGCAACCCCTGTCCCGTGTTGCCAGCACGTTGTGGTGGGGACTCGCGGGAGACTGCCGGGGTCAACTCGGAGGAGGGTGGGGATGACGTCAAATCATCATGCCCCTTATGTCTTGGGCTTCACGCATGCTACAATGGCCGGTACAGAGGGCTGCGATGCCGTGAGGTGGAGCGAATCCCTTAAAGCCGGTCTCAGTTCGGATCGGTGTCTGCAACTCGACACCGTGAAGTTGGAGTCGCTAGTAATCGCAGATCAGCAACGCTGCGGTGAATA
>sq44;size=407;
CTCGTGCCGTGAGGTGTCAGGTTAAGTCCTATAACGAGCGCAACCCCTGCCATTAGTTGCTAGCGAGTCAAGTCGAGCACTCTAGTGGGACTGCCGGTGCAAACCGTGAGGAAGGTGGGGATGACGTCAAATCATCACGGCCCTTACATCTTGGGCTACACACGTGCTACAATGGTCGTTACAGAGAGCAGCCACTGCGTGAGCAGGCGCGAATCTATAAAGACGATCACAGTTCGGATCGGAGTCTGCAACTCGACTCCGTGAAGCTGGAATCGCTAGTAATCGGATATCAGCCATGATCCGGTGAATA
>sq45;size=378;
CTCGTGCCGTGAGGTGTCGGCTTAAGTGCCATAACGAGCGCAACCCCTTTTTTCAGTTGCCATCGGGTGATGCCGGGCACTCTGAAGATACTGCCACCGTAAGGTGTGAGGAAGGTGGGGATGACGTCAAATCAGCACGGCCCTTACGTCCGGGGCTACACACGTGTTACAATGGCGCATACAGATTGTTGGTTGTATGTAAATACGATCTAATCTTGAAAGTGCGTCTCAGTTCGGACTGGGGTCTGCAACCCGACCCCACGAAGCTGGATTCGCTAGTAATCGCGCATCAGCCATGGCGCGGTGAATA
>sq46;size=365;
CTCGTGTCGTGAGATGTTGGGTTAAGTCCCGCAACGAGCGCAACCCCTATTGTTAGTTGCCATCATTTAGTTGGGCACTCTAGCGAGACTGCCGGTAATAAACCGGAGGAAGGTGGGGATGACGTCAAATCATCATGCCCCTTATGACCTGGGCTACACACGTGCTACAATGGCTGGTACAACGAGTCGCAAGCCGGTGACGGCAAGCTAATCTCTTAAAGCCAGTCTCAGTTCGGATTGTAGGCTGCAACTCGCCTACATGAAGTCGGAATCGCTAGTAATCGCGGATCAGCACGCCGCGGTGAATA
>sq47;size=356;
CTCGTGCCGTGAGGTGTCGGCTTAAGTGCCATAACGAGCGCAACCCTTGCCAATAGTTACCAGCATTCAGATGGGGACTCTATTGGGACTGCCACCGTAAGGTGCGAGGAAGGTGGGGATGACGTCAAATCAGCACGGCCCTTACGTCCGGGGCGACACACGTGTTACAATGGGGAGTACAGAGGGTTGCTACACCGCGAGGTGATGCTAATCCCTTAAAACTTTTCTCAGTTCGGATCGGAGTCTGCAACTCGACTCCGTGAAGCTGGATTCGCTAGTAATCGCGCATCAGCCATGGCGCGGTGAATA
>sq48;size=331;
CTCGTGTCGTGAGATGTTGGGTTAAGTCCCGCAACGAGCGCAACCCCTATCTTATGTTGCCAGCACTTCGGGTGGGAACTCATGAGAGACTGCCGCAGACAATGCGGAGGAAGGCGGGGATGACGTCAAATCATCATGCCCCTTATGACCTGGGCTACACACGTACTACAATGGGAGTTAATAGACGGAAGCGAAACCGCGAGGTGGAGCAAACCCGAGAAACACTCTCTCAGTTCGGATCGTAGGCTGCAACTCGCCTACGTGAAGTCGGAATCGCTAGTAATCGCAGGTCAGCATACTGCGGTGAATA
>sq49;size=328;
CTCGTGTCGTGAGATGTTGGGTTAAGTCCCGCAACGAGCGCAACCCTTTTCCTTATTTGCCAGCGGGTTAAGCCGGGAACTTTAAGGATACTGCCAGTGACAAACTGGAGGAAGGCGGGGACGACGTCAAGTCATCATGGCCCTTACGACCAGGGCTACACACGTGCTACAATGGTCGGTACAAAGGGTTGCTACCTAGCGATAGGATGCTAATCTCAAAAAGCCGATCGTAGTCCGGATTGGAGTCTGCAACTCGACTCCATGAAGTCGGAATCGCTAGTAATCGCGGATCAGAATGCCGCGGTGAATA
>sq50;size=313;
CTCGTGTCGTGAGATGTTGGGTTAAGTCCCGCAACGAGCGCAACCCCTGTTCTTTGTTGCCATCACGTTATGGTGGGCACTCAAAGGAGACTGCCGCGGAGAACGCGGAGGAAGGCGGGGATGACGTCAAGTCATCATGCCCCTTATGGTCTGGGCTACACACGTACTACAATGGAACGGACAGAGAGCAGCGAACCCGCGAGGGCAAGCGAACCTCAAAAACCGTTTCCCAGTTCGGATTGCAGGCTGCAACTCGCCTGCATGAAGTCGGAATCGCTAGTAATCGCAGGTCAGCATACTGCGGTGAATA
>sq51;size=311;
CTCGTGTCGTGAGATGTTGGGTTAAGTCCCGCAACGAGCGCAACCCTCGTCCAATGTTGCCAGCTGGTTATGCCGGGGACTCATTGGAGACCGCCGGGGTCAACTCGGAGGAAGGTGGGGATGACGTCAAGTCATCATGCCCCTTATGTCCAGGGCTTCACGCATGCTACAATGGCCGGTACAGTGAGCTGCGAGCCTGTGAGGGTGAGCGAATCTCTAAAAGCCGGTCTCAGTTCGGATTGGGGTCTGCAACTCGACCCCATGAAGTCGGAGTCGCTAGTAATCGCAGATCAGCAACGCTGCGGTGAATA
>sq52;size=309;
CTCGTGTCGTGAGATGTTGGGTTAAGTCCCGCAACGAGCGCAACCCTTGTCTCTAGTTGCTACGAAAGGGCACTCTAGAGAGACTGCCGGTGACAAACCGGAGGAAGGTGGGGATGACGTCAAGTCCTCATGGCCCTTATGGGTAGGGCTTCACACGTCATACAATGGTGCATACAGAGGGTTGCCAAGCCGCGAGGTGGAGCTAATCCCAGAAAATGCATCGTAGTCCGGATCGTAGTCTGCAACTCGACTACGTGAAGCTGGAATCGCTAGTAATCGCGGATCAGCATGCCGCGGTGAATA
>sq53;size=298;
CTCGTGCCGTGAGGTGTTGGGTTAAGTCCCGCAACGAGCGCAACCCCTACTGCCGGTTACTAACAGGTAGCGCTGAGGACTCAGGCGGAACTGCCTGCGACAAGCAGGAGGAAGGCGGGGACGACGTCAAGTCATCATGGCCCTTATGTCCAGGGCTACACACGTGCTACAATGGCCGCCACAGAGCGGAGCGAAGCCGAGAGGCGGAGCAGAACGCAGAAAAGCGGTCGTAGTCCGGATTGAAGTCTGAAACTCGACTTCATGAAGCTGGAATCGCTAGTAACCGCACATCAGCACGGCGCGGTGAATA
>sq54;size=288;
CTCGTGCCGTGAGGTGTCGGCTTAAGTGCCATAACGAGCGCAACCCCCTTTCCCAGTTGCCATCGGGTTATGCCGGGCACTCTGGGGACACTGCCACCGCAAGGTGCGAGGAAGGTGGGGATGACGTCAAATCAGCACGGCCCTTACGTCCGGGGCTACACACGTGTTACAATGGCCGGTACAGAGGGACGGTGTAACGCAAGTTGCATCCAATCTTGAAATCCGGTCCCAGTTCGGACTGGGGTCTGCAACCCGACCCCACGAAGCTGGATTCGCTAGTAATCGCGCATCAGCCATGGCGCGGTGAATA
>sq55;size=280;
CTCGTGTCGTGAGATGTTGGGTTAAGTCCCGCAACGAGCGCAACCCTTGTCATTAGTTGCCATCATTTAGTTGGGCACTCTAATGAGACTGCCGGTGACAAGCCGGAGGAAGGTGGGGATGACGTCAAGTCCTCATGGCCCTTATGACCAGGGCTTCACACGTCATACAATGGTCGGTACAGAGGGTAGCCAAGCCGCGAGGTGGAGCCAATCTCACAAAACCGATCGTAGTCCGGATTGCACTCTGCAACTCGAGTGCATGAAGTCGGAATCGCTAGTAATCGCAGGTCAGCATACTGCGGTGAATA
>sq56;size=274;
CTCGTGTCGTGAGATGTTGGGTTAAGTCCCGTAACGAGCGCAACCCCTATGGCTAGTTGCTAACATTAAGTTGAGGACTCTAGCAAGACTGCCGTTGTTAAAACGGAGGAAGGTGGGGACGACGTCAAATCATCATGCCCTTTATGTCCTGGGCTACACACGTACTACAATGGGTAAGACAGAGGGAAGCGAAAGTGCGAATTGGAGCAAAACCCTAAACTTATTCTCAGTTCGGATTGGAGTCTGAAATTCGGCTCCATGAAGCTGGAATTGCTAGTAATGGCAGGTCAGCATACTGCCGTGAATA
>sq57;size=267;
CTCGTGTTGTGAAATGTTGGGTTAAGTCCCGCAACGAGCGCAACCCTTATCCTTTGTTGCCAGCGATTCGGTCGGGAACTCAAAGGAGACTGCCGGTGATAAACCGGAGGAAGGTGGGGATGACGTCAAGTCATCATGGCCCTTACGAGTAGGGCTACACACGTGCTACAATGGCGTATACAGAGGGCGACGAAGCCGCGAGGTGGAGTGAATCTCACAAAGTACGTCTAAGTCCGGATTGGAGTCTGCAACTCGACTCCATGAAGTCGGAATCGCTAGTAATCGCGAATCAGAATGTCGCGGTGAATA
>sq58;size=249;
CTCGTGTCGTGAGATGTTGGGTTAAGTCCCGCAACGAGCGCAACCCTTGTCTTATGTTGCCAGCACGTTTGGGTGGGGACTCATGAGAGACTGCCGGGGTTAACTCGGAGGAAGGTGGGGATGACGTCAAATCATCATGCCCTTTATGCCCAGGGCTTCACACATGCTACAATGGTTAGTACAACGCGCTGCGAGCCTGTGAGGGTGAGCGAATCGCTGAAAGCTAATCTCAGTTCGGATTGGGGTCTGCAACTCGACCCCATGAAGTCGGAGTCGCTAGTAATCGCAGATCAGCAATGCTGCGGTGAATA
>sq59;size=245;
CTCGTGTCGTGAGATGTTGGGTTAAGTCCCGCAACGAGCGCAACCCTTATTGTTAGTTGCCATCATTCAGTTGGGCACTCTAGCGAGACTGCCGGTAATAAACCGGAGGAAGGTGGGGATGACGTCAAATCATCATGCCCCTTATGACCTGGGCTACACACGTGCTACAATGGCTGGTACAACGAGTCGCAAGCCGGTGACGGCAAGCTAATCTCTGAAAGCCAGTCTCAGTTCGGATTGTAGGCTGCAACTCGCCTACATGAAGTCGGAATCGCTAGTAATCGCGGATCAGCACGCCGCGGTGAATA
>sq60;size=241;
CTCGTGTCGTGAGATGTTGGGTTAAGTCCCGCAACGAGCGCAACCCCTGTTCTTTGTTGCCAGCATGTAAAGGTGGGCACTCAAAGGAGACTGCCGCGGAGAACGCGGAGGAAGGCGGGGATGACGTCAAGTCATCATGCCCCTTATGGTCTGGGCTACACACGTACTACAATGGGACGGACAGAGGGCAGCGAGAGAGTGATCTTAAGCGAATCTCAAAAACCGTTTCTCAGTTCGGATTGCAGGCTGCAACTCGCCTGCATGAAGTCGGAATCGCTAGTAATCGCAGGTCAGCATACTGCGGTGAATA
>sq61;size=239;
CTCGTGTCGTGAGATGTTGGGTTAAGTCCCGCAACGAGCGCAACCCCTTTCGTATGTTACCATCATTAAGTTGGGGACTCATGCGATACTGCCTGCGATGAGCAGGAGGAAGGTGGGGATGACGTCAAGTCATCATGCCCCTTATATGCTGGGCTACACACGTGCTACAATGGGTAGTACAGAGAGTCGCAAAGCCGTGAGGTGGAGCTAATCTCAGAAAACTATTCTTAGTTCGGATTGTACTCTGCAACTCGAGTACATGAAGTTGGAATCGCTAGTAATCGCGAATCAGCAATGTCGCGGTGAATA
>sq62;size=220;
CTCGTGTCGTGAGATGTTTGGTTAAGTCCATCAACGAGCGCAACCCTTGCAACCAGTTGTATTTTTCTGGTAGGACTGCCCCGGTAACGGGGAGGAAGGAGGGGATGATGTCAGGTCAGTATTTCCCTTACGCCTTGGGCTAGAATCGCGCTACAATGGCTGGTACAATGCGAAGCGAAGCAGTGATGTGAAGCAAATCGCACCAAAGCCAGTCCCAGTTCGGATAGAAGGCTGAAACTCGCCTTCTTGAAGTCGGAATCGCTAGTAATCGCAGATCAGCATGTTGCGGTGAATA
>sq63;size=217;
CTCGTGTCGTGAGATGTTGGGTTAAGTCCCGCAACGAGCGCAACCCTTGTCCTTAGTAGCCAGCAGTAAGATGGGGACTCTAAGGAGACAGACGGAGATAATCTGGAGGAAGATGGGGATGACGTCAAATCATCATGCCCCTTATGATTTGGGCTACACACGTGCTACAATGGCGTAAACAAAGAGAAGCAAGAGTGCGAGCTTAAGCAAATCTCAAAAATAACGTCTCAGTTCGGATTGCAGGCTGCAACTCGCCTGCATGAAGCCGGAATCGCTAGTAATCGCAGATCAGCATGCTGCGGTGAATA
>sq64;size=213;
CTCGTGTCGTGAGATGTTGGGTTAAGTCCCGTAACGAGCGCAACCCCTATGGCTAGTTGCTAACATTAAGTTGAGGACTCTAGCAAAACTGCCGTTGTTAAAACGGAGGAAGGTGGGGACGACGTCAAATCATCATGCCCTTTATGTCCTGGGCTACACACGTACTACAATGGGTAAGACAGAGGGAAGCGAAAGTGCGAATTGGAGCAAAACCCTAAACTTATTCTCAGTTCGGATTGGAGTCTGAAATTCGGCTCCATGAAGCTGGAATTGCTAGTAATGGCAGGTCAGCATACTGCCGTGAATA
>sq65;size=202;
CTCGTGTTGTGAAATGTTGGGTTAAGTCCCGCAACGAGCGCAACCCTTATCCTTTGTTGCCAGCACGTAATGGTGGGAACTCAAAGGAGACTGCCGGTGACAAACCGGAGGAAGGTGGGGATGACGTCAAGTCATCATGGCCCTTACGAGTAGGGCTACACACGTGCTACAATGGCGTATACAGAGGGTAACGAAGCTGCGAGGTGGAGTGAATCTCATAAAGTACGTCTAAGTCCGGATTGGAGTCTGCAACTCGACTCCATGAAGTCGGAATCGCTAGTAATCGCGAATCAGAATGTCGCGGTGAATA
>sq66;size=195;
CTCGTGTCGTGAGATGTTGGGTTAAGTCCCGCAACGAGCGCAACCCTTGTCTCGTGTTGCCAGCAGGTTGGGCTGGGGACTCACGGGAGACTGCCGGGGTTAACTCGGAGGAAGGTGGGGATGACGTCAAATCATCATGCCCCTTATGTCTTGGGCTTCACGCATGCTACAATGGCCGGTACAGAGGGTTGCGATATCGTGAGGTGGAGCGAATCCCTTAAAGTCGGTCTCAGTTCGGATCGGGGTCTGCAACTCGACCCCGTGAAGTCGGAGTCGCTAGTAATCGCGGATCAGCAACGCCGCGGTGAATA
>sq67;size=194;
CTCGTGTCGTGAGATGTTGGGTTAAGTCCCGCAACGAGCGCAACCCTTGTCTTTAGTTGCCAGCATTTAGTTGGGCACTCTAGAGAGACTGCCAGGGATAACCTGGAGGAAGGTGGGGATGACGTCAAATCATCATGCCCCTTATGCTTAGGGCTACACACGTGCTACAATGGGTGGTACAGAGGGTTGCCAAACCGTGAGGTGGAGCCAATCCCTTAAAGCCATTCTCAGTTCGGATTGTAGGCTGAAACTCGCCTACATGAAGCTGGAGTTACTAGTAATCGCAGATCAGAATGCTGCGGTGAATG
>sq68;size=190;
CTCGTGTCGTGAGATGTTGGGTTAAGTCCCGCAACGAGCGCAACCCCTTTCGTATGTTACCATCATTAAGTTGGGGACTCATGCGATACTGCCTACGATGAGTAGGAGGAAGGTGGGGATGACGTCAAGTCATCATGCCCCTTATACGCTGGGCTACACACGTGCTACAATGGGTAGAACAGAGAGTTGCAAAGCTGTGAAGTGGAGCTAATCTCAGAAAACTATTCTTAGTTCGGATTGTACTCTGCAACTCGAGTACATGAAGTTGGAATCGCTAGTAATCGCGAATCAGCAATGTCGCGGTGAATA
>sq69;size=178;
CTCGTGTCGTGAGATGTTGGGTTAAGTCCCGCAACGAGCGCAACCCTTATCATTAGTTGCTACGCAAGGGCACTCTAATGAGACTGCCGGTGACAAACCGGAGGAAGGTGGGGATGACGTCAAGTCCTCATGGCCCTTATGTGTAGGGCTTCACACGTCATACAATGGTCGGTACAGAGGGTTGCGAAGCCGTGAGGTGGAGCCAATCCCAGAAAACCGATCGTAGTCCGGATTGCAGTCTGCAACTCGACTGCATGAAGTCGGAATCGCTAGTAATCGCGGATCAGCATGCCGCGGTGAATA
>sq70;size=176;
CTCGTGTCGTGAGATGTTGGGTTAAGTCCCGCAACGAGCGCAACCCTTGTCGTCAGTAGCCAGCAGTAAGATGGGCACTCTGACGAGACAGCCGGAGATAATCCGGAGGAAGGTGGGGATGACGTCAAATCATCATGCCCCTTATGATTTGGGCTACACACGTGCTACAATGGCGTAAACAAAGTGAAGCAAGACCGCGAGGTTAAGCAAATCACAGAAATAACGTCTCAGTTCGGATTGTAGTCTGCAACTCGACTATATGAAGCCGGAATCGCTAGTAATCGCAGATCAGAATGCTGCGGTGAATA
>sq71;size=169;
CTCGTGCCGTGAGGTGTTGGGTTAAGTCCCGCAACGAGCGCAACCCCTACTGCCAGTTACTAACAGGTAAAGCTGAGGACTCTGGCGGAACTGCCGGTGACAAACCGGAGGAAGGTGGGGATGACGTCAAGTCATCATGGCCCTTATGTCCAGGGCTACACACGTGCTACAATGGTAGGAACAAAGTGAGGCGAAGCTGCAAAGCGGAGCAAAACGCAAAAAAACTATCGTAGTCCGGATTGGAGTCTGAAACTCGACTCCATGAAGTTGGAATCGCTAGTAATCGCGCATCAGCACGGCGCGGTGAATA
>sq72;size=168;
CTCGTGTCGTGAGATGTTAGGTTAAGTCCTTCAACGAGCGCAACCCTTGTGAATAGTTGTATTTTTCTATTCAGACTGCCCCGGTAACGGGGAGGAAGGAGGGAATGATGTCAGGTCAGTATTTCCCTTACGTCCTGGGCTAGAAACGTAATACAATGGCTAGTACAATGCGCAGCGAAGCCGCGAGGTGAAGCAAATCGCATCAAAGCTAGTCCCAGTTCGGATTGCAGGCTGAAACTCGCCTGCATGAAGTCGGAATCGCTAGTAATCGCAAATCAGCAAGTTGCGGTGAATA
>sq73;size=147;
CTCGTGTCGTGAGATGTTGGGTTAAGTCCCGCAACGAGCGCAACCCTCGTTCTATGTTGCCAGCACGTCATGGTGGGAACTCATGGAATACTGCCGGGGTCAACTCGGAGGAAGGTGAGGATGACGTCAAATCATCATGCCCCTTATGTCTTGGGCTTCACGCATGCTACAATGGCCGGTACAATGGGCTGCAATACCGCAAGGTGGAGCGAATCCCAAAAAGCCGGTCCCAGTTCGGATTGAGGTCTGCAACTCGACCTCATGAAGTCGGAGTCGCTAGTAATCGCAGATCAGCAACGCTGCGGTGAATA
>sq74;size=147;
CTCGTGTCGTGAGATGTTGGGTTAAGTCCCGCAACGAGCGCAACCCTTATATCTAGTTGCCAGCAGTAAGATGGGGACTCTAGATAGACTGCCAGTGATAAACTGGAGGAAGGTGGGGATGACGTCAAATCATCATGCCCCTTATGACTTGGGCTACACACGTGCTACAATGGATAGGAACAAAGAGAAGCGAGCTCGCGAGAGTAAGCAAACCTCACAAAACTATTCTCAGTTCGGATTGTAGTCTGCAACTCGACTACATGAAGCTGGAATCGCTAGTAATCGCGAATCAGAATGTCGCGGTGAATA
>sq75;size=144;
CTCGTGCCGTGAGGTGTCGGCTTAAGTGCCATAACGAGCGCAACCCCTGTCTACGGTTGCCATCAGGTAATGCTGGGAACTCCGTAGAGACTGCCGTCGTAAGGCGTGAGGAAGGTGGGGATGACGTCAAATCAGCACGGCCCTTACATCCGGGGCGACACACGTGTTACAATGGTGGGGACAAAGGGCAGCTACCTGGCGACAGGATGCGAATCTCCAAACCCCATCACAGTTCGGATCGGAGTCTGCAACTCGACTCCGTGAAGCTGGATTCGCTAGTAATCGCGCATCAGCCATGGCGCGGTGAATA
>sq76;size=143;
CTCGTGTCGTGAGATGTTGGGTTAAGTCCCGCAACGAGCGCAACCCCTTTCGTATGTTACCATCATTAAGTTGGGGACTCATGCGATACTGCCTACGATGAGTAGGAGGAAGGTGGGGATGACGTCAAGTCATCATGCCCCTTATACGCTGGGCTACACACGTGCTACAATGGGTAGTACAGAGAGTCGCAAAGCCGCGAGGTGGAGCTAATCTCAGAAAACTATTCTTAGTTCGGATTGTACTCTGCAACTCGAGTACATGAAGTTGGAATCGCTAGTAATCGCGAATCAGCAATGTCGCGGTGAATA
>sq77;size=142;
CTCGTGTCGTGAGATGTTGGGTTAAGTCCCGCAACGAGCGCAACCCTTGTCGTCAGTAGCCAGCATTAAGATGGGCACTCTGACGAGACAGCCGGAGATAATCCGGAGGAAGGTGGGGATGACGTCAAATCATCATGCCCCTTATGATTTGGGCTACACACGTGCTACAATGGCGTAAACAAAGTGAAGCAAAGCTGCGAAGCCAAGCAAATCACAAAAATAACGTCTCAGTTCGGATTGTAGTCTGCAACTCGACTATATGAAGCTGGAATCGCTAGTAATCGCAGATCAGAATGCTGCGGTGAATA
>sq78;size=141;
CTCGTGTCGTGAGATGTTGGGTTAAGTCCCGCAACGAGCGCAACCCCTATCTTATGTTGCCAGCACTTCGGGTGGGAACTCATGAGAGACTGCCGCAGACAATGCGGAGGAAGGCGGGGATGACGTCAAATCATCATGCCCCTTATGACCTGGGCTACACACGTACTACAATGGGAGTTAATAGACGGAAGCGAGATCGCGAGATGGAGCAAACCCGAGAAACACTCTCTCAGTTCGGATCGTAGGCTGCAACTCGCCTACGTGAAGTCGGAATCGCTAGTAATCGCAGGTCAGCATACTGCGGTGAATA
>sq79;size=140;
CTCAGTTCTGCGGTTTCTGCGGCGGCTGGAGAGGTGGTCGGAGAAGTAGGAACCTCCTGCCGGGCTCGTGGCGGCTTCTGTCCGCTCCGCGGAGGGAAGCGCCTTCCCCACAGGTAGTGGGTTAGGGAGGGCAGGGTTAGGGAGGGAAGCAGGGCCGCGCTCCCTGCCGCCCCCCCGGAGTCGGAGTGCGTTGGTGGGGTAGTCTCTGAGGGCCCTTCGCTCCTGGGATCTGCCCGTTACCGACCGTTGCCGGCAAGGCCCCGCGGCCGGCACCGGAGAAGGGCGGCGAGGCGGCGGGGATGGTCGCGTCCCGTGGCGGGAGGCTCGT
>sq80;size=131;
CTCGTGTCGTGAGATGTTGGGTTAAGTCCCGCAACGAGCGCAACCCCTATTCTCTGTTGCCAGCACGCGAAGGTGGGAACTCAGAGGAGACTGCCGCGGACAACGCGGAGGAAGGCGGGGATGACGTCAAGTCATCATGCCCCTTATGTCCTGGGCTACACACGTACTACAATGGGATGGACAGAGAGCAGCGAAGCCGCGAGGCCGAGCGAACCCCAAAAACCATTTCCCAGTTCGGATTGCAGGCTGCAACTCGCCTGCATGAAGATGGAATCGCTAGTAATCGCAGGTCAGCATACTGCGGTGAATA
>sq81;size=124;
CTCGTGCCGTGAGGTGTCGGCTTAAGTGCCATAACGAGCGCAACCCCTTTCTTCAGTTGCCATCAGGTGATGCTGGGCACTCTGTAGATACTGCCACCGCAAGGTGTGAGGAAGGTGGGGATGACGTCAAATCAGCACGGCCCTTACGTCCGGGGCTACACACGTGTTACAATGGCCGGTACAGAGAGTTGATTTTGTGCAAACACGATCCAATCCTTAAATCCGGTCCCAGTTCGGACTGGGGTCTGCAACCCGACCCCACGAAGCTGGATTCGCTAGTAATCGCGCATCAGCCATGGCGCGGTGAATA
>sq82;size=115;
CTCGTGTCGTGAGATGTTGGGTTAAGTCCCGCAACGAGCGCAACCCCTGTTCTTTGTTGCCATCACGTAAAGGTGGGCACTCAAAGGAGACTGCCGCGGAGAACGCGGAGGAAGGCGGGGATGACGTCAAGTCATCATGCCCCTTATGGTCTGGGCTACACACGTACTACAATGGAACGGACAGAGAGCAGCGAACCCGCGAGGGCAAGCGAACCTCAAAAACCGTTTCCCAGTTCGGATTGCAGGCTGCAACTTGCCTGCATGAAGTCGGAATCGCTAGTAATCGCAGGTCAGCATACTGCGGTGAATA
>sq83;size=113;
CTCGTGTCGTGAGATGTTGGGTTAAGTCCCGCAACGAGCGCAACCCCTATTGTTAGTTGCCATCATTCAGTTGGGCACTCTAGCGAGACTGCCGGTAATAAACCGGAGGAAGGTGGGGATGACGTCAAATCATCATGCCCCTTATGACCTGGGCTACACACGTGCTACAATGGCTGGTACAACGAGTCGCAAGTCGGTGACGGCAAGCTAATCTCTTAAAGCCAGTCTCAGTTCGGATTGTAGGCTGCAACTCGCCTACATGAAGTCGGAATCGCTAGTAATCGCGGATCAGCACGCCGCGGTGAATA
>sq84;size=109;
CTCGTGTCGTGAGATGTTGGGTTAAGTCCCGCAACGAGCGCAACCCTTGTCTTATGTTGCCAGCACGTTTTCAGGTGGGGACTCATGAGAGGCTGCCGGGGTTAACTCGGAGGAAGGTGGGGATGACGTCAAATCATCATGCCCTTTATGCCCAGGGCTTCACACATGCTACAATGGTTAGTACAACGCGCTGCAAGCCTGTGAGGGTGAGCGAATCGCTGAAAGCTAATCTCAGTTCGGATTGGGGTCTGCAACTCGACCCCATGAAGTCGGAGTCGCTAGTAATCGCAGATCAGCAATGCTGCGGTGAATA
>sq85;size=97;
CTCGTGCCGTGAGGTGTCGGCTTAAGTGCCATAACGAGCGCAACCCCTTTTCTTAGTTGCCATCGGGTAATGCCGGGCACTCTGGGAATACTGCCACCGTAAGGTGTGAGGAAGGTGGGGATGACGTCAAATCAGCACGGCCCTTACGTCCGGGGCTACACACGTGTTACAATGGCGCATACAGATTGTTGGTTGTGTGTAAATACGATCTAATCTTTAAAGTGCGTCTCAGTTCGGACTGGGGTCTGCAACCCGACCCCACGAAGCTGGATTCGCTAGTAATCGCGCATCAGCCATGGCGCGGTGAATA
>sq86;size=88;
CTCGTGTCGTGAGATGTTGGGTTAAGTCCCGCAACGAGCGCAACCCCTGTTCTTTGTTGCCATCACGTAAAGGTGGGCACTCAAAGGAGACTGCCGCGGAGAACGCGGAGGAAGGCGGGGATGACGTCAAGTCATCATGCCCCTTATGGTCTGGGCTACACACGTACTACAATGGAGTGGACAGAGAGCAGCAAGAGAGCGATCTGGAGCGAACCTCAAAAACCACTTCCCAGTTCGGATTGCAGGCTGCAACTCGCCTGCATGAAGTCGGAATCGCTAGTAATCGCAGGTCAGCATACTGCGGTGAATA
>sq87;size=88;
CTCGTGTCGTGAGATGTTGGGTTAAGTCCCGCAACGAGCGCAACCCTTGTCCCGTGTTGCCAGCACGTTGTGGTGGGGACTCGCGGGAGACTGCCGGGGTCAACTCGGAGGAAGGTGGGGATGACGTCAAATCATCATGCCCCTTATGTCTTGGGCTTCACGCATGCTACAATGGCCGGTACAGAGGGCTGCGATACCGTGAGGTGGAGCGAATCCCTTAAAGCCGGTCTCAGTTCGGATCGGTGTCTGCAACTCGACACCGTGAAGTTGGAGTCGCTAGTAATCGCAGATCAGCAACGCTGCGGTGAATA
>sq88;size=85;
CTCGTGTCGTGAGATGTTGGGTTAAGTCCCGCAACGAGCGCAACCCCTTTCGTATGTTACCATCATTAAGTTGGGGACTCATGCGATACTGCCTGCGATGAGCAGGAGGAAGGTGGGGATGACGTCAAGTCATCATGCCCCTTATACGCTGGGCTACACACGTGCTACAATGGGTAGTACAGAGAGTCGCAAAGCTGTGAAGTGGAGCTAATCTCAGAAAACTATTCTTAGTTCGGATTGTACTCTGCAACTCGAGTACATGAAGTTGGAATCGCTAGTAATCGCGAATCAGCAATGTCGCGGTGAATA
>sq89;size=84;
CTCGTGTCGTGAGATGTTGGGTTAAGTCCCGCAACGAGCGCAACCCCTATCTTATGTTGCCAGCACTTTGGGTGGGAACTCATGAGAGACTGCCGCAGACAATGCGGAGGAAGGCGGGGATGACGTCAAATCATCATGCCCCTTATGACCTGGGCTACACACGTACTACAATGGGAGTTAATAGACGGAAGCGAGATCGCGAGATGGAGCAAACCCGAGAAACACTCTCTCAGTTCGGATCGTAGGCTGCAACTCGCCTACGTGAAGTCGGAATCGCTAGTAATCGCAGGTCAGCATACTGCGGTGAATA
>sq90;size=80;
CTCGTGTCGTGAGATGTTGGGTTAAGTCCCGCAACGAGCGCAACCCTCGCCATTAGTTGCCATCATTTAGTTGGGAACTCTAATGGGACTGCCGATGCTAAGCCGGAGGAAGGTAGGGATGACGTCAAGTCCTCATGGCCCTTACAGGGTGGGCTACACACGTGCTACAATGGCGACTACAGAGGGTTAATCCTTAAAAGTCGTCTCAGTTCGGATTGTCCTCTGCAACTCGAGGGCATGAAGTTGGAATCGCTAGTAATCGCGGATCAGCATGCCGCGGTGAATA
>sq91;size=80;
CTCGTGCCGTGAGGTGTCAGGTTAAGTCCTATAACGAGCGCAACCCCTGCCATTAGTTGCTAGCGAGTAAAGTCGAGCACTCTAGTGGGACTGCCGGTGCAAACCGTGAGGAAGGTGGGGATGACGTCAAATCATCACGGCCCTTACATCTTGGGCTACACACGTGCTACAATGGTCGTTACAGAGAGCAGCCACTGCGTGAGCAGGCGCGAATCTATAAAGACGATCACAGTTCGGATCGGAGTCTGCAACTCGACTCCGTGAAGCTGGAATCGCTAGTAATCGGATATCAGCCATGATCCGGTGAATA
>sq92;size=67;
CTCGTGTCGTGAGATGTTGGGTTAAGTCCCGCAACGAGCGCAACCCTTGTCGTCAGTAGCCAGCAGTAAGATGGGCACTCTGACGAGACAGCCGGAGATAATCCGGAGGAAGGTGGGGATGACGTCAAATCATCATGCCCCTTATGATTTGGGCTACACACGTGCTACAATGGCGTAAACAAAGTGAAGCAAAGCCGCGAGGCCAAGCAAATCACAAAAATAACGTCTCAGTTCGGATTGTAGTCTGCAACTCGACTATATGAAGCTGGAATCGCTAGTAATCGCAGATCAGAATGCTGCGGTGAATA
>sq93;size=63;
CTCGTGCCGTGAGGTGTCGGCTTAAGTGCCATAACGAGCGCAACCCCATTTTCTAGTTGCCATCGGGTAATGCCGGGCACTCTGGAGATACTGCCACCGTAAGGTGTGAGGAAGGTTGGGATGACGTCAAATCAGCACGGCCCTTACGTCCGGGGCTACACACGTGTTACAATGGCGCATACAGAGTGTCGGTTGTATGTAAATGCAATCCAATCTTGAAAGTGCGTCTCAGTTCGGACTGGGGTCTGCAACCCGACCCCACGAAGCTGGATTCGCTAGTAATCGCGCATCAGCCATGGCGCGGTGAATA
>sq94;size=63;
CTCGTGTCGTGAGATGTTGGGTTAAGTCCCGCAACGAGCGCAACCCTTGTCATTAGTTGCCATCATTAAGTTGGGCACTCTAATGAGACTGCCGGTGACAAGCCGGAGGAAGGTGGGGATGACGTCAAGTCCTCATGGCCCTTATGACCAGGGCTTCACACGTCATACAATGGTCGGTACAGAGGGTAGCCAAGCCGCGAGGTGGAGCCAATCTCACAAAACCGATCGTAGTCCGGATTGCACTCTGCAACTCGAGTGCATGAAGTCGGAATCGCTAGTAATCGCAGGTCAGCATACTGCGGTGAATA
>sq95;size=61;
CTCGTGTCGTGAGATGTTGGGTTAAGTCCCGCAACGAGCGCAACCCTTAAGCTTAGTTGCCATCATTAAGTTGGGCACTCTAAGTTGACTGCCGGTGACAAACCGGAGGAAGGTGGGGATGACGTCAAATCATCATGCCCCTTATGATTTGGGCTACACACGTGCTACAATGGACAATACAAAGGGCAGCGAAACCGCGAGGTCAAGCAAATCCCATAAAGTTGTTCTCAGTTCGGATTGTAGTCTGCAACTCGACTATATGAAGCTGGAATCGCTAGTAATCGTAGATCAGCATGCTACGGTGAATA
>sq96;size=56;
CTCGTGCCGTGAGGTGTCGGCTTAAGTGCCATAACGAGCGCAACCCCCGTCTTCAGTTGCCATCGGGTTATGCCGGGCACTCTGGAGATACTGCCACCGCAAGGTGCGAGGAAGGTGGGGATGACGTCAAATCAGCACGGCCCTTACGTCCGGGGCTACACACGTGTTACAATGGCGCATACAGAGAGTCGGTGGCATGCGAATGCCATCCAATCCTCAAAGTGCGTCTCAGTTCGGACTGGGGTCTGCAACCCGACCCCACGAAGCTGGATTCGCTAGTAATCGCGCATCAGCCATGGCGCGGTGAATA
>sq97;size=56;
CTCGTGTCGTGAGATGTTGGGTTAAGTCCCGTAACGAGCGCAACCCTTGTCCTTAGTTACCAGCACGTAATGGTGGGCACTCTAAGGAGACTGCCGGTGACAAACCGGAGGAAGGTGGGGATGACGTCAAGTCATCATGGCCCTTACGGCCAGGGCTACACACGTGCTACAATGGTCGGTACAAAGGGTTGCCAAGCCGCGAGGTGGAGCTAATCCCATAAAACCGATCGTAGTCCGGATCGCAGTCTGCAACTCGACTGCGTGAAGTCGGAATCGCTAGTAATTGTGAATCAGAATGTCACGGTGAATA
>sq98;size=55;
CTCGTGTCGTGAGATGTTGGGTTAAGTCCCGCAACGAGCGCAACCCTTGTTGTTAGTTGCCATCATTAAGTTGGGCACTCTAACAAGACTGCCGGTGACAAACCGGAGGAAGGTGGGGATGACGTCAAATCATCATGCCCCTTATGTCTTGGGCTACACACGTGCTACAATGGTCGGTACAGAGGGCAGCAAGAGAGTGATCTTGAGCGAATCTCAAAAAGCCGATCCCAGTTCGGATTGTAGGCTGCAACTCGCCTACATGAAGTCGGAATCGCTAGTAATCGCAGGTCAGCATACTGCGGTGAATA
>sq99;size=53;
CTCGTGTCGTGAGATGTTGGGTTAAGTCCCGCAACGAGCGCAACCCTTGTCATTAGTTGCCATCATTCAGTTGGGCACTCTAATGAGACTGCCGGTGACAAACCGGAGGAAGGTGGGGATGACGTCAAGTCCTCATGGCCCTTATGACCAGGGCTTCACACGTCATACAATGGTCGGTACAAAGGGTAGCCAAGCCGCGAGGCGGAGCCAATCTCATAAAACCGATCGTAGTCCGGATTGCACTCTGCAACTCGAGTGCATGAAGTCGGAATCGCTAGTAATCGCAGGTCAGCATACTGCGGTGAATA
>sq100;size=53;
CTCGTGTCGTGAGATGTTGGGTTAAGTCCCGCAACGAGCGCAACCCTCGTTCCATGTTGCCAGCACGTAGTGGTGGGGACTCATGGGAGACTGCCGGGGTCAACTCGGAGGAAGGTGGGGACGACGTCAAATCATCATGCCCCTTATGTCTTGGGCTTCACGCATGCTACAATGGCCGGTACAATGGGTTGCGATACTGTGAGGTGGAGCTAATCCCAAAAAGCCGGTCTCAGTTCGGATTGGGGTCTGCAACTCGACCCCATGAAGTCGGAGTCGCTAGTAATCGCAGATCAGCAACGCTGCGGTGAATA
>sq101;size=50;
CTCGTGCCGTGAGGTGTCGGCTTAAGTGCCATAACGAGCGCAACCCCTGTCTTCAGTTGCCATCAGGTAATGCTGGGCACTCTGTAGATACTGCCACCGTAAGGTGTGAGGAAGGTGGGGATGACGTCAAATCAGCACGGCCCTTACGTCCGGGGCTACACACGTGTTACAATGGGGGGTACAGCGAGTTGGATGCCCGCAAGGTCATTCTAATCAATAAAGCCTCCCTCAGTTCGGACTGGGGTCTGCAACCCGACCCCACGAAGCTGGATTCGCTAGTAATCGCGCATCAGCCATGGCGCGGTGAATA
>sq102;size=47;
CTCGTGTCGTGAGATGTTGGGTTAAGTCCCGCAACGAGCGCAACCCTTGTCTCGTGTTGCCAGCACGTTGTGGTGGGGACTCGCGGGAGACTGCCGGGGTTAACTCGGAGGAAGGTGGGGATGACGTCAAATCATCATGCCCCTTATGTCTTGGGCTTCACGCATGCTACAATGGCCGGTACAGTGGGTTGCGATGCTGTGAGGCGGAGCGAATCCCTGAAAGCCGGTCTCAGTTCGGATCGGTGTCTGCAACTCGACACCGTGAAGTTGGAGTCGCTAGTAATCGCAGATCAGCAGCGCTGCGGTGAATA
>sq103;size=40;
CTCGTGTCGTGAGATGTTGGGTTAAGTCCCGCAACGAGCGCAACCCCTATCGCTAGTTGCCATCATTAAGTTGGGGACTCTAGCGAGACTGCCTGCGAAGAGCAGGAGGAAGGTGGGGATGACGTCAAGTCATCATGCCCCTTATGATCTGGGCTACACACGTGCTACAATGGCCGGTACAAAGAGCTGCAAAACGGTAACGTTTAGCCAATCTTTAAAGCCGGTCCAAGTTCGGATTGAAGTCTGCAACTCGACTTCATGAAGCCGGAATCGCTAGTAATCGCAGATCAGCAATGCTGCGGTGAATA
>sq104;size=39;
CTCGTGCCGTGAGGTGTTGGGTTAAGTCCCGCAACGAGCGCAACCCCTACTGCCAGTTACTAACAGGTAAAGCTTGAGGACTCTGGCGGAACTGCCGATGACAAATCGGAGGAAGGTGGGGATGACGTCAAGTCATCATGGCCCTTATGTCCAGGGCTACACACGTGCTACAATGGTTGCTACAAAGCGACGCGAGACCGTAAGGTGGAGCAAACCGCAAAAAAGCAATCGTAGTTCGGATTGAAGTCTGAAACTCGACTTCATGAAGTTGGAATCGCTAGTAATCGCGCATCAGCACGGCGCGGTGAATA
>sq105;size=39;
CTCGTGTCGTGAGATGTTGGGTTAAGTCCCGCAACGAGCGCAACCCTTGTCCTTAGTTGCTACGCAAGAGCACTCTAAGGAGACTGCCGGTGACAAACCGGAGGAAGGTGGGGATGACGTCAAGTCCTCATGGCCCTTATGGGTAGGGCTTCACACGTCATACAATGGTCGGAACAGAGGGTTGCCAACCCGCGAGGGGGAGCTAATCCCAGAAAACCGATCGTAGTCCGGATTGCACTCTGCAACTCGAGTGCATGAAGCTGGAATCGCTAGTAATCGCGGATCAGCATGCCGCGGTGAATA
>sq106;size=36;
CTCGTGTCGTGAGATGTTGGGTTAAGTCCCGCAACGAGCGCAACCCTTATATCTAGTTGCCAGCAGTAAGATGGGGACTCTAGATAGACTGCCAGTGATAAACTGGAGGAAGGTGGGGATGACGTCAAATCATCATGCCCCTTATGACTTGGGCTACACACGTGCTACAATGGATAGGAACAAAGAGAAGCGAGCTCGCGAGAGTCAGCCAACCTCATAAAACTATTCTCAGTTCGGATTGTAGTCTGCAACTCGACTACATGAAGCTGGAATCGCTAGTAATCGCGAATCAGAATGTCGCGGTGAATA
>sq107;size=35;
CTCGTGTTGTGAAATGTTGGGTTAAGTCCCGCAACGAGCGCAACCCTTATCCTTTGTTGCCAGCGATTCGGTCGGGAACTCAAAGGAGACTGCCGGTGATAAACCGGAGGAAGGTGGGGATGACGTCAAGTCATCATGGCCCTTACGAGTAGGGCTACACACGTGCTACAATGGCGTATACAGAGGGTGACGAAGCCGCGAGGTGGAGTGAATCTCAGAAAGTACGTCTAAGTCCGGATTGGAGTCTGCAACTCGACTCCATGAAGTCGGAATCGCTAGTAATCGCGAATCAGAATGTCGCGGTGAATA
>sq108;size=32;
CTCGTGCCGTGAGGTGTTGGGTTAAGTCCCGCAACGAGCGCAACCCCTACTGCCAGTTACTAACAGGTAAAGCTTGAGGACTCTGGCGGAACTGCCGATGACAAATCGGAGGAAGGTGGGGATGACGTCAAGTCATCATGGCCCTTATGTCCAGGGCTACACACGTGCTACAATGGTTGCTACAAAGCGAAGCGAGGCCGTAAGGCGGAGCAAACCGCAAAAAAGCAATCGTAGTTCGGATTGAAGTCTGAAACTCGACTTCATGAAGTTGGAATCGCTAGTAATCGCGCATCAGCACGGCGCGGTGAATA
>sq109;size=29;
CTCGTGTCGTGAGATGTTGGGTTAAGTCCCGCAACGAGCGCAACCCTTGCCACTAATTGCCATCATTTAGTTGGGCACTTTAGTGGGACTGCCGGTGACAAACCGGAGGAAGGTGGGGATGACGTCAAGTCCTCATGGCCCTTATGACCAGGGCTTCACACGTCATACAATGGTCGGTTCAGAGGGTAGCCAAGTCGCGAGGCGGAGCCAATCCCAGAAAGCCGATCGTAGTCCGGATTGCAGTCTGCAACTCGACTGCATGAAGTCGGAATCGCTAGTAATCGCGGATCAGCATGTCGCGGTGAATA
>sq110;size=24;
CTCGTGTCGTGAGATGTTGGGTTAAGTCCCGCAACGAGCGCAACCCCTATCTTATGTTGCCAGCACGTTATGGTGGGAACTCATGAGAGACTGCCGCAGACAATGCGGAGGAAGGCGGGGATGACGTCAAATCATCATGCCCCTTATGACCTGGGCTACACACGTACTACAATGGGAGTTAATAGACGGAAGCGAAACCGCGAGGTGGAGCAAACCCGAGAAACACTCTCTCAGTTCGGATCGTAGGCTGCAACTCGCCTACGTGAAGTCGGAATCGCTAGTAATCGCAGGTCAGCATACTGCGGTGAATA
>sq111;size=23;
CTCGTGCCGTGAGGTGTCGGCTTAAGTGCCATAACGAGCGCAACCCCCGTCTTCAGTTGCCATCGGATGATGCCGGGCACTCTGGAGATACTGCCACCGCAAGGTGTGAGGAAGGTGGGGATGACGTCAAATCAGCACGGCCCTTACGTCCGGGGCTACACACGTGTTACAATGGCGCATACAGAGAGTAGGTGGCATGCGAATGCCATCCAATCCTTAAAGTGCGTCTCAGTTCGGACTGGGGTCTGCAACCCGACCCCACGAAGCTGGATTCGCTAGTAATCGCGCATCAGCCATGGCGCGGTGAATA
>sq112;size=23;
CTCGTGTCGTGAGATGTTAGGTTAAGTCCTTCAACGAGCGCAACCCTTGCAAGTAGTTGTATTTTTCTACTTGGACTGCCCCGGTAACGGGGAGGAAGGAGGGGATGATGTCAGGTCAGTATTTCCCTTACGTCCTGGGCTAGAAACGTAATACAATGGCTAGTACAATGCGCAGCGAAGCCGCGAGGTGAAGCAAATCGCATCAAAGCTAGTCCCAGTTCGGATTGGAGGCTGAAACTCGCCTCCATGAAGTCGGAATCGCTAGTAATCGCAAATCAGCAAGTTGCGGTGAATA
>sq113;size=16;
CTCGTGCCGTGAGGTGTTAGGTTAAGTCCTGCAACGAGCGCAACCCCTGTCACTAGTTGCTAACATTTAGTTGAGGACTCTAGTGAGACTGCCTACGCAAGTAGAGAGGAAGGTGGGGATGACGTCAAATCATCACGGCCCTTACGTCTTGGGCCACACACGTAATACAATGGCCGGTACAGAGGGCAGCTACCAGGTGACTGGATGCAAATCTCGAAAGCCGGTCTCAGTTCGGATTGGAGTCTGCAACTCGACTCTATGAAGCTGGAATCGCTAGTAATCGCGAATCAGCCATGGCGCGGTGAATA
>sq114;size=15;
CTCGTGCCGTGAGGTGTCGGCTTAAGTGCCATAACGAGCGCAACCCTTTTCCTTGGTTGCCATCAGGTAATGCTGGGCACTCCATGGATACTGCCATCGTAAGATGTGAGGAAGGTGGGGATGACGTCAAATCAGCACGGCCCTTACGTCCGGGGCTACACACGTGTTACAATGGGAGGTACAGAAGGTCGCTACCTAGTGATAGGATGCTAATCTTAAAAACCTCTCTCAGTTCGGATTGGAGTCTGCAACCCGACTCCATGAAGCTGGATTCGCTAGTAATCGCGCATCAGCCATGGCGCGGTGAATA
>sq115;size=14;
CTCGTGTCGTGAGATGTTGGGTTAAGTCCCGCAACGAGCGCAACCCTTGTCTTATGTTGCCAGCATTTGGTTGGGGACTCATGAGAGACTGCCGGGGTTAACTCGGAGGAAGGTGGGGATGACGTCAAATCATCATGCCCCTTATGTCCAGGGCTTCACACATGCTACAATGGTCGGTACAATGCGCTGCGACACTGTGAGGTGGAGCGAATCGCTGAAAGCCGGTCTTAGTTCGGATTGGGGTCTGCAACTCGACCCCATGAAGTCGGAGTCGCTAGTAATCGCAGATCAGCAATGCTGCGGTGAATA
>sq116;size=14;
CTCGTGTCGTGAGATGTTCGGTTAAGTCCGGCAACGAGCGCAACCCACGTCCCCAGTTGCCAGCATTCAGTTGGGCACTCTGTGGAAACTGCCGGTGATAAGCCGGAGGAAGGTGTGGATGACGTCAAGTCCTCATGGCCCTTACGGGTTGGGCTACACACGTGCTACAATGGTGGTGACAGTGGGTTAATCCCCAAAAGCCATCTCAGTTCGGATTGGGGTCTGCAACTCGACCCCATGAAGTTGGAATCGCTAGTAATCGCGGAACAGCACGCCGCGGTGAATA
>sq117;size=12;
CTCGTGTCGTGAGATGTTGGGTTAAGTCCCGCAACGAGCGCAACCCCTATCGTTAGTTGCCATCATTAAGTTGGGGACTCTGGCGAGACTGCCTGCGAAGAGCAGGAGGAAGGTGGGGATGACGTCAAGTCATCATGCCCCTTATGATCTGGGCTACACACGTGCTACAATGGCCGGTACAGAGAGCTGCAAGGCGGCAACGCCAAGCGAATCTTTAAAGCTGGTCCAAGTTCGGATTGAAGTCTGCAACTCGACTTCATGAAGCTGGAATCGCTAGTAATCGCAGATCAGCAATGCTGCGGTGAATA
>sq118;size=11;
CTCGTGTCGTGAGATGTTTGGTCAAGTCCTGCAACGAGCGCAACCCCTATCTTTAGTTACTAACGAGTCATGTCGAGGACTCTAGAGATACTGCCTGGGTAACTGGGAGGAAGGTGGGGATGACGTCAAATCATCATGCCTCTTACGAGTGGGGCAACACACGTGCTACAATGGTCGGTACAAAGAGACGCAATACGGTGACGTGGAGCAAATCTCAAAAAGCCGATCTCAGTTCGGATTGAAGTCTGCAATTCGACTTCATGAAGTCGGAATCGCTAGTAATCGCAGATCAGCTATGCTGCGGTGAATA
>sq119;size=9;
CTCGTGCCGTGAGGTGTTGGGTTAAGTCCCGCAACGAGCGCAACCCCTACTGCCAGTTACTAACAGGTGAAGCTGAGGACTCTGGCGGAACTGCCGGTGACAAACCGGAGGAAGGTGGGGATGACGTCAAGTCATCATGGCCCTTATGTCCAGGACTACACACGTGCTACAATGGTAGGAACAAAGTGAAGCGAAGCTGCAAAGCGGAGCAAAACGCAAAAAAGCTATCGTAGTTCGGATTGGAGTCTGAAACTCGACTCCATGAAGTTGGAATCGCTAGTAATCGCATATCAGCACGATGCGGTGAATA
>sq120;size=9;
CTCGTGTCGTGAGATGTTGGGTTAAGTCCCGCAACGAGCGCAACCCTTGTCTTATGTTGCCAGCACATTTTTGGTGGGGACTCATGAGAAACTGCCGGGGTCAACTCGGAGGAAGGTGGGGATGACGTCAAATCATCATGCCCTTTATACCCAGGGCTTCACACATGCTACAATGGTCGGTACAACGGGTTGCGACACTGTGAAGTGAAGCTAATCTCTTAAAGCCGGCCTCAGTTCGGATTGGGGTCTGCAACTCGACCCCATGAAGTCGGAGTCGCTAGTAATCGCAGATCAGCAACGCTGCGGTGAATA
>sq121;size=1;
CTCGTGTCGTGAGATGTTGGGTTAAGTCCCGCAACGAGCGCAACCCCTGTTCTTTGTTGCCATCACGTTATGGTGGGCACTCAAAGGAGACTGCCGCGGAGAACGCGGAGGAAGGCGGGGATGACGTCAAGTCATCATGCCCCTTATGGTCTGGGCTACACACGTACTACAATGGAACGGACAGAGAGCAGCGAACCCGCGAGGGCAAGCGAACCTCAAAAACCGTTTCCCAGTTCGGATTGCAGGCTGCAACTTGCCTGCATGAAGTCGGAATCGCTAGTAATCGCAGGTCAGCATACTGCGGTGAATA
